Archive member included because of file (symbol)

../../ArduinoCore/Debug - 328P\libArduino.a(Ethernet.o)
                              main.o (EthernetClass::begin(unsigned char*))
../../ArduinoCore/Debug - 328P\libArduino.a(EthernetUdp.o)
                              main.o (EthernetUDP::read(unsigned char*, unsigned int))
../../ArduinoCore/Debug - 328P\libArduino.a(socket.o)
                              ../../ArduinoCore/Debug - 328P\libArduino.a(EthernetUdp.o) (close(unsigned char))
../../ArduinoCore/Debug - 328P\libArduino.a(w5100.o)
                              ../../ArduinoCore/Debug - 328P\libArduino.a(socket.o) (W5100Class::write(unsigned int, unsigned char))
../../ArduinoCore/Debug - 328P\libArduino.a(HardwareSerial.o)
                              main.o (Serial)
../../ArduinoCore/Debug - 328P\libArduino.a(IPAddress.o)
                              main.o (vtable for IPAddress)
../../ArduinoCore/Debug - 328P\libArduino.a(new.o)
                              main.o (operator new(unsigned int))
../../ArduinoCore/Debug - 328P\libArduino.a(Print.o)
                              ../../ArduinoCore/Debug - 328P\libArduino.a(EthernetUdp.o) (Print::write(unsigned char const*, unsigned int))
../../ArduinoCore/Debug - 328P\libArduino.a(SPI.o)
                              ../../ArduinoCore/Debug - 328P\libArduino.a(w5100.o) (SPIClass::begin())
../../ArduinoCore/Debug - 328P\libArduino.a(wiring.o)
                              main.o (millis)
../../ArduinoCore/Debug - 328P\libArduino.a(wiring_digital.o)
                              ../../ArduinoCore/Debug - 328P\libArduino.a(SPI.o) (pinMode)
../../ArduinoCore/Debug - 328P\libArduino.a(WString.o)
                              ../../ArduinoCore/Debug - 328P\libArduino.a(Print.o) (String::operator[](unsigned int) const)
../../ArduinoCore/Debug - 328P\libArduino.a(Dhcp.o)
                              ../../ArduinoCore/Debug - 328P\libArduino.a(Ethernet.o) (DhcpClass::getLocalIp())
../../ArduinoCore/Debug - 328P\libArduino.a(Dns.o)
                              ../../ArduinoCore/Debug - 328P\libArduino.a(EthernetUdp.o) (DNSClient::begin(IPAddress const&))
../../ArduinoCore/Debug - 328P\libArduino.a(WMath.o)
                              ../../ArduinoCore/Debug - 328P\libArduino.a(Dhcp.o) (random(long, long))
../../ScoeComms/Debug - 328P\libScoeComms.a(RobotModel.o)
                              main.o (RobotModel::update(unsigned char*, unsigned int, unsigned int))
../../ScoeComms/Debug - 328P\libScoeComms.a(RslModelSection.o)
                              main.o (RslModelSection::RslModelSection())
../../ScoeComms/Debug - 328P\libScoeComms.a(ByteReader.o)
                              ../../ScoeComms/Debug - 328P\libScoeComms.a(RobotModel.o) (readUInt16(unsigned char*, unsigned int*))
../../ScoeComms/Debug - 328P\libScoeComms.a(ByteWriter.o)
                              ../../ScoeComms/Debug - 328P\libScoeComms.a(RobotModel.o) (writeUInt16(unsigned char*, unsigned short, unsigned int))
../../ScoeComms/Debug - 328P\libScoeComms.a(RobotModelSection.o)
                              ../../ScoeComms/Debug - 328P\libScoeComms.a(RslModelSection.o) (RobotModelSection::loop(bool))
c:/program files (x86)/atmel/atmel studio 6.0/extensions/atmel/avrgcc/3.4.0.65/avrtoolchain/bin/../lib/gcc/avr/4.6.2/../../../../avr/lib/avr5\libm.a(addsf3.o)
                              ../../ArduinoCore/Debug - 328P\libArduino.a(Print.o) (__subsf3)
c:/program files (x86)/atmel/atmel studio 6.0/extensions/atmel/avrgcc/3.4.0.65/avrtoolchain/bin/../lib/gcc/avr/4.6.2/../../../../avr/lib/avr5\libm.a(addsf3x.o)
                              c:/program files (x86)/atmel/atmel studio 6.0/extensions/atmel/avrgcc/3.4.0.65/avrtoolchain/bin/../lib/gcc/avr/4.6.2/../../../../avr/lib/avr5\libm.a(addsf3.o) (__addsf3x)
c:/program files (x86)/atmel/atmel studio 6.0/extensions/atmel/avrgcc/3.4.0.65/avrtoolchain/bin/../lib/gcc/avr/4.6.2/../../../../avr/lib/avr5\libm.a(cmpsf2.o)
                              ../../ArduinoCore/Debug - 328P\libArduino.a(Print.o) (__ltsf2)
c:/program files (x86)/atmel/atmel studio 6.0/extensions/atmel/avrgcc/3.4.0.65/avrtoolchain/bin/../lib/gcc/avr/4.6.2/../../../../avr/lib/avr5\libm.a(divsf3.o)
                              ../../ArduinoCore/Debug - 328P\libArduino.a(Print.o) (__divsf3)
c:/program files (x86)/atmel/atmel studio 6.0/extensions/atmel/avrgcc/3.4.0.65/avrtoolchain/bin/../lib/gcc/avr/4.6.2/../../../../avr/lib/avr5\libm.a(divsf3x.o)
                              c:/program files (x86)/atmel/atmel studio 6.0/extensions/atmel/avrgcc/3.4.0.65/avrtoolchain/bin/../lib/gcc/avr/4.6.2/../../../../avr/lib/avr5\libm.a(divsf3.o) (__divsf3x)
c:/program files (x86)/atmel/atmel studio 6.0/extensions/atmel/avrgcc/3.4.0.65/avrtoolchain/bin/../lib/gcc/avr/4.6.2/../../../../avr/lib/avr5\libm.a(fixsfsi.o)
                              ../../ArduinoCore/Debug - 328P\libArduino.a(Print.o) (__fixsfsi)
[...]
Memory Configuration

Name             Origin             Length             Attributes
text             0x00000000         0x00020000         xr
data             0x00800060         0x0000ffa0         rw !x
eeprom           0x00810000         0x00010000         rw !x
fuse             0x00820000         0x00000400         rw !x
lock             0x00830000         0x00000400         rw !x
signature        0x00840000         0x00000400         rw !x
*default*        0x00000000         0xffffffff

Linker script and memory map

Address of section .data set to 0x800100
LOAD c:/program files (x86)/atmel/atmel studio 6.0/extensions/atmel/avrgcc/3.4.0.65/avrtoolchain/bin/../lib/gcc/avr/4.6.2/../../../../avr/lib/avr5/crtm328p.o
LOAD main.o
START GROUP
LOAD c:/program files (x86)/atmel/atmel studio 6.0/extensions/atmel/avrgcc/3.4.0.65/avrtoolchain/bin/../lib/gcc/avr/4.6.2/../../../../avr/lib/avr5\libm.a
LOAD ../../ArduinoCore/Debug - 328P\libArduino.a
LOAD ../../ScoeComms/Debug - 328P\libScoeComms.a
END GROUP
LOAD c:/program files (x86)/atmel/atmel studio 6.0/extensions/atmel/avrgcc/3.4.0.65/avrtoolchain/bin/../lib/gcc/avr/4.6.2/avr5\libgcc.a
LOAD c:/program files (x86)/atmel/atmel studio 6.0/extensions/atmel/avrgcc/3.4.0.65/avrtoolchain/bin/../lib/gcc/avr/4.6.2/../../../../avr/lib/avr5\libm.a
LOAD c:/program files (x86)/atmel/atmel studio 6.0/extensions/atmel/avrgcc/3.4.0.65/avrtoolchain/bin/../lib/gcc/avr/4.6.2/avr5\libgcc.a
LOAD c:/program files (x86)/atmel/atmel studio 6.0/extensions/atmel/avrgcc/3.4.0.65/avrtoolchain/bin/../lib/gcc/avr/4.6.2/../../../../avr/lib/avr5\libc.a
LOAD c:/program files (x86)/atmel/atmel studio 6.0/extensions/atmel/avrgcc/3.4.0.65/avrtoolchain/bin/../lib/gcc/avr/4.6.2/avr5\libgcc.a

.hash
 *(.hash)

.dynsym
 *(.dynsym)

.dynstr
 *(.dynstr)

.gnu.version
 *(.gnu.version)

.gnu.version_d
 *(.gnu.version_d)

.gnu.version_r
 *(.gnu.version_r)

.rel.init
 *(.rel.init)

.rela.init
 *(.rela.init)

.rel.text
 *(.rel.text)
 *(.rel.text.*)
 *(.rel.gnu.linkonce.t*)

.rela.text
 *(.rela.text)
 *(.rela.text.*)
 *(.rela.gnu.linkonce.t*)

.rel.fini
 *(.rel.fini)

.rela.fini
 *(.rela.fini)

.rel.rodata
 *(.rel.rodata)
 *(.rel.rodata.*)
 *(.rel.gnu.linkonce.r*)

.rela.rodata
 *(.rela.rodata)
 *(.rela.rodata.*)
 *(.rela.gnu.linkonce.r*)

.rel.data
 *(.rel.data)
 *(.rel.data.*)
 *(.rel.gnu.linkonce.d*)

.rela.data
 *(.rela.data)
 *(.rela.data.*)
 *(.rela.gnu.linkonce.d*)

.rel.ctors
 *(.rel.ctors)

.rela.ctors
 *(.rela.ctors)

.rel.dtors
 *(.rel.dtors)

.rela.dtors
 *(.rela.dtors)

.rel.got
 *(.rel.got)

.rela.got
 *(.rela.got)

.rel.bss
 *(.rel.bss)

.rela.bss
 *(.rela.bss)

.rel.plt
 *(.rel.plt)

.rela.plt
 *(.rela.plt)

.text           0x00000000     0x70ce
 *(.vectors)
 .vectors       0x00000000       0x68 c:/program files (x86)/atmel/atmel studio 6.0/extensions/atmel/avrgcc/3.4.0.65/avrtoolchain/bin/../lib/gcc/avr/4.6.2/../../../../avr/lib/avr5/crtm328p.o
                0x00000000                __vector_default
                0x00000000                __vectors
 *(.vectors)
 *(.progmem.gcc*)
 *(.progmem*)
 .progmem.data  0x00000068       0x5a ../../ArduinoCore/Debug - 328P\libArduino.a(wiring_digital.o)
                0x00000068                digital_pin_to_timer_PGM
                0x0000007c                digital_pin_to_bit_mask_PGM
                0x00000090                digital_pin_to_port_PGM
                0x000000a4                port_to_input_PGM
                0x000000ae                port_to_output_PGM
                0x000000b8                port_to_mode_PGM
                0x000000c2                . = ALIGN (0x2)
                0x000000c2                __trampolines_start = .
 *(.trampolines)
 .trampolines   0x000000c2        0x0 linker stubs
 *(.trampolines*)
                0x000000c2                __trampolines_end = .
 *(.jumptables)
 *(.jumptables*)
 *(.lowtext)
 *(.lowtext*)
                0x000000c2                __ctors_start = .
 *(.ctors)
 .ctors         0x000000c2        0x2 main.o
 .ctors         0x000000c4        0x2 ../../ArduinoCore/Debug - 328P\libArduino.a(Ethernet.o)
 .ctors         0x000000c6        0x2 ../../ArduinoCore/Debug - 328P\libArduino.a(EthernetUdp.o)
 .ctors         0x000000c8        0x2 ../../ArduinoCore/Debug - 328P\libArduino.a(HardwareSerial.o)
 .ctors         0x000000ca        0x2 ../../ArduinoCore/Debug - 328P\libArduino.a(IPAddress.o)
 .ctors         0x000000cc        0x2 ../../ArduinoCore/Debug - 328P\libArduino.a(Dhcp.o)
 .ctors         0x000000ce        0x2 ../../ArduinoCore/Debug - 328P\libArduino.a(Dns.o)
                0x000000d0                __ctors_end = .
                0x000000d0                __dtors_start = .
 *(.dtors)
                0x000000d0                __dtors_end = .
 SORT(*)(.ctors)
 SORT(*)(.dtors)
 *(.init0)
 .init0         0x000000d0        0x0 c:/program files (x86)/atmel/atmel studio 6.0/extensions/atmel/avrgcc/3.4.0.65/avrtoolchain/bin/../lib/gcc/avr/4.6.2/../../../../avr/lib/avr5/crtm328p.o
                0x000000d0                __init
 *(.init0)
 *(.init1)
 *(.init1)
 *(.init2)
 .init2         0x000000d0        0xc c:/program files (x86)/atmel/atmel studio 6.0/extensions/atmel/avrgcc/3.4.0.65/avrtoolchain/bin/../lib/gcc/avr/4.6.2/../../../../avr/lib/avr5/crtm328p.o
 *(.init2)
 *(.init3)
 *(.init3)
 *(.init4)
 .init4         0x000000dc       0x16 c:/program files (x86)/atmel/atmel studio 6.0/extensions/atmel/avrgcc/3.4.0.65/avrtoolchain/bin/../lib/gcc/avr/4.6.2/avr5\libgcc.a(_copy_data.o)
                0x000000dc                __do_copy_data
 .init4         0x000000f2       0x10 c:/program files (x86)/atmel/atmel studio 6.0/extensions/atmel/avrgcc/3.4.0.65/avrtoolchain/bin/../lib/gcc/avr/4.6.2/avr5\libgcc.a(_clear_bss.o)
                0x000000f2                __do_clear_bss
 *(.init4)
 *(.init5)
 *(.init5)
 *(.init6)
 .init6         0x00000102       0x16 c:/program files (x86)/atmel/atmel studio 6.0/extensions/atmel/avrgcc/3.4.0.65/avrtoolchain/bin/../lib/gcc/avr/4.6.2/avr5\libgcc.a(_ctors.o)
                0x00000102                __do_global_ctors
 *(.init6)
 *(.init7)
 *(.init7)
 *(.init8)
 *(.init8)
 *(.init9)
 .init9         0x00000118        0x8 c:/program files (x86)/atmel/atmel studio 6.0/extensions/atmel/avrgcc/3.4.0.65/avrtoolchain/bin/../lib/gcc/avr/4.6.2/../../../../avr/lib/avr5/crtm328p.o
 *(.init9)
 *(.text)
 .text          0x00000120        0x4 c:/program files (x86)/atmel/atmel studio 6.0/extensions/atmel/avrgcc/3.4.0.65/avrtoolchain/bin/../lib/gcc/avr/4.6.2/../../../../avr/lib/avr5/crtm328p.o
                0x00000120                __vector_22
                0x00000120                __vector_1
                0x00000120                __vector_24
                0x00000120                __vector_12
                0x00000120                __bad_interrupt
                0x00000120                __vector_6
                0x00000120                __vector_3
                0x00000120                __vector_23
                0x00000120                __vector_25
                0x00000120                __vector_11
                0x00000120                __vector_13
                0x00000120                __vector_17
                0x00000120                __vector_7
                0x00000120                __vector_5
                0x00000120                __vector_4
                0x00000120                __vector_9
                0x00000120                __vector_2
                0x00000120                __vector_21
                0x00000120                __vector_15
                0x00000120                __vector_8
                0x00000120                __vector_14
                0x00000120                __vector_10
                0x00000120                __vector_20
 .text          0x00000124      0x2b4 main.o
                0x00000124                setup
                0x000001b4                loop
                0x00000392                main
 .text          0x000003d8      0x576 ../../ArduinoCore/Debug - 328P\libArduino.a(Ethernet.o)
                0x000003d8                EthernetClass::begin(unsigned char*)
                0x0000052c                EthernetClass::begin(unsigned char*, IPAddress, IPAddress, IPAddress, IPAddress)
                0x000005c6                EthernetClass::begin(unsigned char*, IPAddress, IPAddress, IPAddress)
                0x000006b2                EthernetClass::begin(unsigned char*, IPAddress, IPAddress)
                0x00000752                EthernetClass::begin(unsigned char*, IPAddress)
                0x000007c2                EthernetClass::maintain()
                0x000008a4                EthernetClass::localIP()
                0x000008c8                EthernetClass::subnetMask()
                0x000008ec                EthernetClass::gatewayIP()
                0x00000910                EthernetClass::dnsServerIP()
 .text          0x0000094e      0x446 ../../ArduinoCore/Debug - 328P\libArduino.a(EthernetUdp.o)
                0x0000094e                EthernetUDP::read(char*, unsigned int)
                0x0000095e                EthernetUDP::remoteIP()
                0x0000097e                EthernetUDP::remotePort()
                0x00000986                EthernetUDP::available()
                0x0000098e                EthernetUDP::write(unsigned char)
                0x000009ba                EthernetUDP::flush()
                0x00000a44                EthernetUDP::peek()
                0x00000a76                EthernetUDP::read(unsigned char*, unsigned int)
                0x00000ac2                EthernetUDP::read()
                0x00000b1a                EthernetUDP::parsePacket()
                0x00000bb4                EthernetUDP::write(unsigned char const*, unsigned int)
                0x00000bde                EthernetUDP::endPacket()
                0x00000be8                EthernetUDP::beginPacket(IPAddress, unsigned int)
                0x00000bfa                EthernetUDP::stop()
                0x00000c24                EthernetUDP::begin(unsigned int)
                0x00000c96                EthernetUDP::EthernetUDP()
                0x00000c96                EthernetUDP::EthernetUDP()
                0x00000cc2                EthernetUDP::beginPacket(char const*, unsigned int)
 .text          0x00000d94      0x83c ../../ArduinoCore/Debug - 328P\libArduino.a(socket.o)
                0x00000d94                close(unsigned char)
                0x00000dc2                socket(unsigned char, unsigned char, unsigned int, unsigned char)
                0x00000e5e                listen(unsigned char)
                0x00000e8a                connect(unsigned char, unsigned char*, unsigned int)
                0x00000f22                disconnect(unsigned char)
                0x00000f30                send(unsigned char, unsigned char const*, unsigned int)
                0x00001012                recv(unsigned char, unsigned char*, int)
                0x000010a8                peek(unsigned char, unsigned char*)
                0x000010c6                sendto(unsigned char, unsigned char const*, unsigned int, unsigned char*, unsigned int)
                0x000011c2                recvfrom(unsigned char, unsigned char*, unsigned int, unsigned char*, unsigned int*)
                0x00001400                igmpsend(unsigned char, unsigned char const*, unsigned int)
                0x000014a2                bufferData(unsigned char, unsigned int, unsigned char const*, unsigned int)
                0x0000150a                startUDP(unsigned char, unsigned char*, unsigned int)
                0x0000157a                sendUDP(unsigned char)
 .text          0x000015d0      0x554 ../../ArduinoCore/Debug - 328P\libArduino.a(w5100.o)
                0x000015d0                W5100Class::write(unsigned int, unsigned char)
                0x00001602                W5100Class::init()
                0x0000167e                W5100Class::write(unsigned int, unsigned char const*, unsigned int)
                0x000016cc                W5100Class::read(unsigned int)
                0x000016fc                W5100Class::getTXFreeSize(unsigned char)
                0x00001798                W5100Class::getRXReceivedSize(unsigned char)
                0x00001836                W5100Class::send_data_processing_offset(unsigned char, unsigned int, unsigned char const*, unsigned int)
                0x0000194c                W5100Class::send_data_processing(unsigned char, unsigned char const*, unsigned int)
                0x00001964                W5100Class::read(unsigned int, unsigned char*, unsigned int)
                0x000019b2                W5100Class::read_data(unsigned char, unsigned char volatile*, unsigned char volatile*, unsigned int)
                0x00001a4e                W5100Class::recv_data_processing(unsigned char, unsigned char*, unsigned int, unsigned char)
                0x00001afe                W5100Class::execCmdSn(unsigned char, SockCMD)
 .text          0x00001b24      0x5a4 ../../ArduinoCore/Debug - 328P\libArduino.a(HardwareSerial.o)
                0x00001b24                HardwareSerial::available()
                0x00001b48                HardwareSerial::peek()
                0x00001b84                HardwareSerial::read()
                0x00001bd4                HardwareSerial::flush()
                0x00001bfa                HardwareSerial::write(unsigned char)
                0x00001c74                serialEvent()
                0x00001c76                __vector_18
                0x00001cdc                serialEventRun()
                0x00001cee                __vector_19
                0x00001d64                HardwareSerial::HardwareSerial(ring_buffer*, ring_buffer*, unsigned char volatile*, unsigned char volatile*, unsigned char volatile*, unsigned char volatile*, unsigned char volatile*, unsigned char, unsigned char, unsigned char, unsigned char, unsigned char)
                0x00001d64                HardwareSerial::HardwareSerial(ring_buffer*, ring_buffer*, unsigned char volatile*, unsigned char volatile*, unsigned char volatile*, unsigned char volatile*, unsigned char volatile*, unsigned char, unsigned char, unsigned char, unsigned char, unsigned char)
                0x00001de2                HardwareSerial::begin(unsigned long)
                0x00001f8e                HardwareSerial::end()
                0x0000203a                HardwareSerial::operator bool()
 .text          0x000020c8      0x148 ../../ArduinoCore/Debug - 328P\libArduino.a(IPAddress.o)
                0x000020c8                IPAddress::printTo(Print&) const
                0x00002150                IPAddress::IPAddress()
                0x00002150                IPAddress::IPAddress()
                0x00002164                IPAddress::IPAddress(unsigned char, unsigned char, unsigned char, unsigned char)
                0x00002164                IPAddress::IPAddress(unsigned char, unsigned char, unsigned char, unsigned char)
                0x0000217c                IPAddress::IPAddress(unsigned long)
                0x0000217c                IPAddress::IPAddress(unsigned long)
                0x00002190                IPAddress::IPAddress(unsigned char const*)
                0x00002190                IPAddress::IPAddress(unsigned char const*)
                0x000021b6                IPAddress::operator=(unsigned char const*)
                0x000021cc                IPAddress::operator=(unsigned long)
                0x000021d8                IPAddress::operator==(unsigned char const*)
 .text          0x00002210       0x2e ../../ArduinoCore/Debug - 328P\libArduino.a(new.o)
                0x00002210                operator new(unsigned int)
                0x00002216                operator delete(void*)
                0x0000221c                __cxa_guard_acquire
                0x00002232                __cxa_guard_release
                0x0000223a                __cxa_guard_abort
                0x0000223c                __cxa_pure_virtual
 .text          0x0000223e      0x6aa ../../ArduinoCore/Debug - 328P\libArduino.a(Print.o)
                0x0000223e                Print::write(unsigned char const*, unsigned int)
                0x00002296                Print::print(__FlashStringHelper const*)
                0x000022e8                Print::print(String const&)
                0x00002364                Print::print(char const*)
                0x0000238a                Print::print(char)
                0x0000239a                Print::print(Printable const&)
                0x000023b0                Print::println()
                0x000023d8                Print::println(__FlashStringHelper const*)
                0x000023fc                Print::println(String const&)
                0x00002420                Print::println(char const*)
                0x00002444                Print::println(char)
                0x00002468                Print::println(Printable const&)
                0x0000248c                Print::printNumber(unsigned long, unsigned char)
                0x0000257c                Print::print(unsigned long, int)
                0x0000259a                Print::println(unsigned long, int)
                0x000025be                Print::print(unsigned int, int)
                0x000025cc                Print::println(unsigned int, int)
                0x000025f0                Print::print(unsigned char, int)
                0x00002600                Print::println(unsigned char, int)
                0x00002624                Print::print(long, int)
                0x0000269c                Print::println(long, int)
                0x000026c0                Print::print(int, int)
                0x000026d4                Print::println(int, int)
                0x000026f8                Print::printFloat(double, unsigned char)
                0x000028be                Print::print(double, int)
                0x000028c4                Print::println(double, int)
 .text          0x000028e8       0x88 ../../ArduinoCore/Debug - 328P\libArduino.a(SPI.o)
                0x000028e8                SPIClass::begin()
                0x00002926                SPIClass::end()
                0x0000292e                SPIClass::setBitOrder(unsigned char)
                0x00002942                SPIClass::setDataMode(unsigned char)
                0x0000294c                SPIClass::setClockDivider(unsigned char)
 .text          0x00002970      0x1e8 ../../ArduinoCore/Debug - 328P\libArduino.a(wiring.o)
                0x00002970                __vector_16
                0x00002a04                millis
                0x00002a28                micros
                0x00002a7c                delay
                0x00002ace                delayMicroseconds
                0x00002ae2                init
 .text          0x00002b58      0x182 ../../ArduinoCore/Debug - 328P\libArduino.a(wiring_digital.o)
                0x00002bb2                pinMode
                0x00002c1a                digitalWrite
                0x00002c88                digitalRead
 .text          0x00002cda     0x10b2 ../../ArduinoCore/Debug - 328P\libArduino.a(WString.o)
                0x00002cda                String::~String()
                0x00002cda                String::~String()
                0x00002ce6                String::invalidate()
                0x00002d0a                String::changeBuffer(unsigned int)
                0x00002d44                String::reserve(unsigned int)
                0x00002d88                String::copy(char const*, unsigned int)
                0x00002dcc                String::String(char const*)
                0x00002dcc                String::String(char const*)
                0x00002e14                String::operator=(String const&)
                0x00002e46                String::String(String const&)
                0x00002e46                String::String(String const&)
                0x00002e5c                String::operator=(char const*)
                0x00002e94                String::String(unsigned long, unsigned char)
                0x00002e94                String::String(unsigned long, unsigned char)
                0x00002ef0                String::String(long, unsigned char)
                0x00002ef0                String::String(long, unsigned char)
                0x00002f4c                String::String(unsigned int, unsigned char)
                0x00002f4c                String::String(unsigned int, unsigned char)
                0x00002fa6                String::String(int, unsigned char)
                0x00002fa6                String::String(int, unsigned char)
                0x00003000                String::String(unsigned char, unsigned char)
                0x00003000                String::String(unsigned char, unsigned char)
                0x0000305c                String::String(char)
                0x0000305c                String::String(char)
                0x0000308e                String::concat(char const*, unsigned int)
                0x000030f4                String::concat(String const&)
                0x00003106                String::concat(char const*)
                0x0000312c                String::concat(char)
                0x00003152                String::concat(unsigned char)
                0x000031ac                String::concat(int)
                0x00003210                String::concat(unsigned int)
                0x0000326e                String::concat(long)
                0x000032d4                String::concat(unsigned long)
                0x0000333a                operator+(StringSumHelper const&, String const&)
                0x00003368                operator+(StringSumHelper const&, char const*)
                0x000033a6                operator+(StringSumHelper const&, char)
                0x000033c8                operator+(StringSumHelper const&, unsigned char)
                0x000033ea                operator+(StringSumHelper const&, int)
                0x0000340c                operator+(StringSumHelper const&, unsigned int)
                0x0000342e                operator+(StringSumHelper const&, long)
                0x00003450                operator+(StringSumHelper const&, unsigned long)
                0x00003472                String::compareTo(String const&) const
                0x000034de                String::equals(String const&) const
                0x00003504                String::equals(char const*) const
                0x00003556                String::operator<(String const&) const
                0x00003564                String::operator>(String const&) const
                0x00003576                String::operator<=(String const&) const
                0x00003588                String::operator>=(String const&) const
                0x00003598                String::equalsIgnoreCase(String const&) const
                0x00003614                String::startsWith(String const&, unsigned int) const
                0x00003668                String::startsWith(String const&) const
                0x00003688                String::endsWith(String const&) const
                0x000036dc                String::setCharAt(unsigned int, char)
                0x000036f6                String::operator[](unsigned int)
                0x0000371a                String::operator[](unsigned int) const
                0x00003740                String::charAt(unsigned int) const
                0x00003746                String::getBytes(unsigned char*, unsigned int, unsigned int) const
                0x0000379c                String::indexOf(char, unsigned int) const
                0x000037d6                String::indexOf(char) const
                0x000037e0                String::indexOf(String const&, unsigned int) const
                0x0000381e                String::indexOf(String const&) const
                0x00003828                String::lastIndexOf(char, unsigned int) const
                0x0000389a                String::lastIndexOf(char) const
                0x000038aa                String::lastIndexOf(String const&, unsigned int) const
                0x00003968                String::lastIndexOf(String const&) const
                0x00003984                String::substring(unsigned int, unsigned int) const
                0x00003a0e                String::substring(unsigned int) const
                0x00003a26                String::replace(char, char)
                0x00003a4c                String::replace(String const&, String const&)
                0x00003c36                String::toLowerCase()
                0x00003c70                String::toUpperCase()
                0x00003caa                String::trim()
                0x00003d60                String::toInt() const
 .text          0x00003d8c      0xe1c ../../ArduinoCore/Debug - 328P\libArduino.a(Dhcp.o)
                0x00003d8c                DhcpClass::reset_DHCP_lease()
                0x00003d9e                DhcpClass::presend_DHCP()
                0x00003da0                DhcpClass::parseDHCPResponse(unsigned long, unsigned long&)
                0x000042c0                DhcpClass::getLocalIp()
                0x000042d6                DhcpClass::getSubnetMask()
                0x000042ec                DhcpClass::getGatewayIp()
                0x00004302                DhcpClass::getDhcpServerIp()
                0x00004318                DhcpClass::getDnsServerIp()
                0x0000432e                DhcpClass::printByte(char*, unsigned char)
                0x00004354                DhcpClass::send_DHCP_MESSAGE(unsigned char, unsigned int)
                0x000045ea                DhcpClass::request_DHCP_lease()
                0x00004936                DhcpClass::checkLease()
                0x00004afa                DhcpClass::beginWithDHCP(unsigned char*, unsigned long, unsigned long)
 .text          0x00004ba8      0x6c4 ../../ArduinoCore/Debug - 328P\libArduino.a(Dns.o)
                0x00004ba8                DNSClient::begin(IPAddress const&)
                0x00004bca                DNSClient::inet_aton(char const*, IPAddress&)
                0x00004c74                DNSClient::BuildRequest(char const*)
                0x00004de8                DNSClient::ProcessResponse(unsigned int, IPAddress&)
                0x00005118                DNSClient::getHostByName(char const*, IPAddress&)
 .text          0x0000526c      0x14c ../../ArduinoCore/Debug - 328P\libArduino.a(WMath.o)
                0x0000526c                randomSeed(unsigned int)
                0x0000527c                random(long)
                0x000052c4                random(long, long)
                0x0000530c                map(long, long, long, long, long)
                0x000053a6                makeWord(unsigned int)
                0x000053a8                makeWord(unsigned char, unsigned char)
 .text          0x000053b8      0x3c4 ../../ScoeComms/Debug - 328P\libScoeComms.a(RobotModel.o)
                0x000053b8                RobotModel::init()
                0x000053c0                RobotModel::RobotModel()
                0x000053c0                RobotModel::RobotModel()
                0x000053c6                RobotModel::update(unsigned char*, unsigned int, unsigned int)
                0x0000554e                RobotModel::getStatus(unsigned char*, unsigned int*)
                0x00005694                RobotModel::loop(bool)
                0x000056fa                RobotModel::addSection(RobotModelSection*)
 .text          0x0000577c      0x2be ../../ScoeComms/Debug - 328P\libScoeComms.a(RslModelSection.o)
                0x0000577c                RslModelSection::update(unsigned char*, unsigned int)
                0x0000578a                RslModelSection::getStatus(unsigned char*, unsigned int*)
                0x0000578c                RslModelSection::RslModelSection()
                0x0000578c                RslModelSection::RslModelSection()
                0x000057bc                RslModelSection::driveNoState()
                0x000057f8                RslModelSection::driveNoBeagleComm()
                0x00005834                RslModelSection::driveNoFrcComm()
                0x00005870                RslModelSection::driveEnabled()
                0x000058d4                RslModelSection::driveDisabled()
                0x00005916                RslModelSection::driveEStopped()
                0x0000591c                RslModelSection::driveAutonomous()
                0x000059b4                RslModelSection::driveLight(bool)
                0x00005a1c                RslModelSection::loop(bool)
 .text          0x00005a3a      0x784 ../../ScoeComms/Debug - 328P\libScoeComms.a(ByteReader.o)
                0x00005a3a                readUInt8(unsigned char*, unsigned int*)
                0x00005a52                readUInt16(unsigned char*, unsigned int*)
                0x00005a76                readUInt32(unsigned char*, unsigned int*)
                0x00005aec                readUInt64(unsigned char*, unsigned int*)
                0x00006146                readBytes(unsigned char*, unsigned char*, int, unsigned int*)
                0x00006192                readFloat(unsigned char*, unsigned int*)
 .text          0x000061be       0x7a ../../ScoeComms/Debug - 328P\libScoeComms.a(ByteWriter.o)
                0x000061be                writeByte(unsigned char*, unsigned char, int)
                0x000061cc                writeUInt16(unsigned char*, unsigned short, unsigned int)
                0x000061dc                writeUInt32(unsigned char*, unsigned long, unsigned int)
                0x000061f0                writeUInt32ForCrc(unsigned char*, unsigned long, unsigned int)
                0x00006204                writeBytes(unsigned char*, unsigned int, unsigned char*, int, unsigned int)
 .text          0x00006238       0x6e ../../ScoeComms/Debug - 328P\libScoeComms.a(RobotModelSection.o)
                0x00006238                RobotModelSection::update(unsigned char*, unsigned int)
                0x0000623a                RobotModelSection::getStatus(unsigned char*, unsigned int*)
                0x0000623c                RobotModelSection::loop(bool)
                0x00006286                RobotModelSection::disableOutputs()
                0x00006288                RobotModelSection::enableOutputs()
                0x0000628a                RobotModelSection::init()
                0x00006296                RobotModelSection::RobotModelSection()
                0x00006296                RobotModelSection::RobotModelSection()
 .text          0x000062a6        0x0 c:/program files (x86)/atmel/atmel studio 6.0/extensions/atmel/avrgcc/3.4.0.65/avrtoolchain/bin/../lib/gcc/avr/4.6.2/../../../../avr/lib/avr5\libm.a(addsf3.o)
 .text          0x000062a6        0x0 c:/program files (x86)/atmel/atmel studio 6.0/extensions/atmel/avrgcc/3.4.0.65/avrtoolchain/bin/../lib/gcc/avr/4.6.2/../../../../avr/lib/avr5\libm.a(addsf3x.o)
 .text          0x000062a6        0x0 c:/program files (x86)/atmel/atmel studio 6.0/extensions/atmel/avrgcc/3.4.0.65/avrtoolchain/bin/../lib/gcc/avr/4.6.2/../../../../avr/lib/avr5\libm.a(cmpsf2.o)
 .text          0x000062a6        0x0 c:/program files (x86)/atmel/atmel studio 6.0/extensions/atmel/avrgcc/3.4.0.65/avrtoolchain/bin/../lib/gcc/avr/4.6.2/../../../../avr/lib/avr5\libm.a(divsf3.o)
 .text          0x000062a6        0x0 c:/program files (x86)/atmel/atmel studio 6.0/extensions/atmel/avrgcc/3.4.0.65/avrtoolchain/bin/../lib/gcc/avr/4.6.2/../../../../avr/lib/avr5\libm.a(divsf3x.o)
 .text          0x000062a6        0x0 c:/program files (x86)/atmel/atmel studio 6.0/extensions/atmel/avrgcc/3.4.0.65/avrtoolchain/bin/../lib/gcc/avr/4.6.2/../../../../avr/lib/avr5\libm.a(fixsfsi.o)
 .text          0x000062a6        0x0 c:/program files (x86)/atmel/atmel studio 6.0/extensions/atmel/avrgcc/3.4.0.65/avrtoolchain/bin/../lib/gcc/avr/4.6.2/../../../../avr/lib/avr5\libm.a(fixunssfsi.o)
 .text          0x000062a6        0x0 c:/program files (x86)/atmel/atmel studio 6.0/extensions/atmel/avrgcc/3.4.0.65/avrtoolchain/bin/../lib/gcc/avr/4.6.2/../../../../avr/lib/avr5\libm.a(floatsisf.o)
 .text          0x000062a6        0x0 c:/program files (x86)/atmel/atmel studio 6.0/extensions/atmel/avrgcc/3.4.0.65/avrtoolchain/bin/../lib/gcc/avr/4.6.2/../../../../avr/lib/avr5\libm.a(fp_cmp.o)
 .text          0x000062a6        0x0 c:/program files (x86)/atmel/atmel studio 6.0/extensions/atmel/avrgcc/3.4.0.65/avrtoolchain/bin/../lib/gcc/avr/4.6.2/../../../../avr/lib/avr5\libm.a(fp_inf.o)
 .text          0x000062a6        0x0 c:/program files (x86)/atmel/atmel studio 6.0/extensions/atmel/avrgcc/3.4.0.65/avrtoolchain/bin/../lib/gcc/avr/4.6.2/../../../../avr/lib/avr5\libm.a(fp_nan.o)
 .text          0x000062a6        0x0 c:/program files (x86)/atmel/atmel studio 6.0/extensions/atmel/avrgcc/3.4.0.65/avrtoolchain/bin/../lib/gcc/avr/4.6.2/../../../../avr/lib/avr5\libm.a(fp_pscA.o)
 .text          0x000062a6        0x0 c:/program files (x86)/atmel/atmel studio 6.0/extensions/atmel/avrgcc/3.4.0.65/avrtoolchain/bin/../lib/gcc/avr/4.6.2/../../../../avr/lib/avr5\libm.a(fp_pscB.o)
 .text          0x000062a6        0x0 c:/program files (x86)/atmel/atmel studio 6.0/extensions/atmel/avrgcc/3.4.0.65/avrtoolchain/bin/../lib/gcc/avr/4.6.2/../../../../avr/lib/avr5\libm.a(fp_round.o)
 .text          0x000062a6        0x0 c:/program files (x86)/atmel/atmel studio 6.0/extensions/atmel/avrgcc/3.4.0.65/avrtoolchain/bin/../lib/gcc/avr/4.6.2/../../../../avr/lib/avr5\libm.a(fp_split3.o)
 .text          0x000062a6        0x0 c:/program files (x86)/atmel/atmel studio 6.0/extensions/atmel/avrgcc/3.4.0.65/avrtoolchain/bin/../lib/gcc/avr/4.6.2/../../../../avr/lib/avr5\libm.a(fp_zero.o)
 .text          0x000062a6        0x0 c:/program files (x86)/atmel/atmel studio 6.0/extensions/atmel/avrgcc/3.4.0.65/avrtoolchain/bin/../lib/gcc/avr/4.6.2/../../../../avr/lib/avr5\libm.a(mulsf3.o)
 .text          0x000062a6        0x0 c:/program files (x86)/atmel/atmel studio 6.0/extensions/atmel/avrgcc/3.4.0.65/avrtoolchain/bin/../lib/gcc/avr/4.6.2/../../../../avr/lib/avr5\libm.a(mulsf3x.o)
 .text          0x000062a6        0x0 c:/program files (x86)/atmel/atmel studio 6.0/extensions/atmel/avrgcc/3.4.0.65/avrtoolchain/bin/../lib/gcc/avr/4.6.2/avr5\libgcc.a(_mulsi3.o)
 .text          0x000062a6        0x0 c:/program files (x86)/atmel/atmel studio 6.0/extensions/atmel/avrgcc/3.4.0.65/avrtoolchain/bin/../lib/gcc/avr/4.6.2/avr5\libgcc.a(_udivmodsi4.o)
 .text          0x000062a6        0x0 c:/program files (x86)/atmel/atmel studio 6.0/extensions/atmel/avrgcc/3.4.0.65/avrtoolchain/bin/../lib/gcc/avr/4.6.2/avr5\libgcc.a(_divmodsi4.o)
 .text          0x000062a6        0x0 c:/program files (x86)/atmel/atmel studio 6.0/extensions/atmel/avrgcc/3.4.0.65/avrtoolchain/bin/../lib/gcc/avr/4.6.2/avr5\libgcc.a(_exit.o)
 .text          0x000062a6        0x0 c:/program files (x86)/atmel/atmel studio 6.0/extensions/atmel/avrgcc/3.4.0.65/avrtoolchain/bin/../lib/gcc/avr/4.6.2/avr5\libgcc.a(_copy_data.o)
 .text          0x000062a6        0x0 c:/program files (x86)/atmel/atmel studio 6.0/extensions/atmel/avrgcc/3.4.0.65/avrtoolchain/bin/../lib/gcc/avr/4.6.2/avr5\libgcc.a(_clear_bss.o)
 .text          0x000062a6        0x0 c:/program files (x86)/atmel/atmel studio 6.0/extensions/atmel/avrgcc/3.4.0.65/avrtoolchain/bin/../lib/gcc/avr/4.6.2/avr5\libgcc.a(_ctors.o)
 .text          0x000062a6       0xf4 c:/program files (x86)/atmel/atmel studio 6.0/extensions/atmel/avrgcc/3.4.0.65/avrtoolchain/bin/../lib/gcc/avr/4.6.2/avr5\libgcc.a(_ashldi3.o)
                0x000062a6                __ashldi3
 .text          0x0000639a        0x0 c:/program files (x86)/atmel/atmel studio 6.0/extensions/atmel/avrgcc/3.4.0.65/avrtoolchain/bin/../lib/gcc/avr/4.6.2/avr5\libgcc.a(_tablejump.o)
 .text          0x0000639a        0x0 c:/program files (x86)/atmel/atmel studio 6.0/extensions/atmel/avrgcc/3.4.0.65/avrtoolchain/bin/../lib/gcc/avr/4.6.2/../../../../avr/lib/avr5\libc.a(malloc.o)
 .text          0x0000639a        0x0 c:/program files (x86)/atmel/atmel studio 6.0/extensions/atmel/avrgcc/3.4.0.65/avrtoolchain/bin/../lib/gcc/avr/4.6.2/../../../../avr/lib/avr5\libc.a(random.o)
 .text          0x0000639a        0x0 c:/program files (x86)/atmel/atmel studio 6.0/extensions/atmel/avrgcc/3.4.0.65/avrtoolchain/bin/../lib/gcc/avr/4.6.2/../../../../avr/lib/avr5\libc.a(realloc.o)
 .text          0x0000639a        0x0 c:/program files (x86)/atmel/atmel studio 6.0/extensions/atmel/avrgcc/3.4.0.65/avrtoolchain/bin/../lib/gcc/avr/4.6.2/../../../../avr/lib/avr5\libc.a(atol.o)
 .text          0x0000639a        0x0 c:/program files (x86)/atmel/atmel studio 6.0/extensions/atmel/avrgcc/3.4.0.65/avrtoolchain/bin/../lib/gcc/avr/4.6.2/../../../../avr/lib/avr5\libc.a(isspace.o)
 .text          0x0000639a        0x0 c:/program files (x86)/atmel/atmel studio 6.0/extensions/atmel/avrgcc/3.4.0.65/avrtoolchain/bin/../lib/gcc/avr/4.6.2/../../../../avr/lib/avr5\libc.a(tolower.o)
 .text          0x0000639a        0x0 c:/program files (x86)/atmel/atmel studio 6.0/extensions/atmel/avrgcc/3.4.0.65/avrtoolchain/bin/../lib/gcc/avr/4.6.2/../../../../avr/lib/avr5\libc.a(toupper.o)
 .text          0x0000639a        0x0 c:/program files (x86)/atmel/atmel studio 6.0/extensions/atmel/avrgcc/3.4.0.65/avrtoolchain/bin/../lib/gcc/avr/4.6.2/../../../../avr/lib/avr5\libc.a(memcmp.o)
 .text          0x0000639a        0x0 c:/program files (x86)/atmel/atmel studio 6.0/extensions/atmel/avrgcc/3.4.0.65/avrtoolchain/bin/../lib/gcc/avr/4.6.2/../../../../avr/lib/avr5\libc.a(memcpy.o)
 .text          0x0000639a        0x0 c:/program files (x86)/atmel/atmel studio 6.0/extensions/atmel/avrgcc/3.4.0.65/avrtoolchain/bin/../lib/gcc/avr/4.6.2/../../../../avr/lib/avr5\libc.a(memmove.o)
 .text          0x0000639a        0x0 c:/program files (x86)/atmel/atmel studio 6.0/extensions/atmel/avrgcc/3.4.0.65/avrtoolchain/bin/../lib/gcc/avr/4.6.2/../../../../avr/lib/avr5\libc.a(strchr.o)
 .text          0x0000639a        0x0 c:/program files (x86)/atmel/atmel studio 6.0/extensions/atmel/avrgcc/3.4.0.65/avrtoolchain/bin/../lib/gcc/avr/4.6.2/../../../../avr/lib/avr5\libc.a(strcmp.o)
 .text          0x0000639a        0x0 c:/program files (x86)/atmel/atmel studio 6.0/extensions/atmel/avrgcc/3.4.0.65/avrtoolchain/bin/../lib/gcc/avr/4.6.2/../../../../avr/lib/avr5\libc.a(strcpy.o)
 .text          0x0000639a        0x0 c:/program files (x86)/atmel/atmel studio 6.0/extensions/atmel/avrgcc/3.4.0.65/avrtoolchain/bin/../lib/gcc/avr/4.6.2/../../../../avr/lib/avr5\libc.a(strncmp.o)
 .text          0x0000639a        0x0 c:/program files (x86)/atmel/atmel studio 6.0/extensions/atmel/avrgcc/3.4.0.65/avrtoolchain/bin/../lib/gcc/avr/4.6.2/../../../../avr/lib/avr5\libc.a(strncpy.o)
 .text          0x0000639a        0x0 c:/program files (x86)/atmel/atmel studio 6.0/extensions/atmel/avrgcc/3.4.0.65/avrtoolchain/bin/../lib/gcc/avr/4.6.2/../../../../avr/lib/avr5\libc.a(strrchr.o)
 .text          0x0000639a        0x0 c:/program files (x86)/atmel/atmel studio 6.0/extensions/atmel/avrgcc/3.4.0.65/avrtoolchain/bin/../lib/gcc/avr/4.6.2/../../../../avr/lib/avr5\libc.a(strstr.o)
 .text          0x0000639a        0x0 c:/program files (x86)/atmel/atmel studio 6.0/extensions/atmel/avrgcc/3.4.0.65/avrtoolchain/bin/../lib/gcc/avr/4.6.2/../../../../avr/lib/avr5\libc.a(itoa.o)
 .text          0x0000639a        0x0 c:/program files (x86)/atmel/atmel studio 6.0/extensions/atmel/avrgcc/3.4.0.65/avrtoolchain/bin/../lib/gcc/avr/4.6.2/../../../../avr/lib/avr5\libc.a(ltoa.o)
 .text          0x0000639a        0x0 c:/program files (x86)/atmel/atmel studio 6.0/extensions/atmel/avrgcc/3.4.0.65/avrtoolchain/bin/../lib/gcc/avr/4.6.2/../../../../avr/lib/avr5\libc.a(mulsi10.o)
 .text          0x0000639a        0x0 c:/program files (x86)/atmel/atmel studio 6.0/extensions/atmel/avrgcc/3.4.0.65/avrtoolchain/bin/../lib/gcc/avr/4.6.2/../../../../avr/lib/avr5\libc.a(ultoa.o)
 .text          0x0000639a        0x0 c:/program files (x86)/atmel/atmel studio 6.0/extensions/atmel/avrgcc/3.4.0.65/avrtoolchain/bin/../lib/gcc/avr/4.6.2/../../../../avr/lib/avr5\libc.a(utoa.o)
 .text          0x0000639a        0x0 c:/program files (x86)/atmel/atmel studio 6.0/extensions/atmel/avrgcc/3.4.0.65/avrtoolchain/bin/../lib/gcc/avr/4.6.2/../../../../avr/lib/avr5\libc.a(cty_isfalse.o)
 .text          0x0000639a        0x0 c:/program files (x86)/atmel/atmel studio 6.0/extensions/atmel/avrgcc/3.4.0.65/avrtoolchain/bin/../lib/gcc/avr/4.6.2/../../../../avr/lib/avr5\libc.a(strrev.o)
 .text          0x0000639a        0x0 c:/program files (x86)/atmel/atmel studio 6.0/extensions/atmel/avrgcc/3.4.0.65/avrtoolchain/bin/../lib/gcc/avr/4.6.2/avr5\libgcc.a(_udivmodhi4.o)
 .text          0x0000639a        0x0 c:/program files (x86)/atmel/atmel studio 6.0/extensions/atmel/avrgcc/3.4.0.65/avrtoolchain/bin/../lib/gcc/avr/4.6.2/avr5\libgcc.a(_prologue.o)
 .text          0x0000639a        0x0 c:/program files (x86)/atmel/atmel studio 6.0/extensions/atmel/avrgcc/3.4.0.65/avrtoolchain/bin/../lib/gcc/avr/4.6.2/avr5\libgcc.a(_epilogue.o)
                0x0000639a                . = ALIGN (0x2)
 *(.text.*)
 .text.avr-libc.fplib
                0x0000639a        0xa c:/program files (x86)/atmel/atmel studio 6.0/extensions/atmel/avrgcc/3.4.0.65/avrtoolchain/bin/../lib/gcc/avr/4.6.2/../../../../avr/lib/avr5\libm.a(addsf3.o)
                0x0000639a                __subsf3
                0x0000639c                __addsf3
 .text.avr-libc.fplib
                0x000063a4       0xc0 c:/program files (x86)/atmel/atmel studio 6.0/extensions/atmel/avrgcc/3.4.0.65/avrtoolchain/bin/../lib/gcc/avr/4.6.2/../../../../avr/lib/avr5\libm.a(addsf3x.o)
                0x000063be                __addsf3x
 .text.avr-libc.fplib
                0x00006464        0x8 c:/program files (x86)/atmel/atmel studio 6.0/extensions/atmel/avrgcc/3.4.0.65/avrtoolchain/bin/../lib/gcc/avr/4.6.2/../../../../avr/lib/avr5\libm.a(cmpsf2.o)
                0x00006464                __nesf2
                0x00006464                __eqsf2
                0x00006464                __cmpsf2
                0x00006464                __ltsf2
                0x00006464                __lesf2
 .text.avr-libc.fplib
                0x0000646c        0x4 c:/program files (x86)/atmel/atmel studio 6.0/extensions/atmel/avrgcc/3.4.0.65/avrtoolchain/bin/../lib/gcc/avr/4.6.2/../../../../avr/lib/avr5\libm.a(divsf3.o)
                0x0000646c                __divsf3
 .text.avr-libc.fplib
                0x00006470       0xcc c:/program files (x86)/atmel/atmel studio 6.0/extensions/atmel/avrgcc/3.4.0.65/avrtoolchain/bin/../lib/gcc/avr/4.6.2/../../../../avr/lib/avr5\libm.a(divsf3x.o)
                0x00006486                __divsf3x
                0x0000648a                __divsf3_pse
 .text.avr-libc.fplib
                0x0000653c        0xa c:/program files (x86)/atmel/atmel studio 6.0/extensions/atmel/avrgcc/3.4.0.65/avrtoolchain/bin/../lib/gcc/avr/4.6.2/../../../../avr/lib/avr5\libm.a(fixsfsi.o)
                0x0000653c                __fixsfsi
 .text.avr-libc.fplib
                0x00006546       0x58 c:/program files (x86)/atmel/atmel studio 6.0/extensions/atmel/avrgcc/3.4.0.65/avrtoolchain/bin/../lib/gcc/avr/4.6.2/../../../../avr/lib/avr5\libm.a(fixunssfsi.o)
                0x00006546                __fixunssfsi
 .text.avr-libc.fplib
                0x0000659e       0x7a c:/program files (x86)/atmel/atmel studio 6.0/extensions/atmel/avrgcc/3.4.0.65/avrtoolchain/bin/../lib/gcc/avr/4.6.2/../../../../avr/lib/avr5\libm.a(floatsisf.o)
                0x0000659e                __floatunsisf
                0x000065a2                __floatsisf
 .text.avr-libc.fplib
                0x00006618       0x48 c:/program files (x86)/atmel/atmel studio 6.0/extensions/atmel/avrgcc/3.4.0.65/avrtoolchain/bin/../lib/gcc/avr/4.6.2/../../../../avr/lib/avr5\libm.a(fp_cmp.o)
                0x00006618                __fp_cmp
 .text.avr-libc.fplib
                0x00006660        0xc c:/program files (x86)/atmel/atmel studio 6.0/extensions/atmel/avrgcc/3.4.0.65/avrtoolchain/bin/../lib/gcc/avr/4.6.2/../../../../avr/lib/avr5\libm.a(fp_inf.o)
                0x00006660                __fp_inf
 .text.avr-libc.fplib
                0x0000666c        0x6 c:/program files (x86)/atmel/atmel studio 6.0/extensions/atmel/avrgcc/3.4.0.65/avrtoolchain/bin/../lib/gcc/avr/4.6.2/../../../../avr/lib/avr5\libm.a(fp_nan.o)
                0x0000666c                __fp_nan
 .text.avr-libc.fplib
                0x00006672        0xe c:/program files (x86)/atmel/atmel studio 6.0/extensions/atmel/avrgcc/3.4.0.65/avrtoolchain/bin/../lib/gcc/avr/4.6.2/../../../../avr/lib/avr5\libm.a(fp_pscA.o)
                0x00006672                __fp_pscA
 .text.avr-libc.fplib
                0x00006680        0xe c:/program files (x86)/atmel/atmel studio 6.0/extensions/atmel/avrgcc/3.4.0.65/avrtoolchain/bin/../lib/gcc/avr/4.6.2/../../../../avr/lib/avr5\libm.a(fp_pscB.o)
                0x00006680                __fp_pscB
 .text.avr-libc.fplib
                0x0000668e       0x22 c:/program files (x86)/atmel/atmel studio 6.0/extensions/atmel/avrgcc/3.4.0.65/avrtoolchain/bin/../lib/gcc/avr/4.6.2/../../../../avr/lib/avr5\libm.a(fp_round.o)
                0x0000668e                __fp_round
 .text.avr-libc.fplib
                0x000066b0       0x44 c:/program files (x86)/atmel/atmel studio 6.0/extensions/atmel/avrgcc/3.4.0.65/avrtoolchain/bin/../lib/gcc/avr/4.6.2/../../../../avr/lib/avr5\libm.a(fp_split3.o)
                0x000066b0                __fp_split3
                0x000066c0                __fp_splitA
 .text.avr-libc.fplib
                0x000066f4        0xe c:/program files (x86)/atmel/atmel studio 6.0/extensions/atmel/avrgcc/3.4.0.65/avrtoolchain/bin/../lib/gcc/avr/4.6.2/../../../../avr/lib/avr5\libm.a(fp_zero.o)
                0x000066f4                __fp_zero
                0x000066f6                __fp_szero
 .text.avr-libc.fplib
                0x00006702        0x4 c:/program files (x86)/atmel/atmel studio 6.0/extensions/atmel/avrgcc/3.4.0.65/avrtoolchain/bin/../lib/gcc/avr/4.6.2/../../../../avr/lib/avr5\libm.a(mulsf3.o)
                0x00006702                __mulsf3
 .text.avr-libc.fplib
                0x00006706       0xc2 c:/program files (x86)/atmel/atmel studio 6.0/extensions/atmel/avrgcc/3.4.0.65/avrtoolchain/bin/../lib/gcc/avr/4.6.2/../../../../avr/lib/avr5\libm.a(mulsf3x.o)
                0x0000671a                __mulsf3x
                0x0000671e                __mulsf3_pse
 .text.libgcc   0x000067c8       0x3e c:/program files (x86)/atmel/atmel studio 6.0/extensions/atmel/avrgcc/3.4.0.65/avrtoolchain/bin/../lib/gcc/avr/4.6.2/avr5\libgcc.a(_mulsi3.o)
                0x000067c8                __mulsi3
 .text.libgcc   0x00006806       0x44 c:/program files (x86)/atmel/atmel studio 6.0/extensions/atmel/avrgcc/3.4.0.65/avrtoolchain/bin/../lib/gcc/avr/4.6.2/avr5\libgcc.a(_udivmodsi4.o)
                0x00006806                __udivmodsi4
 .text.libgcc   0x0000684a       0x36 c:/program files (x86)/atmel/atmel studio 6.0/extensions/atmel/avrgcc/3.4.0.65/avrtoolchain/bin/../lib/gcc/avr/4.6.2/avr5\libgcc.a(_divmodsi4.o)
                0x0000684a                __divmodsi4
 .text.libgcc   0x00006880        0x0 c:/program files (x86)/atmel/atmel studio 6.0/extensions/atmel/avrgcc/3.4.0.65/avrtoolchain/bin/../lib/gcc/avr/4.6.2/avr5\libgcc.a(_exit.o)
 .text.libgcc   0x00006880        0x0 c:/program files (x86)/atmel/atmel studio 6.0/extensions/atmel/avrgcc/3.4.0.65/avrtoolchain/bin/../lib/gcc/avr/4.6.2/avr5\libgcc.a(_copy_data.o)
 .text.libgcc   0x00006880        0x0 c:/program files (x86)/atmel/atmel studio 6.0/extensions/atmel/avrgcc/3.4.0.65/avrtoolchain/bin/../lib/gcc/avr/4.6.2/avr5\libgcc.a(_clear_bss.o)
 .text.libgcc   0x00006880        0x0 c:/program files (x86)/atmel/atmel studio 6.0/extensions/atmel/avrgcc/3.4.0.65/avrtoolchain/bin/../lib/gcc/avr/4.6.2/avr5\libgcc.a(_ctors.o)
 .text.libgcc   0x00006880        0xc c:/program files (x86)/atmel/atmel studio 6.0/extensions/atmel/avrgcc/3.4.0.65/avrtoolchain/bin/../lib/gcc/avr/4.6.2/avr5\libgcc.a(_tablejump.o)
                0x00006880                __tablejump2__
                0x00006884                __tablejump__
 .text.avr-libc
                0x0000688c      0x25e c:/program files (x86)/atmel/atmel studio 6.0/extensions/atmel/avrgcc/3.4.0.65/avrtoolchain/bin/../lib/gcc/avr/4.6.2/../../../../avr/lib/avr5\libc.a(malloc.o)
                0x0000688c                malloc
                0x000069b8                free
 .text.avr-libc
                0x00006aea       0xbc c:/program files (x86)/atmel/atmel studio 6.0/extensions/atmel/avrgcc/3.4.0.65/avrtoolchain/bin/../lib/gcc/avr/4.6.2/../../../../avr/lib/avr5\libc.a(random.o)
                0x00006b80                random_r
                0x00006b86                random
                0x00006b90                srandom
 .text.avr-libc
                0x00006ba6      0x196 c:/program files (x86)/atmel/atmel studio 6.0/extensions/atmel/avrgcc/3.4.0.65/avrtoolchain/bin/../lib/gcc/avr/4.6.2/../../../../avr/lib/avr5\libc.a(realloc.o)
                0x00006ba6                realloc
 .text.avr-libc
                0x00006d3c       0x4e c:/program files (x86)/atmel/atmel studio 6.0/extensions/atmel/avrgcc/3.4.0.65/avrtoolchain/bin/../lib/gcc/avr/4.6.2/../../../../avr/lib/avr5\libc.a(atol.o)
                0x00006d3c                atol
 .text.avr-libc
                0x00006d8a       0x10 c:/program files (x86)/atmel/atmel studio 6.0/extensions/atmel/avrgcc/3.4.0.65/avrtoolchain/bin/../lib/gcc/avr/4.6.2/../../../../avr/lib/avr5\libc.a(isspace.o)
                0x00006d8a                isspace
 .text.avr-libc
                0x00006d9a       0x10 c:/program files (x86)/atmel/atmel studio 6.0/extensions/atmel/avrgcc/3.4.0.65/avrtoolchain/bin/../lib/gcc/avr/4.6.2/../../../../avr/lib/avr5\libc.a(tolower.o)
                0x00006d9a                tolower
 .text.avr-libc
                0x00006daa       0x10 c:/program files (x86)/atmel/atmel studio 6.0/extensions/atmel/avrgcc/3.4.0.65/avrtoolchain/bin/../lib/gcc/avr/4.6.2/../../../../avr/lib/avr5\libc.a(toupper.o)
                0x00006daa                toupper
 .text.avr-libc
                0x00006dba       0x1a c:/program files (x86)/atmel/atmel studio 6.0/extensions/atmel/avrgcc/3.4.0.65/avrtoolchain/bin/../lib/gcc/avr/4.6.2/../../../../avr/lib/avr5\libc.a(memcmp.o)
                0x00006dba                memcmp
 .text.avr-libc
                0x00006dd4       0x12 c:/program files (x86)/atmel/atmel studio 6.0/extensions/atmel/avrgcc/3.4.0.65/avrtoolchain/bin/../lib/gcc/avr/4.6.2/../../../../avr/lib/avr5\libc.a(memcpy.o)
                0x00006dd4                memcpy
 .text.avr-libc
                0x00006de6       0x24 c:/program files (x86)/atmel/atmel studio 6.0/extensions/atmel/avrgcc/3.4.0.65/avrtoolchain/bin/../lib/gcc/avr/4.6.2/../../../../avr/lib/avr5\libc.a(memmove.o)
                0x00006de6                memmove
 .text.avr-libc
                0x00006e0a       0x16 c:/program files (x86)/atmel/atmel studio 6.0/extensions/atmel/avrgcc/3.4.0.65/avrtoolchain/bin/../lib/gcc/avr/4.6.2/../../../../avr/lib/avr5\libc.a(strchr.o)
                0x00006e0a                strchr
 .text.avr-libc
                0x00006e20       0x12 c:/program files (x86)/atmel/atmel studio 6.0/extensions/atmel/avrgcc/3.4.0.65/avrtoolchain/bin/../lib/gcc/avr/4.6.2/../../../../avr/lib/avr5\libc.a(strcmp.o)
                0x00006e20                strcmp
 .text.avr-libc
                0x00006e32        0xe c:/program files (x86)/atmel/atmel studio 6.0/extensions/atmel/avrgcc/3.4.0.65/avrtoolchain/bin/../lib/gcc/avr/4.6.2/../../../../avr/lib/avr5\libc.a(strcpy.o)
                0x00006e32                strcpy
 .text.avr-libc
                0x00006e40       0x1c c:/program files (x86)/atmel/atmel studio 6.0/extensions/atmel/avrgcc/3.4.0.65/avrtoolchain/bin/../lib/gcc/avr/4.6.2/../../../../avr/lib/avr5\libc.a(strncmp.o)
                0x00006e40                strncmp
 .text.avr-libc
                0x00006e5c       0x1e c:/program files (x86)/atmel/atmel studio 6.0/extensions/atmel/avrgcc/3.4.0.65/avrtoolchain/bin/../lib/gcc/avr/4.6.2/../../../../avr/lib/avr5\libc.a(strncpy.o)
                0x00006e5c                strncpy
 .text.avr-libc
                0x00006e7a       0x16 c:/program files (x86)/atmel/atmel studio 6.0/extensions/atmel/avrgcc/3.4.0.65/avrtoolchain/bin/../lib/gcc/avr/4.6.2/../../../../avr/lib/avr5\libc.a(strrchr.o)
                0x00006e7a                strrchr
 .text.avr-libc
                0x00006e90       0x34 c:/program files (x86)/atmel/atmel studio 6.0/extensions/atmel/avrgcc/3.4.0.65/avrtoolchain/bin/../lib/gcc/avr/4.6.2/../../../../avr/lib/avr5\libc.a(strstr.o)
                0x00006e90                strstr
 .text.avr-libc
                0x00006ec4       0x42 c:/program files (x86)/atmel/atmel studio 6.0/extensions/atmel/avrgcc/3.4.0.65/avrtoolchain/bin/../lib/gcc/avr/4.6.2/../../../../avr/lib/avr5\libc.a(itoa.o)
                0x00006ec4                itoa
 .text.avr-libc
                0x00006f06       0x68 c:/program files (x86)/atmel/atmel studio 6.0/extensions/atmel/avrgcc/3.4.0.65/avrtoolchain/bin/../lib/gcc/avr/4.6.2/../../../../avr/lib/avr5\libc.a(ltoa.o)
                0x00006f06                ltoa
 .text.avr-libc
                0x00006f6e       0x2a c:/program files (x86)/atmel/atmel studio 6.0/extensions/atmel/avrgcc/3.4.0.65/avrtoolchain/bin/../lib/gcc/avr/4.6.2/../../../../avr/lib/avr5\libc.a(mulsi10.o)
                0x00006f6e                __mulsi_const_10
 .text.avr-libc
                0x00006f98       0x4a c:/program files (x86)/atmel/atmel studio 6.0/extensions/atmel/avrgcc/3.4.0.65/avrtoolchain/bin/../lib/gcc/avr/4.6.2/../../../../avr/lib/avr5\libc.a(ultoa.o)
                0x00006f98                ultoa
 .text.avr-libc
                0x00006fe2       0x2c c:/program files (x86)/atmel/atmel studio 6.0/extensions/atmel/avrgcc/3.4.0.65/avrtoolchain/bin/../lib/gcc/avr/4.6.2/../../../../avr/lib/avr5\libc.a(utoa.o)
                0x00006fe2                utoa
 .text.avr-libc
                0x0000700e        0x6 c:/program files (x86)/atmel/atmel studio 6.0/extensions/atmel/avrgcc/3.4.0.65/avrtoolchain/bin/../lib/gcc/avr/4.6.2/../../../../avr/lib/avr5\libc.a(cty_isfalse.o)
                0x0000700e                __ctype_isfalse
                0x00007012                __ctype_istrue
 .text.avr-libc
                0x00007014       0x20 c:/program files (x86)/atmel/atmel studio 6.0/extensions/atmel/avrgcc/3.4.0.65/avrtoolchain/bin/../lib/gcc/avr/4.6.2/../../../../avr/lib/avr5\libc.a(strrev.o)
                0x00007014                strrev
 .text.libgcc   0x00007034       0x28 c:/program files (x86)/atmel/atmel studio 6.0/extensions/atmel/avrgcc/3.4.0.65/avrtoolchain/bin/../lib/gcc/avr/4.6.2/avr5\libgcc.a(_udivmodhi4.o)
                0x00007034                __udivmodhi4
 .text.libgcc   0x0000705c       0x38 c:/program files (x86)/atmel/atmel studio 6.0/extensions/atmel/avrgcc/3.4.0.65/avrtoolchain/bin/../lib/gcc/avr/4.6.2/avr5\libgcc.a(_prologue.o)
                0x0000705c                __prologue_saves__
 .text.libgcc   0x00007094       0x36 c:/program files (x86)/atmel/atmel studio 6.0/extensions/atmel/avrgcc/3.4.0.65/avrtoolchain/bin/../lib/gcc/avr/4.6.2/avr5\libgcc.a(_epilogue.o)
                0x00007094                __epilogue_restores__
                0x000070ca                . = ALIGN (0x2)
 *(.fini9)
 .fini9         0x000070ca        0x0 c:/program files (x86)/atmel/atmel studio 6.0/extensions/atmel/avrgcc/3.4.0.65/avrtoolchain/bin/../lib/gcc/avr/4.6.2/avr5\libgcc.a(_exit.o)
                0x000070ca                _exit
                0x000070ca                exit
 *(.fini9)
 *(.fini8)
 *(.fini8)
 *(.fini7)
 *(.fini7)
 *(.fini6)
 *(.fini6)
 *(.fini5)
 *(.fini5)
 *(.fini4)
 *(.fini4)
 *(.fini3)
 *(.fini3)
 *(.fini2)
 *(.fini2)
 *(.fini1)
 *(.fini1)
 *(.fini0)
 .fini0         0x000070ca        0x4 c:/program files (x86)/atmel/atmel studio 6.0/extensions/atmel/avrgcc/3.4.0.65/avrtoolchain/bin/../lib/gcc/avr/4.6.2/avr5\libgcc.a(_exit.o)
 *(.fini0)
                0x000070ce                _etext = .

.data           0x00800100      0x118 load address 0x000070ce
                0x00800100                PROVIDE (__data_start, .)
 *(.data)
 .data          0x00800100        0x0 c:/program files (x86)/atmel/atmel studio 6.0/extensions/atmel/avrgcc/3.4.0.65/avrtoolchain/bin/../lib/gcc/avr/4.6.2/../../../../avr/lib/avr5/crtm328p.o
 .data          0x00800100       0x1b main.o
 .data          0x0080011b        0x6 ../../ArduinoCore/Debug - 328P\libArduino.a(Ethernet.o)
                0x0080011b                vtable for Printable
 .data          0x00800121       0x5e ../../ArduinoCore/Debug - 328P\libArduino.a(EthernetUdp.o)
                0x00800121                vtable for EthernetUDP
                0x00800145                vtable for Stream
                0x00800155                vtable for UDP
 .data          0x0080017f        0x0 ../../ArduinoCore/Debug - 328P\libArduino.a(socket.o)
 .data          0x0080017f        0x0 ../../ArduinoCore/Debug - 328P\libArduino.a(w5100.o)
 .data          0x0080017f       0x20 ../../ArduinoCore/Debug - 328P\libArduino.a(HardwareSerial.o)
                0x0080017f                vtable for HardwareSerial
 .data          0x0080019f        0xc ../../ArduinoCore/Debug - 328P\libArduino.a(IPAddress.o)
                0x0080019f                vtable for IPAddress
 .data          0x008001ab        0x0 ../../ArduinoCore/Debug - 328P\libArduino.a(new.o)
 .data          0x008001ab        0xa ../../ArduinoCore/Debug - 328P\libArduino.a(Print.o)
                0x008001ad                vtable for Print
 .data          0x008001b5        0x0 ../../ArduinoCore/Debug - 328P\libArduino.a(SPI.o)
 .data          0x008001b5        0x0 ../../ArduinoCore/Debug - 328P\libArduino.a(wiring.o)
 .data          0x008001b5        0x0 ../../ArduinoCore/Debug - 328P\libArduino.a(wiring_digital.o)
 .data          0x008001b5        0x1 ../../ArduinoCore/Debug - 328P\libArduino.a(WString.o)
 .data          0x008001b6        0x7 ../../ArduinoCore/Debug - 328P\libArduino.a(Dhcp.o)
 .data          0x008001bd        0x0 ../../ArduinoCore/Debug - 328P\libArduino.a(Dns.o)
 .data          0x008001bd        0x0 ../../ArduinoCore/Debug - 328P\libArduino.a(WMath.o)
 .data          0x008001bd       0x35 ../../ScoeComms/Debug - 328P\libScoeComms.a(RobotModel.o)
 .data          0x008001f2        0xe ../../ScoeComms/Debug - 328P\libScoeComms.a(RslModelSection.o)
                0x008001f2                vtable for RslModelSection
 .data          0x00800200        0x0 ../../ScoeComms/Debug - 328P\libScoeComms.a(ByteReader.o)
 .data          0x00800200        0x0 ../../ScoeComms/Debug - 328P\libScoeComms.a(ByteWriter.o)
 .data          0x00800200        0xe ../../ScoeComms/Debug - 328P\libScoeComms.a(RobotModelSection.o)
                0x00800200                vtable for RobotModelSection
 .data          0x0080020e        0x0 c:/program files (x86)/atmel/atmel studio 6.0/extensions/atmel/avrgcc/3.4.0.65/avrtoolchain/bin/../lib/gcc/avr/4.6.2/../../../../avr/lib/avr5\libm.a(addsf3.o)
 .data          0x0080020e        0x0 c:/program files (x86)/atmel/atmel studio 6.0/extensions/atmel/avrgcc/3.4.0.65/avrtoolchain/bin/../lib/gcc/avr/4.6.2/../../../../avr/lib/avr5\libm.a(addsf3x.o)
 .data          0x0080020e        0x0 c:/program files (x86)/atmel/atmel studio 6.0/extensions/atmel/avrgcc/3.4.0.65/avrtoolchain/bin/../lib/gcc/avr/4.6.2/../../../../avr/lib/avr5\libm.a(cmpsf2.o)
 .data          0x0080020e        0x0 c:/program files (x86)/atmel/atmel studio 6.0/extensions/atmel/avrgcc/3.4.0.65/avrtoolchain/bin/../lib/gcc/avr/4.6.2/../../../../avr/lib/avr5\libm.a(divsf3.o)
 .data          0x0080020e        0x0 c:/program files (x86)/atmel/atmel studio 6.0/extensions/atmel/avrgcc/3.4.0.65/avrtoolchain/bin/../lib/gcc/avr/4.6.2/../../../../avr/lib/avr5\libm.a(divsf3x.o)
 .data          0x0080020e        0x0 c:/program files (x86)/atmel/atmel studio 6.0/extensions/atmel/avrgcc/3.4.0.65/avrtoolchain/bin/../lib/gcc/avr/4.6.2/../../../../avr/lib/avr5\libm.a(fixsfsi.o)
 .data          0x0080020e        0x0 c:/program files (x86)/atmel/atmel studio 6.0/extensions/atmel/avrgcc/3.4.0.65/avrtoolchain/bin/../lib/gcc/avr/4.6.2/../../../../avr/lib/avr5\libm.a(fixunssfsi.o)
 .data          0x0080020e        0x0 c:/program files (x86)/atmel/atmel studio 6.0/extensions/atmel/avrgcc/3.4.0.65/avrtoolchain/bin/../lib/gcc/avr/4.6.2/../../../../avr/lib/avr5\libm.a(floatsisf.o)
 .data          0x0080020e        0x0 c:/program files (x86)/atmel/atmel studio 6.0/extensions/atmel/avrgcc/3.4.0.65/avrtoolchain/bin/../lib/gcc/avr/4.6.2/../../../../avr/lib/avr5\libm.a(fp_cmp.o)
 .data          0x0080020e        0x0 c:/program files (x86)/atmel/atmel studio 6.0/extensions/atmel/avrgcc/3.4.0.65/avrtoolchain/bin/../lib/gcc/avr/4.6.2/../../../../avr/lib/avr5\libm.a(fp_inf.o)
 .data          0x0080020e        0x0 c:/program files (x86)/atmel/atmel studio 6.0/extensions/atmel/avrgcc/3.4.0.65/avrtoolchain/bin/../lib/gcc/avr/4.6.2/../../../../avr/lib/avr5\libm.a(fp_nan.o)
 .data          0x0080020e        0x0 c:/program files (x86)/atmel/atmel studio 6.0/extensions/atmel/avrgcc/3.4.0.65/avrtoolchain/bin/../lib/gcc/avr/4.6.2/../../../../avr/lib/avr5\libm.a(fp_pscA.o)
 .data          0x0080020e        0x0 c:/program files (x86)/atmel/atmel studio 6.0/extensions/atmel/avrgcc/3.4.0.65/avrtoolchain/bin/../lib/gcc/avr/4.6.2/../../../../avr/lib/avr5\libm.a(fp_pscB.o)
 .data          0x0080020e        0x0 c:/program files (x86)/atmel/atmel studio 6.0/extensions/atmel/avrgcc/3.4.0.65/avrtoolchain/bin/../lib/gcc/avr/4.6.2/../../../../avr/lib/avr5\libm.a(fp_round.o)
 .data          0x0080020e        0x0 c:/program files (x86)/atmel/atmel studio 6.0/extensions/atmel/avrgcc/3.4.0.65/avrtoolchain/bin/../lib/gcc/avr/4.6.2/../../../../avr/lib/avr5\libm.a(fp_split3.o)
 .data          0x0080020e        0x0 c:/program files (x86)/atmel/atmel studio 6.0/extensions/atmel/avrgcc/3.4.0.65/avrtoolchain/bin/../lib/gcc/avr/4.6.2/../../../../avr/lib/avr5\libm.a(fp_zero.o)
 .data          0x0080020e        0x0 c:/program files (x86)/atmel/atmel studio 6.0/extensions/atmel/avrgcc/3.4.0.65/avrtoolchain/bin/../lib/gcc/avr/4.6.2/../../../../avr/lib/avr5\libm.a(mulsf3.o)
 .data          0x0080020e        0x0 c:/program files (x86)/atmel/atmel studio 6.0/extensions/atmel/avrgcc/3.4.0.65/avrtoolchain/bin/../lib/gcc/avr/4.6.2/../../../../avr/lib/avr5\libm.a(mulsf3x.o)
 .data          0x0080020e        0x0 c:/program files (x86)/atmel/atmel studio 6.0/extensions/atmel/avrgcc/3.4.0.65/avrtoolchain/bin/../lib/gcc/avr/4.6.2/avr5\libgcc.a(_mulsi3.o)
 .data          0x0080020e        0x0 c:/program files (x86)/atmel/atmel studio 6.0/extensions/atmel/avrgcc/3.4.0.65/avrtoolchain/bin/../lib/gcc/avr/4.6.2/avr5\libgcc.a(_udivmodsi4.o)
 .data          0x0080020e        0x0 c:/program files (x86)/atmel/atmel studio 6.0/extensions/atmel/avrgcc/3.4.0.65/avrtoolchain/bin/../lib/gcc/avr/4.6.2/avr5\libgcc.a(_divmodsi4.o)
 .data          0x0080020e        0x0 c:/program files (x86)/atmel/atmel studio 6.0/extensions/atmel/avrgcc/3.4.0.65/avrtoolchain/bin/../lib/gcc/avr/4.6.2/avr5\libgcc.a(_exit.o)
 .data          0x0080020e        0x0 c:/program files (x86)/atmel/atmel studio 6.0/extensions/atmel/avrgcc/3.4.0.65/avrtoolchain/bin/../lib/gcc/avr/4.6.2/avr5\libgcc.a(_copy_data.o)
 .data          0x0080020e        0x0 c:/program files (x86)/atmel/atmel studio 6.0/extensions/atmel/avrgcc/3.4.0.65/avrtoolchain/bin/../lib/gcc/avr/4.6.2/avr5\libgcc.a(_clear_bss.o)
 .data          0x0080020e        0x0 c:/program files (x86)/atmel/atmel studio 6.0/extensions/atmel/avrgcc/3.4.0.65/avrtoolchain/bin/../lib/gcc/avr/4.6.2/avr5\libgcc.a(_ctors.o)
 .data          0x0080020e        0x0 c:/program files (x86)/atmel/atmel studio 6.0/extensions/atmel/avrgcc/3.4.0.65/avrtoolchain/bin/../lib/gcc/avr/4.6.2/avr5\libgcc.a(_ashldi3.o)
 .data          0x0080020e        0x0 c:/program files (x86)/atmel/atmel studio 6.0/extensions/atmel/avrgcc/3.4.0.65/avrtoolchain/bin/../lib/gcc/avr/4.6.2/avr5\libgcc.a(_tablejump.o)
 .data          0x0080020e        0x6 c:/program files (x86)/atmel/atmel studio 6.0/extensions/atmel/avrgcc/3.4.0.65/avrtoolchain/bin/../lib/gcc/avr/4.6.2/../../../../avr/lib/avr5\libc.a(malloc.o)
                0x0080020e                __malloc_heap_end
                0x00800210                __malloc_heap_start
                0x00800212                __malloc_margin
 .data          0x00800214        0x4 c:/program files (x86)/atmel/atmel studio 6.0/extensions/atmel/avrgcc/3.4.0.65/avrtoolchain/bin/../lib/gcc/avr/4.6.2/../../../../avr/lib/avr5\libc.a(random.o)
 .data          0x00800218        0x0 c:/program files (x86)/atmel/atmel studio 6.0/extensions/atmel/avrgcc/3.4.0.65/avrtoolchain/bin/../lib/gcc/avr/4.6.2/../../../../avr/lib/avr5\libc.a(realloc.o)
 .data          0x00800218        0x0 c:/program files (x86)/atmel/atmel studio 6.0/extensions/atmel/avrgcc/3.4.0.65/avrtoolchain/bin/../lib/gcc/avr/4.6.2/../../../../avr/lib/avr5\libc.a(atol.o)
 .data          0x00800218        0x0 c:/program files (x86)/atmel/atmel studio 6.0/extensions/atmel/avrgcc/3.4.0.65/avrtoolchain/bin/../lib/gcc/avr/4.6.2/../../../../avr/lib/avr5\libc.a(isspace.o)
 .data          0x00800218        0x0 c:/program files (x86)/atmel/atmel studio 6.0/extensions/atmel/avrgcc/3.4.0.65/avrtoolchain/bin/../lib/gcc/avr/4.6.2/../../../../avr/lib/avr5\libc.a(tolower.o)
 .data          0x00800218        0x0 c:/program files (x86)/atmel/atmel studio 6.0/extensions/atmel/avrgcc/3.4.0.65/avrtoolchain/bin/../lib/gcc/avr/4.6.2/../../../../avr/lib/avr5\libc.a(toupper.o)
 .data          0x00800218        0x0 c:/program files (x86)/atmel/atmel studio 6.0/extensions/atmel/avrgcc/3.4.0.65/avrtoolchain/bin/../lib/gcc/avr/4.6.2/../../../../avr/lib/avr5\libc.a(memcmp.o)
 .data          0x00800218        0x0 c:/program files (x86)/atmel/atmel studio 6.0/extensions/atmel/avrgcc/3.4.0.65/avrtoolchain/bin/../lib/gcc/avr/4.6.2/../../../../avr/lib/avr5\libc.a(memcpy.o)
 .data          0x00800218        0x0 c:/program files (x86)/atmel/atmel studio 6.0/extensions/atmel/avrgcc/3.4.0.65/avrtoolchain/bin/../lib/gcc/avr/4.6.2/../../../../avr/lib/avr5\libc.a(memmove.o)
 .data          0x00800218        0x0 c:/program files (x86)/atmel/atmel studio 6.0/extensions/atmel/avrgcc/3.4.0.65/avrtoolchain/bin/../lib/gcc/avr/4.6.2/../../../../avr/lib/avr5\libc.a(strchr.o)
 .data          0x00800218        0x0 c:/program files (x86)/atmel/atmel studio 6.0/extensions/atmel/avrgcc/3.4.0.65/avrtoolchain/bin/../lib/gcc/avr/4.6.2/../../../../avr/lib/avr5\libc.a(strcmp.o)
 .data          0x00800218        0x0 c:/program files (x86)/atmel/atmel studio 6.0/extensions/atmel/avrgcc/3.4.0.65/avrtoolchain/bin/../lib/gcc/avr/4.6.2/../../../../avr/lib/avr5\libc.a(strcpy.o)
 .data          0x00800218        0x0 c:/program files (x86)/atmel/atmel studio 6.0/extensions/atmel/avrgcc/3.4.0.65/avrtoolchain/bin/../lib/gcc/avr/4.6.2/../../../../avr/lib/avr5\libc.a(strncmp.o)
 .data          0x00800218        0x0 c:/program files (x86)/atmel/atmel studio 6.0/extensions/atmel/avrgcc/3.4.0.65/avrtoolchain/bin/../lib/gcc/avr/4.6.2/../../../../avr/lib/avr5\libc.a(strncpy.o)
 .data          0x00800218        0x0 c:/program files (x86)/atmel/atmel studio 6.0/extensions/atmel/avrgcc/3.4.0.65/avrtoolchain/bin/../lib/gcc/avr/4.6.2/../../../../avr/lib/avr5\libc.a(strrchr.o)
 .data          0x00800218        0x0 c:/program files (x86)/atmel/atmel studio 6.0/extensions/atmel/avrgcc/3.4.0.65/avrtoolchain/bin/../lib/gcc/avr/4.6.2/../../../../avr/lib/avr5\libc.a(strstr.o)
 .data          0x00800218        0x0 c:/program files (x86)/atmel/atmel studio 6.0/extensions/atmel/avrgcc/3.4.0.65/avrtoolchain/bin/../lib/gcc/avr/4.6.2/../../../../avr/lib/avr5\libc.a(itoa.o)
 .data          0x00800218        0x0 c:/program files (x86)/atmel/atmel studio 6.0/extensions/atmel/avrgcc/3.4.0.65/avrtoolchain/bin/../lib/gcc/avr/4.6.2/../../../../avr/lib/avr5\libc.a(ltoa.o)
 .data          0x00800218        0x0 c:/program files (x86)/atmel/atmel studio 6.0/extensions/atmel/avrgcc/3.4.0.65/avrtoolchain/bin/../lib/gcc/avr/4.6.2/../../../../avr/lib/avr5\libc.a(mulsi10.o)
 .data          0x00800218        0x0 c:/program files (x86)/atmel/atmel studio 6.0/extensions/atmel/avrgcc/3.4.0.65/avrtoolchain/bin/../lib/gcc/avr/4.6.2/../../../../avr/lib/avr5\libc.a(ultoa.o)
 .data          0x00800218        0x0 c:/program files (x86)/atmel/atmel studio 6.0/extensions/atmel/avrgcc/3.4.0.65/avrtoolchain/bin/../lib/gcc/avr/4.6.2/../../../../avr/lib/avr5\libc.a(utoa.o)
 .data          0x00800218        0x0 c:/program files (x86)/atmel/atmel studio 6.0/extensions/atmel/avrgcc/3.4.0.65/avrtoolchain/bin/../lib/gcc/avr/4.6.2/../../../../avr/lib/avr5\libc.a(cty_isfalse.o)
 .data          0x00800218        0x0 c:/program files (x86)/atmel/atmel studio 6.0/extensions/atmel/avrgcc/3.4.0.65/avrtoolchain/bin/../lib/gcc/avr/4.6.2/../../../../avr/lib/avr5\libc.a(strrev.o)
 .data          0x00800218        0x0 c:/program files (x86)/atmel/atmel studio 6.0/extensions/atmel/avrgcc/3.4.0.65/avrtoolchain/bin/../lib/gcc/avr/4.6.2/avr5\libgcc.a(_udivmodhi4.o)
 .data          0x00800218        0x0 c:/program files (x86)/atmel/atmel studio 6.0/extensions/atmel/avrgcc/3.4.0.65/avrtoolchain/bin/../lib/gcc/avr/4.6.2/avr5\libgcc.a(_prologue.o)
 .data          0x00800218        0x0 c:/program files (x86)/atmel/atmel studio 6.0/extensions/atmel/avrgcc/3.4.0.65/avrtoolchain/bin/../lib/gcc/avr/4.6.2/avr5\libgcc.a(_epilogue.o)
 *(.data*)
 *(.rodata)
 *(.rodata*)
 *(.gnu.linkonce.d*)
                0x00800218                . = ALIGN (0x2)
                0x00800218                _edata = .
                0x00800218                PROVIDE (__data_end, .)

.bss            0x00800218      0x2d8
                0x00800218                PROVIDE (__bss_start, .)
 *(.bss)
 .bss           0x00800218        0x0 c:/program files (x86)/atmel/atmel studio 6.0/extensions/atmel/avrgcc/3.4.0.65/avrtoolchain/bin/../lib/gcc/avr/4.6.2/../../../../avr/lib/avr5/crtm328p.o
 .bss           0x00800218      0x1de main.o
                0x00800218                startMillis
                0x0080021c                beagleComm
 .bss           0x008003f6       0x1a ../../ArduinoCore/Debug - 328P\libArduino.a(Ethernet.o)
                0x008003f6                Ethernet
                0x008003fe                EthernetClass::_server_port
                0x00800406                EthernetClass::_state
 .bss           0x00800410        0x6 ../../ArduinoCore/Debug - 328P\libArduino.a(EthernetUdp.o)
 .bss           0x00800416        0x2 ../../ArduinoCore/Debug - 328P\libArduino.a(socket.o)
 .bss           0x00800418       0x10 ../../ArduinoCore/Debug - 328P\libArduino.a(w5100.o)
                0x00800418                W5100
 .bss           0x00800428       0xa7 ../../ArduinoCore/Debug - 328P\libArduino.a(HardwareSerial.o)
                0x00800428                Serial
                0x00800447                tx_buffer
                0x0080048b                rx_buffer
 .bss           0x008004cf        0x6 ../../ArduinoCore/Debug - 328P\libArduino.a(IPAddress.o)
 .bss           0x008004d5        0x0 ../../ArduinoCore/Debug - 328P\libArduino.a(new.o)
 .bss           0x008004d5        0x0 ../../ArduinoCore/Debug - 328P\libArduino.a(Print.o)
 .bss           0x008004d5        0x1 ../../ArduinoCore/Debug - 328P\libArduino.a(SPI.o)
                0x008004d5                SPI
 .bss           0x008004d6        0x9 ../../ArduinoCore/Debug - 328P\libArduino.a(wiring.o)
                0x008004d6                timer0_millis
                0x008004da                timer0_overflow_count
 .bss           0x008004df        0x0 ../../ArduinoCore/Debug - 328P\libArduino.a(wiring_digital.o)
 .bss           0x008004df        0x1 ../../ArduinoCore/Debug - 328P\libArduino.a(WString.o)
 .bss           0x008004e0        0x6 ../../ArduinoCore/Debug - 328P\libArduino.a(Dhcp.o)
 .bss           0x008004e6        0x6 ../../ArduinoCore/Debug - 328P\libArduino.a(Dns.o)
 .bss           0x008004ec        0x0 ../../ArduinoCore/Debug - 328P\libArduino.a(WMath.o)
 .bss           0x008004ec        0x0 ../../ScoeComms/Debug - 328P\libScoeComms.a(RobotModel.o)
 .bss           0x008004ec        0x0 ../../ScoeComms/Debug - 328P\libScoeComms.a(RslModelSection.o)
 .bss           0x008004ec        0x0 ../../ScoeComms/Debug - 328P\libScoeComms.a(ByteReader.o)
 .bss           0x008004ec        0x0 ../../ScoeComms/Debug - 328P\libScoeComms.a(ByteWriter.o)
 .bss           0x008004ec        0x0 ../../ScoeComms/Debug - 328P\libScoeComms.a(RobotModelSection.o)
 .bss           0x008004ec        0x0 c:/program files (x86)/atmel/atmel studio 6.0/extensions/atmel/avrgcc/3.4.0.65/avrtoolchain/bin/../lib/gcc/avr/4.6.2/../../../../avr/lib/avr5\libm.a(addsf3.o)
 .bss           0x008004ec        0x0 c:/program files (x86)/atmel/atmel studio 6.0/extensions/atmel/avrgcc/3.4.0.65/avrtoolchain/bin/../lib/gcc/avr/4.6.2/../../../../avr/lib/avr5\libm.a(addsf3x.o)
 .bss           0x008004ec        0x0 c:/program files (x86)/atmel/atmel studio 6.0/extensions/atmel/avrgcc/3.4.0.65/avrtoolchain/bin/../lib/gcc/avr/4.6.2/../../../../avr/lib/avr5\libm.a(cmpsf2.o)
 .bss           0x008004ec        0x0 c:/program files (x86)/atmel/atmel studio 6.0/extensions/atmel/avrgcc/3.4.0.65/avrtoolchain/bin/../lib/gcc/avr/4.6.2/../../../../avr/lib/avr5\libm.a(divsf3.o)
 .bss           0x008004ec        0x0 c:/program files (x86)/atmel/atmel studio 6.0/extensions/atmel/avrgcc/3.4.0.65/avrtoolchain/bin/../lib/gcc/avr/4.6.2/../../../../avr/lib/avr5\libm.a(divsf3x.o)
 .bss           0x008004ec        0x0 c:/program files (x86)/atmel/atmel studio 6.0/extensions/atmel/avrgcc/3.4.0.65/avrtoolchain/bin/../lib/gcc/avr/4.6.2/../../../../avr/lib/avr5\libm.a(fixsfsi.o)
 .bss           0x008004ec        0x0 c:/program files (x86)/atmel/atmel studio 6.0/extensions/atmel/avrgcc/3.4.0.65/avrtoolchain/bin/../lib/gcc/avr/4.6.2/../../../../avr/lib/avr5\libm.a(fixunssfsi.o)
 .bss           0x008004ec        0x0 c:/program files (x86)/atmel/atmel studio 6.0/extensions/atmel/avrgcc/3.4.0.65/avrtoolchain/bin/../lib/gcc/avr/4.6.2/../../../../avr/lib/avr5\libm.a(floatsisf.o)
 .bss           0x008004ec        0x0 c:/program files (x86)/atmel/atmel studio 6.0/extensions/atmel/avrgcc/3.4.0.65/avrtoolchain/bin/../lib/gcc/avr/4.6.2/../../../../avr/lib/avr5\libm.a(fp_cmp.o)
 .bss           0x008004ec        0x0 c:/program files (x86)/atmel/atmel studio 6.0/extensions/atmel/avrgcc/3.4.0.65/avrtoolchain/bin/../lib/gcc/avr/4.6.2/../../../../avr/lib/avr5\libm.a(fp_inf.o)
 .bss           0x008004ec        0x0 c:/program files (x86)/atmel/atmel studio 6.0/extensions/atmel/avrgcc/3.4.0.65/avrtoolchain/bin/../lib/gcc/avr/4.6.2/../../../../avr/lib/avr5\libm.a(fp_nan.o)
 .bss           0x008004ec        0x0 c:/program files (x86)/atmel/atmel studio 6.0/extensions/atmel/avrgcc/3.4.0.65/avrtoolchain/bin/../lib/gcc/avr/4.6.2/../../../../avr/lib/avr5\libm.a(fp_pscA.o)
 .bss           0x008004ec        0x0 c:/program files (x86)/atmel/atmel studio 6.0/extensions/atmel/avrgcc/3.4.0.65/avrtoolchain/bin/../lib/gcc/avr/4.6.2/../../../../avr/lib/avr5\libm.a(fp_pscB.o)
 .bss           0x008004ec        0x0 c:/program files (x86)/atmel/atmel studio 6.0/extensions/atmel/avrgcc/3.4.0.65/avrtoolchain/bin/../lib/gcc/avr/4.6.2/../../../../avr/lib/avr5\libm.a(fp_round.o)
 .bss           0x008004ec        0x0 c:/program files (x86)/atmel/atmel studio 6.0/extensions/atmel/avrgcc/3.4.0.65/avrtoolchain/bin/../lib/gcc/avr/4.6.2/../../../../avr/lib/avr5\libm.a(fp_split3.o)
 .bss           0x008004ec        0x0 c:/program files (x86)/atmel/atmel studio 6.0/extensions/atmel/avrgcc/3.4.0.65/avrtoolchain/bin/../lib/gcc/avr/4.6.2/../../../../avr/lib/avr5\libm.a(fp_zero.o)
 .bss           0x008004ec        0x0 c:/program files (x86)/atmel/atmel studio 6.0/extensions/atmel/avrgcc/3.4.0.65/avrtoolchain/bin/../lib/gcc/avr/4.6.2/../../../../avr/lib/avr5\libm.a(mulsf3.o)
 .bss           0x008004ec        0x0 c:/program files (x86)/atmel/atmel studio 6.0/extensions/atmel/avrgcc/3.4.0.65/avrtoolchain/bin/../lib/gcc/avr/4.6.2/../../../../avr/lib/avr5\libm.a(mulsf3x.o)
 .bss           0x008004ec        0x0 c:/program files (x86)/atmel/atmel studio 6.0/extensions/atmel/avrgcc/3.4.0.65/avrtoolchain/bin/../lib/gcc/avr/4.6.2/avr5\libgcc.a(_mulsi3.o)
 .bss           0x008004ec        0x0 c:/program files (x86)/atmel/atmel studio 6.0/extensions/atmel/avrgcc/3.4.0.65/avrtoolchain/bin/../lib/gcc/avr/4.6.2/avr5\libgcc.a(_udivmodsi4.o)
 .bss           0x008004ec        0x0 c:/program files (x86)/atmel/atmel studio 6.0/extensions/atmel/avrgcc/3.4.0.65/avrtoolchain/bin/../lib/gcc/avr/4.6.2/avr5\libgcc.a(_divmodsi4.o)
 .bss           0x008004ec        0x0 c:/program files (x86)/atmel/atmel studio 6.0/extensions/atmel/avrgcc/3.4.0.65/avrtoolchain/bin/../lib/gcc/avr/4.6.2/avr5\libgcc.a(_exit.o)
 .bss           0x008004ec        0x0 c:/program files (x86)/atmel/atmel studio 6.0/extensions/atmel/avrgcc/3.4.0.65/avrtoolchain/bin/../lib/gcc/avr/4.6.2/avr5\libgcc.a(_copy_data.o)
 .bss           0x008004ec        0x0 c:/program files (x86)/atmel/atmel studio 6.0/extensions/atmel/avrgcc/3.4.0.65/avrtoolchain/bin/../lib/gcc/avr/4.6.2/avr5\libgcc.a(_clear_bss.o)
 .bss           0x008004ec        0x0 c:/program files (x86)/atmel/atmel studio 6.0/extensions/atmel/avrgcc/3.4.0.65/avrtoolchain/bin/../lib/gcc/avr/4.6.2/avr5\libgcc.a(_ctors.o)
 .bss           0x008004ec        0x0 c:/program files (x86)/atmel/atmel studio 6.0/extensions/atmel/avrgcc/3.4.0.65/avrtoolchain/bin/../lib/gcc/avr/4.6.2/avr5\libgcc.a(_ashldi3.o)
 .bss           0x008004ec        0x0 c:/program files (x86)/atmel/atmel studio 6.0/extensions/atmel/avrgcc/3.4.0.65/avrtoolchain/bin/../lib/gcc/avr/4.6.2/avr5\libgcc.a(_tablejump.o)
 .bss           0x008004ec        0x0 c:/program files (x86)/atmel/atmel studio 6.0/extensions/atmel/avrgcc/3.4.0.65/avrtoolchain/bin/../lib/gcc/avr/4.6.2/../../../../avr/lib/avr5\libc.a(malloc.o)
 .bss           0x008004ec        0x0 c:/program files (x86)/atmel/atmel studio 6.0/extensions/atmel/avrgcc/3.4.0.65/avrtoolchain/bin/../lib/gcc/avr/4.6.2/../../../../avr/lib/avr5\libc.a(random.o)
 .bss           0x008004ec        0x0 c:/program files (x86)/atmel/atmel studio 6.0/extensions/atmel/avrgcc/3.4.0.65/avrtoolchain/bin/../lib/gcc/avr/4.6.2/../../../../avr/lib/avr5\libc.a(realloc.o)
 .bss           0x008004ec        0x0 c:/program files (x86)/atmel/atmel studio 6.0/extensions/atmel/avrgcc/3.4.0.65/avrtoolchain/bin/../lib/gcc/avr/4.6.2/../../../../avr/lib/avr5\libc.a(atol.o)
 .bss           0x008004ec        0x0 c:/program files (x86)/atmel/atmel studio 6.0/extensions/atmel/avrgcc/3.4.0.65/avrtoolchain/bin/../lib/gcc/avr/4.6.2/../../../../avr/lib/avr5\libc.a(isspace.o)
 .bss           0x008004ec        0x0 c:/program files (x86)/atmel/atmel studio 6.0/extensions/atmel/avrgcc/3.4.0.65/avrtoolchain/bin/../lib/gcc/avr/4.6.2/../../../../avr/lib/avr5\libc.a(tolower.o)
 .bss           0x008004ec        0x0 c:/program files (x86)/atmel/atmel studio 6.0/extensions/atmel/avrgcc/3.4.0.65/avrtoolchain/bin/../lib/gcc/avr/4.6.2/../../../../avr/lib/avr5\libc.a(toupper.o)
 .bss           0x008004ec        0x0 c:/program files (x86)/atmel/atmel studio 6.0/extensions/atmel/avrgcc/3.4.0.65/avrtoolchain/bin/../lib/gcc/avr/4.6.2/../../../../avr/lib/avr5\libc.a(memcmp.o)
 .bss           0x008004ec        0x0 c:/program files (x86)/atmel/atmel studio 6.0/extensions/atmel/avrgcc/3.4.0.65/avrtoolchain/bin/../lib/gcc/avr/4.6.2/../../../../avr/lib/avr5\libc.a(memcpy.o)
 .bss           0x008004ec        0x0 c:/program files (x86)/atmel/atmel studio 6.0/extensions/atmel/avrgcc/3.4.0.65/avrtoolchain/bin/../lib/gcc/avr/4.6.2/../../../../avr/lib/avr5\libc.a(memmove.o)
 .bss           0x008004ec        0x0 c:/program files (x86)/atmel/atmel studio 6.0/extensions/atmel/avrgcc/3.4.0.65/avrtoolchain/bin/../lib/gcc/avr/4.6.2/../../../../avr/lib/avr5\libc.a(strchr.o)
 .bss           0x008004ec        0x0 c:/program files (x86)/atmel/atmel studio 6.0/extensions/atmel/avrgcc/3.4.0.65/avrtoolchain/bin/../lib/gcc/avr/4.6.2/../../../../avr/lib/avr5\libc.a(strcmp.o)
 .bss           0x008004ec        0x0 c:/program files (x86)/atmel/atmel studio 6.0/extensions/atmel/avrgcc/3.4.0.65/avrtoolchain/bin/../lib/gcc/avr/4.6.2/../../../../avr/lib/avr5\libc.a(strcpy.o)
 .bss           0x008004ec        0x0 c:/program files (x86)/atmel/atmel studio 6.0/extensions/atmel/avrgcc/3.4.0.65/avrtoolchain/bin/../lib/gcc/avr/4.6.2/../../../../avr/lib/avr5\libc.a(strncmp.o)
 .bss           0x008004ec        0x0 c:/program files (x86)/atmel/atmel studio 6.0/extensions/atmel/avrgcc/3.4.0.65/avrtoolchain/bin/../lib/gcc/avr/4.6.2/../../../../avr/lib/avr5\libc.a(strncpy.o)
 .bss           0x008004ec        0x0 c:/program files (x86)/atmel/atmel studio 6.0/extensions/atmel/avrgcc/3.4.0.65/avrtoolchain/bin/../lib/gcc/avr/4.6.2/../../../../avr/lib/avr5\libc.a(strrchr.o)
 .bss           0x008004ec        0x0 c:/program files (x86)/atmel/atmel studio 6.0/extensions/atmel/avrgcc/3.4.0.65/avrtoolchain/bin/../lib/gcc/avr/4.6.2/../../../../avr/lib/avr5\libc.a(strstr.o)
 .bss           0x008004ec        0x0 c:/program files (x86)/atmel/atmel studio 6.0/extensions/atmel/avrgcc/3.4.0.65/avrtoolchain/bin/../lib/gcc/avr/4.6.2/../../../../avr/lib/avr5\libc.a(itoa.o)
 .bss           0x008004ec        0x0 c:/program files (x86)/atmel/atmel studio 6.0/extensions/atmel/avrgcc/3.4.0.65/avrtoolchain/bin/../lib/gcc/avr/4.6.2/../../../../avr/lib/avr5\libc.a(ltoa.o)
 .bss           0x008004ec        0x0 c:/program files (x86)/atmel/atmel studio 6.0/extensions/atmel/avrgcc/3.4.0.65/avrtoolchain/bin/../lib/gcc/avr/4.6.2/../../../../avr/lib/avr5\libc.a(mulsi10.o)
 .bss           0x008004ec        0x0 c:/program files (x86)/atmel/atmel studio 6.0/extensions/atmel/avrgcc/3.4.0.65/avrtoolchain/bin/../lib/gcc/avr/4.6.2/../../../../avr/lib/avr5\libc.a(ultoa.o)
 .bss           0x008004ec        0x0 c:/program files (x86)/atmel/atmel studio 6.0/extensions/atmel/avrgcc/3.4.0.65/avrtoolchain/bin/../lib/gcc/avr/4.6.2/../../../../avr/lib/avr5\libc.a(utoa.o)
 .bss           0x008004ec        0x0 c:/program files (x86)/atmel/atmel studio 6.0/extensions/atmel/avrgcc/3.4.0.65/avrtoolchain/bin/../lib/gcc/avr/4.6.2/../../../../avr/lib/avr5\libc.a(cty_isfalse.o)
 .bss           0x008004ec        0x0 c:/program files (x86)/atmel/atmel studio 6.0/extensions/atmel/avrgcc/3.4.0.65/avrtoolchain/bin/../lib/gcc/avr/4.6.2/../../../../avr/lib/avr5\libc.a(strrev.o)
 .bss           0x008004ec        0x0 c:/program files (x86)/atmel/atmel studio 6.0/extensions/atmel/avrgcc/3.4.0.65/avrtoolchain/bin/../lib/gcc/avr/4.6.2/avr5\libgcc.a(_udivmodhi4.o)
 .bss           0x008004ec        0x0 c:/program files (x86)/atmel/atmel studio 6.0/extensions/atmel/avrgcc/3.4.0.65/avrtoolchain/bin/../lib/gcc/avr/4.6.2/avr5\libgcc.a(_prologue.o)
 .bss           0x008004ec        0x0 c:/program files (x86)/atmel/atmel studio 6.0/extensions/atmel/avrgcc/3.4.0.65/avrtoolchain/bin/../lib/gcc/avr/4.6.2/avr5\libgcc.a(_epilogue.o)
 *(.bss*)
 *(COMMON)
 COMMON         0x008004ec        0x4 c:/program files (x86)/atmel/atmel studio 6.0/extensions/atmel/avrgcc/3.4.0.65/avrtoolchain/bin/../lib/gcc/avr/4.6.2/../../../../avr/lib/avr5\libc.a(malloc.o)
                0x008004ec                __brkval
                0x008004ee                __flp
                0x008004f0                PROVIDE (__bss_end, .)
                0x000070ce                __data_load_start = LOADADDR (.data)
                0x000071e6                __data_load_end = (__data_load_start + SIZEOF (.data))

.noinit         0x008004f0        0x0
                0x008004f0                PROVIDE (__noinit_start, .)
 *(.noinit*)
                0x008004f0                PROVIDE (__noinit_end, .)
                0x008004f0                _end = .
                0x008004f0                PROVIDE (__heap_start, .)

.eeprom         0x00810000        0x0
 *(.eeprom*)
                0x00810000                __eeprom_end = .

.fuse
 *(.fuse)
 *(.lfuse)
 *(.hfuse)
 *(.efuse)

.lock
 *(.lock*)

.signature
 *(.signature*)

.stab           0x00000000     0x384c
 *(.stab)
 .stab          0x00000000      0x6cc c:/program files (x86)/atmel/atmel studio 6.0/extensions/atmel/avrgcc/3.4.0.65/avrtoolchain/bin/../lib/gcc/avr/4.6.2/../../../../avr/lib/avr5/crtm328p.o
 .stab          0x000006cc       0x78 c:/program files (x86)/atmel/atmel studio 6.0/extensions/atmel/avrgcc/3.4.0.65/avrtoolchain/bin/../lib/gcc/avr/4.6.2/../../../../avr/lib/avr5\libm.a(addsf3.o)
                                 0x84 (size before relaxing)
 .stab          0x00000744      0x4bc c:/program files (x86)/atmel/atmel studio 6.0/extensions/atmel/avrgcc/3.4.0.65/avrtoolchain/bin/../lib/gcc/avr/4.6.2/../../../../avr/lib/avr5\libm.a(addsf3x.o)
                                0x4c8 (size before relaxing)
 .stab          0x00000c00       0x90 c:/program files (x86)/atmel/atmel studio 6.0/extensions/atmel/avrgcc/3.4.0.65/avrtoolchain/bin/../lib/gcc/avr/4.6.2/../../../../avr/lib/avr5\libm.a(cmpsf2.o)
                                 0x9c (size before relaxing)
 .stab          0x00000c90       0x48 c:/program files (x86)/atmel/atmel studio 6.0/extensions/atmel/avrgcc/3.4.0.65/avrtoolchain/bin/../lib/gcc/avr/4.6.2/../../../../avr/lib/avr5\libm.a(divsf3.o)
                                 0x54 (size before relaxing)
 .stab          0x00000cd8      0x510 c:/program files (x86)/atmel/atmel studio 6.0/extensions/atmel/avrgcc/3.4.0.65/avrtoolchain/bin/../lib/gcc/avr/4.6.2/../../../../avr/lib/avr5\libm.a(divsf3x.o)
                                0x51c (size before relaxing)
 .stab          0x000011e8       0x6c c:/program files (x86)/atmel/atmel studio 6.0/extensions/atmel/avrgcc/3.4.0.65/avrtoolchain/bin/../lib/gcc/avr/4.6.2/../../../../avr/lib/avr5\libm.a(fixsfsi.o)
                                 0x78 (size before relaxing)
 .stab          0x00001254      0x240 c:/program files (x86)/atmel/atmel studio 6.0/extensions/atmel/avrgcc/3.4.0.65/avrtoolchain/bin/../lib/gcc/avr/4.6.2/../../../../avr/lib/avr5\libm.a(fixunssfsi.o)
                                0x24c (size before relaxing)
 .stab          0x00001494      0x318 c:/program files (x86)/atmel/atmel studio 6.0/extensions/atmel/avrgcc/3.4.0.65/avrtoolchain/bin/../lib/gcc/avr/4.6.2/../../../../avr/lib/avr5\libm.a(floatsisf.o)
                                0x324 (size before relaxing)
 .stab          0x000017ac      0x1e0 c:/program files (x86)/atmel/atmel studio 6.0/extensions/atmel/avrgcc/3.4.0.65/avrtoolchain/bin/../lib/gcc/avr/4.6.2/../../../../avr/lib/avr5\libm.a(fp_cmp.o)
                                0x1ec (size before relaxing)
 .stab          0x0000198c       0x78 c:/program files (x86)/atmel/atmel studio 6.0/extensions/atmel/avrgcc/3.4.0.65/avrtoolchain/bin/../lib/gcc/avr/4.6.2/../../../../avr/lib/avr5\libm.a(fp_inf.o)
                                 0x84 (size before relaxing)
 .stab          0x00001a04       0x54 c:/program files (x86)/atmel/atmel studio 6.0/extensions/atmel/avrgcc/3.4.0.65/avrtoolchain/bin/../lib/gcc/avr/4.6.2/../../../../avr/lib/avr5\libm.a(fp_nan.o)
                                 0x60 (size before relaxing)
 .stab          0x00001a58       0x84 c:/program files (x86)/atmel/atmel studio 6.0/extensions/atmel/avrgcc/3.4.0.65/avrtoolchain/bin/../lib/gcc/avr/4.6.2/../../../../avr/lib/avr5\libm.a(fp_pscA.o)
                                 0x90 (size before relaxing)
 .stab          0x00001adc       0x84 c:/program files (x86)/atmel/atmel studio 6.0/extensions/atmel/avrgcc/3.4.0.65/avrtoolchain/bin/../lib/gcc/avr/4.6.2/../../../../avr/lib/avr5\libm.a(fp_pscB.o)
                                 0x90 (size before relaxing)
 .stab          0x00001b60       0xfc c:/program files (x86)/atmel/atmel studio 6.0/extensions/atmel/avrgcc/3.4.0.65/avrtoolchain/bin/../lib/gcc/avr/4.6.2/../../../../avr/lib/avr5\libm.a(fp_round.o)
                                0x108 (size before relaxing)
 .stab          0x00001c5c      0x1d4 c:/program files (x86)/atmel/atmel studio 6.0/extensions/atmel/avrgcc/3.4.0.65/avrtoolchain/bin/../lib/gcc/avr/4.6.2/../../../../avr/lib/avr5\libm.a(fp_split3.o)
                                0x1e0 (size before relaxing)
 .stab          0x00001e30       0x90 c:/program files (x86)/atmel/atmel studio 6.0/extensions/atmel/avrgcc/3.4.0.65/avrtoolchain/bin/../lib/gcc/avr/4.6.2/../../../../avr/lib/avr5\libm.a(fp_zero.o)
                                 0x9c (size before relaxing)
 .stab          0x00001ec0       0x48 c:/program files (x86)/atmel/atmel studio 6.0/extensions/atmel/avrgcc/3.4.0.65/avrtoolchain/bin/../lib/gcc/avr/4.6.2/../../../../avr/lib/avr5\libm.a(mulsf3.o)
                                 0x54 (size before relaxing)
 .stab          0x00001f08      0x4d4 c:/program files (x86)/atmel/atmel studio 6.0/extensions/atmel/avrgcc/3.4.0.65/avrtoolchain/bin/../lib/gcc/avr/4.6.2/../../../../avr/lib/avr5\libm.a(mulsf3x.o)
                                0x4e0 (size before relaxing)
 .stab          0x000023dc      0x1e0 c:/program files (x86)/atmel/atmel studio 6.0/extensions/atmel/avrgcc/3.4.0.65/avrtoolchain/bin/../lib/gcc/avr/4.6.2/../../../../avr/lib/avr5\libc.a(atol.o)
                                0x1ec (size before relaxing)
 .stab          0x000025bc       0x9c c:/program files (x86)/atmel/atmel studio 6.0/extensions/atmel/avrgcc/3.4.0.65/avrtoolchain/bin/../lib/gcc/avr/4.6.2/../../../../avr/lib/avr5\libc.a(isspace.o)
                                 0xa8 (size before relaxing)
 .stab          0x00002658       0x9c c:/program files (x86)/atmel/atmel studio 6.0/extensions/atmel/avrgcc/3.4.0.65/avrtoolchain/bin/../lib/gcc/avr/4.6.2/../../../../avr/lib/avr5\libc.a(tolower.o)
                                 0xa8 (size before relaxing)
 .stab          0x000026f4       0x9c c:/program files (x86)/atmel/atmel studio 6.0/extensions/atmel/avrgcc/3.4.0.65/avrtoolchain/bin/../lib/gcc/avr/4.6.2/../../../../avr/lib/avr5\libc.a(toupper.o)
                                 0xa8 (size before relaxing)
 .stab          0x00002790       0xb4 c:/program files (x86)/atmel/atmel studio 6.0/extensions/atmel/avrgcc/3.4.0.65/avrtoolchain/bin/../lib/gcc/avr/4.6.2/../../../../avr/lib/avr5\libc.a(memcmp.o)
                                 0xc0 (size before relaxing)
 .stab          0x00002844       0x84 c:/program files (x86)/atmel/atmel studio 6.0/extensions/atmel/avrgcc/3.4.0.65/avrtoolchain/bin/../lib/gcc/avr/4.6.2/../../../../avr/lib/avr5\libc.a(memcpy.o)
                                 0x90 (size before relaxing)
 .stab          0x000028c8       0xe4 c:/program files (x86)/atmel/atmel studio 6.0/extensions/atmel/avrgcc/3.4.0.65/avrtoolchain/bin/../lib/gcc/avr/4.6.2/../../../../avr/lib/avr5\libc.a(memmove.o)
                                 0xf0 (size before relaxing)
 .stab          0x000029ac       0x9c c:/program files (x86)/atmel/atmel studio 6.0/extensions/atmel/avrgcc/3.4.0.65/avrtoolchain/bin/../lib/gcc/avr/4.6.2/../../../../avr/lib/avr5\libc.a(strchr.o)
                                 0xa8 (size before relaxing)
 .stab          0x00002a48       0x84 c:/program files (x86)/atmel/atmel studio 6.0/extensions/atmel/avrgcc/3.4.0.65/avrtoolchain/bin/../lib/gcc/avr/4.6.2/../../../../avr/lib/avr5\libc.a(strcmp.o)
                                 0x90 (size before relaxing)
 .stab          0x00002acc       0x6c c:/program files (x86)/atmel/atmel studio 6.0/extensions/atmel/avrgcc/3.4.0.65/avrtoolchain/bin/../lib/gcc/avr/4.6.2/../../../../avr/lib/avr5\libc.a(strcpy.o)
                                 0x78 (size before relaxing)
 .stab          0x00002b38       0xc0 c:/program files (x86)/atmel/atmel studio 6.0/extensions/atmel/avrgcc/3.4.0.65/avrtoolchain/bin/../lib/gcc/avr/4.6.2/../../../../avr/lib/avr5\libc.a(strncmp.o)
                                 0xcc (size before relaxing)
 .stab          0x00002bf8       0xcc c:/program files (x86)/atmel/atmel studio 6.0/extensions/atmel/avrgcc/3.4.0.65/avrtoolchain/bin/../lib/gcc/avr/4.6.2/../../../../avr/lib/avr5\libc.a(strncpy.o)
                                 0xd8 (size before relaxing)
 .stab          0x00002cc4       0x9c c:/program files (x86)/atmel/atmel studio 6.0/extensions/atmel/avrgcc/3.4.0.65/avrtoolchain/bin/../lib/gcc/avr/4.6.2/../../../../avr/lib/avr5\libc.a(strrchr.o)
                                 0xa8 (size before relaxing)
 .stab          0x00002d60      0x150 c:/program files (x86)/atmel/atmel studio 6.0/extensions/atmel/avrgcc/3.4.0.65/avrtoolchain/bin/../lib/gcc/avr/4.6.2/../../../../avr/lib/avr5\libc.a(strstr.o)
                                0x15c (size before relaxing)
 .stab          0x00002eb0      0x1b0 c:/program files (x86)/atmel/atmel studio 6.0/extensions/atmel/avrgcc/3.4.0.65/avrtoolchain/bin/../lib/gcc/avr/4.6.2/../../../../avr/lib/avr5\libc.a(itoa.o)
                                0x1bc (size before relaxing)
 .stab          0x00003060      0x294 c:/program files (x86)/atmel/atmel studio 6.0/extensions/atmel/avrgcc/3.4.0.65/avrtoolchain/bin/../lib/gcc/avr/4.6.2/../../../../avr/lib/avr5\libc.a(ltoa.o)
                                0x2a0 (size before relaxing)