Archive member included because of file (symbol)

../../ArduinoCore/Debug - 2560\libArduino.a(Ethernet.o)
                              main.o (EthernetClass::begin(unsigned char*))
../../ArduinoCore/Debug - 2560\libArduino.a(EthernetUdp.o)
                              main.o (EthernetUDP::read(unsigned char*, unsigned int))
../../ArduinoCore/Debug - 2560\libArduino.a(socket.o)
                              ../../ArduinoCore/Debug - 2560\libArduino.a(EthernetUdp.o) (close(unsigned char))
../../ArduinoCore/Debug - 2560\libArduino.a(w5100.o)
                              ../../ArduinoCore/Debug - 2560\libArduino.a(socket.o) (W5100Class::write(unsigned int, unsigned char))
../../ArduinoCore/Debug - 2560\libArduino.a(HardwareSerial.o)
                              main.o (Serial)
../../ArduinoCore/Debug - 2560\libArduino.a(IPAddress.o)
                              main.o (vtable for IPAddress)
../../ArduinoCore/Debug - 2560\libArduino.a(new.o)
                              main.o (operator new(unsigned int))
../../ArduinoCore/Debug - 2560\libArduino.a(Print.o)
                              ../../ArduinoCore/Debug - 2560\libArduino.a(EthernetUdp.o) (Print::write(unsigned char const*, unsigned int))
../../ArduinoCore/Debug - 2560\libArduino.a(SPI.o)
                              ../../ArduinoCore/Debug - 2560\libArduino.a(w5100.o) (SPIClass::begin())
../../ArduinoCore/Debug - 2560\libArduino.a(wiring.o)
                              main.o (millis)
../../ArduinoCore/Debug - 2560\libArduino.a(wiring_digital.o)
                              ../../ArduinoCore/Debug - 2560\libArduino.a(SPI.o) (pinMode)
../../ArduinoCore/Debug - 2560\libArduino.a(WString.o)
                              ../../ArduinoCore/Debug - 2560\libArduino.a(Print.o) (String::operator[](unsigned int) const)
../../ArduinoCore/Debug - 2560\libArduino.a(Dhcp.o)
                              ../../ArduinoCore/Debug - 2560\libArduino.a(Ethernet.o) (DhcpClass::getLocalIp())
../../ArduinoCore/Debug - 2560\libArduino.a(Dns.o)
                              ../../ArduinoCore/Debug - 2560\libArduino.a(EthernetUdp.o) (DNSClient::begin(IPAddress const&))
../../ArduinoCore/Debug - 2560\libArduino.a(WMath.o)
                              ../../ArduinoCore/Debug - 2560\libArduino.a(Dhcp.o) (random(long, long))
../../ScoeComms/Debug - 2560\libScoeComms.a(RobotModel.o)
                              main.o (RobotModel::update(unsigned char*, unsigned int, unsigned int))
../../ScoeComms/Debug - 2560\libScoeComms.a(RslModelSection.o)
                              main.o (RslModelSection::RslModelSection())
../../ScoeComms/Debug - 2560\libScoeComms.a(ByteReader.o)
                              ../../ScoeComms/Debug - 2560\libScoeComms.a(RobotModel.o) (readUInt16(unsigned char*, unsigned int*))
../../ScoeComms/Debug - 2560\libScoeComms.a(ByteWriter.o)
                              ../../ScoeComms/Debug - 2560\libScoeComms.a(RobotModel.o) (writeUInt16(unsigned char*, unsigned short, unsigned int))
../../ScoeComms/Debug - 2560\libScoeComms.a(RobotModelSection.o)
                              ../../ScoeComms/Debug - 2560\libScoeComms.a(RslModelSection.o) (RobotModelSection::loop(bool))
c:/program files (x86)/atmel/atmel studio 6.0/extensions/atmel/avrgcc/3.4.0.65/avrtoolchain/bin/../lib/gcc/avr/4.6.2/../../../../avr/lib/avr6\libm.a(addsf3.o)
                              ../../ArduinoCore/Debug - 2560\libArduino.a(Print.o) (__subsf3)
c:/program files (x86)/atmel/atmel studio 6.0/extensions/atmel/avrgcc/3.4.0.65/avrtoolchain/bin/../lib/gcc/avr/4.6.2/../../../../avr/lib/avr6\libm.a(addsf3x.o)
                              c:/program files (x86)/atmel/atmel studio 6.0/extensions/atmel/avrgcc/3.4.0.65/avrtoolchain/bin/../lib/gcc/avr/4.6.2/../../../../avr/lib/avr6\libm.a(addsf3.o) (__addsf3x)
c:/program files (x86)/atmel/atmel studio 6.0/extensions/atmel/avrgcc/3.4.0.65/avrtoolchain/bin/../lib/gcc/avr/4.6.2/../../../../avr/lib/avr6\libm.a(cmpsf2.o)
                              ../../ArduinoCore/Debug - 2560\libArduino.a(Print.o) (__ltsf2)
c:/program files (x86)/atmel/atmel studio 6.0/extensions/atmel/avrgcc/3.4.0.65/avrtoolchain/bin/../lib/gcc/avr/4.6.2/../../../../avr/lib/avr6\libm.a(divsf3.o)
                              ../../ArduinoCore/Debug - 2560\libArduino.a(Print.o) (__divsf3)
c:/program files (x86)/atmel/atmel studio 6.0/extensions/atmel/avrgcc/3.4.0.65/avrtoolchain/bin/../lib/gcc/avr/4.6.2/../../../../avr/lib/avr6\libm.a(divsf3x.o)
                              c:/program files (x86)/atmel/atmel studio 6.0/extensions/atmel/avrgcc/3.4.0.65/avrtoolchain/bin/../lib/gcc/avr/4.6.2/../../../../avr/lib/avr6\libm.a(divsf3.o) (__divsf3x)
c:/program files (x86)/atmel/atmel studio 6.0/extensions/atmel/avrgcc/3.4.0.65/avrtoolchain/bin/../lib/gcc/avr/4.6.2/../../../../avr/lib/avr6\libm.a(fixsfsi.o)
                              ../../ArduinoCore/Debug - 2560\libArduino.a(Print.o) (__fixsfsi)
[...]
Memory Configuration

Name             Origin             Length             Attributes
text             0x00000000         0x00100000         xr
data             0x00800200         0x0000fe00         rw !x
eeprom           0x00810000         0x00010000         rw !x
fuse             0x00820000         0x00000400         rw !x
lock             0x00830000         0x00000400         rw !x
signature        0x00840000         0x00000400         rw !x
*default*        0x00000000         0xffffffff

Linker script and memory map

Address of section .data set to 0x800200
LOAD c:/program files (x86)/atmel/atmel studio 6.0/extensions/atmel/avrgcc/3.4.0.65/avrtoolchain/bin/../lib/gcc/avr/4.6.2/../../../../avr/lib/avr6/crtm2560.o
LOAD main.o
START GROUP
LOAD c:/program files (x86)/atmel/atmel studio 6.0/extensions/atmel/avrgcc/3.4.0.65/avrtoolchain/bin/../lib/gcc/avr/4.6.2/../../../../avr/lib/avr6\libm.a
LOAD ../../ArduinoCore/Debug - 2560\libArduino.a
LOAD ../../ScoeComms/Debug - 2560\libScoeComms.a
END GROUP
LOAD c:/program files (x86)/atmel/atmel studio 6.0/extensions/atmel/avrgcc/3.4.0.65/avrtoolchain/bin/../lib/gcc/avr/4.6.2/avr6\libgcc.a
LOAD c:/program files (x86)/atmel/atmel studio 6.0/extensions/atmel/avrgcc/3.4.0.65/avrtoolchain/bin/../lib/gcc/avr/4.6.2/../../../../avr/lib/avr6\libm.a
LOAD c:/program files (x86)/atmel/atmel studio 6.0/extensions/atmel/avrgcc/3.4.0.65/avrtoolchain/bin/../lib/gcc/avr/4.6.2/avr6\libgcc.a
LOAD c:/program files (x86)/atmel/atmel studio 6.0/extensions/atmel/avrgcc/3.4.0.65/avrtoolchain/bin/../lib/gcc/avr/4.6.2/../../../../avr/lib/avr6\libc.a
LOAD c:/program files (x86)/atmel/atmel studio 6.0/extensions/atmel/avrgcc/3.4.0.65/avrtoolchain/bin/../lib/gcc/avr/4.6.2/avr6\libgcc.a

.hash
 *(.hash)

.dynsym
 *(.dynsym)

.dynstr
 *(.dynstr)

.gnu.version
 *(.gnu.version)

.gnu.version_d
 *(.gnu.version_d)

.gnu.version_r
 *(.gnu.version_r)

.rel.init
 *(.rel.init)

.rela.init
 *(.rela.init)

.rel.text
 *(.rel.text)
 *(.rel.text.*)
 *(.rel.gnu.linkonce.t*)

.rela.text
 *(.rela.text)
 *(.rela.text.*)
 *(.rela.gnu.linkonce.t*)

.rel.fini
 *(.rel.fini)

.rela.fini
 *(.rela.fini)

.rel.rodata
 *(.rel.rodata)
 *(.rel.rodata.*)
 *(.rel.gnu.linkonce.r*)

.rela.rodata
 *(.rela.rodata)
 *(.rela.rodata.*)
 *(.rela.gnu.linkonce.r*)

.rel.data
 *(.rel.data)
 *(.rel.data.*)
 *(.rel.gnu.linkonce.d*)

.rela.data
 *(.rela.data)
 *(.rela.data.*)
 *(.rela.gnu.linkonce.d*)

.rel.ctors
 *(.rel.ctors)

.rela.ctors
 *(.rela.ctors)

.rel.dtors
 *(.rel.dtors)

.rela.dtors
 *(.rela.dtors)

.rel.got
 *(.rel.got)

.rela.got
 *(.rela.got)

.rel.bss
 *(.rel.bss)

.rela.bss
 *(.rela.bss)

.rel.plt
 *(.rel.plt)

.rela.plt
 *(.rela.plt)

.text           0x00000000     0x76d6
 *(.vectors)
 .vectors       0x00000000       0xe4 c:/program files (x86)/atmel/atmel studio 6.0/extensions/atmel/avrgcc/3.4.0.65/avrtoolchain/bin/../lib/gcc/avr/4.6.2/../../../../avr/lib/avr6/crtm2560.o
                0x00000000                __vector_default
                0x00000000                __vectors
 *(.vectors)
 *(.progmem.gcc*)
 *(.progmem*)
 .progmem.data  0x000000e4      0x120 ../../ArduinoCore/Debug - 2560\libArduino.a(wiring_digital.o)
                0x000000e4                digital_pin_to_timer_PGM
                0x0000012a                digital_pin_to_bit_mask_PGM
                0x00000170                digital_pin_to_port_PGM
                0x000001b6                port_to_input_PGM
                0x000001d0                port_to_output_PGM
                0x000001ea                port_to_mode_PGM
                0x00000204                . = ALIGN (0x2)
                0x00000204                __trampolines_start = .
 *(.trampolines)
 .trampolines   0x00000204        0x0 linker stubs
 *(.trampolines*)
                0x00000204                __trampolines_end = .
 *(.jumptables)
 *(.jumptables*)
 *(.lowtext)
 *(.lowtext*)
                0x00000204                __ctors_start = .
 *(.ctors)
 .ctors         0x00000204        0x2 main.o
 .ctors         0x00000206        0x2 ../../ArduinoCore/Debug - 2560\libArduino.a(Ethernet.o)
 .ctors         0x00000208        0x2 ../../ArduinoCore/Debug - 2560\libArduino.a(EthernetUdp.o)
 .ctors         0x0000020a        0x2 ../../ArduinoCore/Debug - 2560\libArduino.a(HardwareSerial.o)
 .ctors         0x0000020c        0x2 ../../ArduinoCore/Debug - 2560\libArduino.a(IPAddress.o)
 .ctors         0x0000020e        0x2 ../../ArduinoCore/Debug - 2560\libArduino.a(Dhcp.o)
 .ctors         0x00000210        0x2 ../../ArduinoCore/Debug - 2560\libArduino.a(Dns.o)
                0x00000212                __ctors_end = .
                0x00000212                __dtors_start = .
 *(.dtors)
                0x00000212                __dtors_end = .
 SORT(*)(.ctors)
 SORT(*)(.dtors)
 *(.init0)
 .init0         0x00000212        0x0 c:/program files (x86)/atmel/atmel studio 6.0/extensions/atmel/avrgcc/3.4.0.65/avrtoolchain/bin/../lib/gcc/avr/4.6.2/../../../../avr/lib/avr6/crtm2560.o
                0x00000212                __init
 *(.init0)
 *(.init1)
 *(.init1)
 *(.init2)
 .init2         0x00000212       0x10 c:/program files (x86)/atmel/atmel studio 6.0/extensions/atmel/avrgcc/3.4.0.65/avrtoolchain/bin/../lib/gcc/avr/4.6.2/../../../../avr/lib/avr6/crtm2560.o
 *(.init2)
 *(.init3)
 *(.init3)
 *(.init4)
 .init4         0x00000222       0x1a c:/program files (x86)/atmel/atmel studio 6.0/extensions/atmel/avrgcc/3.4.0.65/avrtoolchain/bin/../lib/gcc/avr/4.6.2/avr6\libgcc.a(_copy_data.o)
                0x00000222                __do_copy_data
 .init4         0x0000023c       0x10 c:/program files (x86)/atmel/atmel studio 6.0/extensions/atmel/avrgcc/3.4.0.65/avrtoolchain/bin/../lib/gcc/avr/4.6.2/avr6\libgcc.a(_clear_bss.o)
                0x0000023c                __do_clear_bss
 *(.init4)
 *(.init5)
 *(.init5)
 *(.init6)
 .init6         0x0000024c       0x20 c:/program files (x86)/atmel/atmel studio 6.0/extensions/atmel/avrgcc/3.4.0.65/avrtoolchain/bin/../lib/gcc/avr/4.6.2/avr6\libgcc.a(_ctors.o)
                0x0000024c                __do_global_ctors
 *(.init6)
 *(.init7)
 *(.init7)
 *(.init8)
 *(.init8)
 *(.init9)
 .init9         0x0000026c        0x8 c:/program files (x86)/atmel/atmel studio 6.0/extensions/atmel/avrgcc/3.4.0.65/avrtoolchain/bin/../lib/gcc/avr/4.6.2/../../../../avr/lib/avr6/crtm2560.o
 *(.init9)
 *(.text)
 .text          0x00000274        0x4 c:/program files (x86)/atmel/atmel studio 6.0/extensions/atmel/avrgcc/3.4.0.65/avrtoolchain/bin/../lib/gcc/avr/4.6.2/../../../../avr/lib/avr6/crtm2560.o
                0x00000274                __vector_38
                0x00000274                __vector_22
                0x00000274                __vector_28
                0x00000274                __vector_1
                0x00000274                __vector_32
                0x00000274                __vector_34
                0x00000274                __vector_24
                0x00000274                __vector_12
                0x00000274                __vector_46
                0x00000274                __bad_interrupt
                0x00000274                __vector_6
                0x00000274                __vector_31
                0x00000274                __vector_35
                0x00000274                __vector_39
                0x00000274                __vector_3
                0x00000274                __vector_30
                0x00000274                __vector_45
                0x00000274                __vector_11
                0x00000274                __vector_13
                0x00000274                __vector_17
                0x00000274                __vector_19
                0x00000274                __vector_56
                0x00000274                __vector_7
                0x00000274                __vector_49
                0x00000274                __vector_41
                0x00000274                __vector_43
                0x00000274                __vector_27
                0x00000274                __vector_5
                0x00000274                __vector_33
                0x00000274                __vector_47
                0x00000274                __vector_4
                0x00000274                __vector_44
                0x00000274                __vector_9
                0x00000274                __vector_2
                0x00000274                __vector_21
                0x00000274                __vector_15
                0x00000274                __vector_29
                0x00000274                __vector_40
                0x00000274                __vector_8
                0x00000274                __vector_48
                0x00000274                __vector_14
                0x00000274                __vector_53
                0x00000274                __vector_10
                0x00000274                __vector_50
                0x00000274                __vector_16
                0x00000274                __vector_18
                0x00000274                __vector_20
                0x00000274                __vector_42
 .text          0x00000278      0x2b4 main.o
                0x00000278                setup
                0x00000308                loop
                0x000004e6                main
 .text          0x0000052c      0x576 ../../ArduinoCore/Debug - 2560\libArduino.a(Ethernet.o)
                0x0000052c                EthernetClass::begin(unsigned char*)
                0x00000680                EthernetClass::begin(unsigned char*, IPAddress, IPAddress, IPAddress, IPAddress)
                0x0000071a                EthernetClass::begin(unsigned char*, IPAddress, IPAddress, IPAddress)
                0x00000806                EthernetClass::begin(unsigned char*, IPAddress, IPAddress)
                0x000008a6                EthernetClass::begin(unsigned char*, IPAddress)
                0x00000916                EthernetClass::maintain()
                0x000009f8                EthernetClass::localIP()
                0x00000a1c                EthernetClass::subnetMask()
                0x00000a40                EthernetClass::gatewayIP()
                0x00000a64                EthernetClass::dnsServerIP()
 .text          0x00000aa2      0x446 ../../ArduinoCore/Debug - 2560\libArduino.a(EthernetUdp.o)
                0x00000aa2                EthernetUDP::read(char*, unsigned int)
                0x00000ab2                EthernetUDP::remoteIP()
                0x00000ad2                EthernetUDP::remotePort()
                0x00000ada                EthernetUDP::available()
                0x00000ae2                EthernetUDP::write(unsigned char)
                0x00000b0e                EthernetUDP::flush()
                0x00000b98                EthernetUDP::peek()
                0x00000bca                EthernetUDP::read(unsigned char*, unsigned int)
                0x00000c16                EthernetUDP::read()
                0x00000c6e                EthernetUDP::parsePacket()
                0x00000d08                EthernetUDP::write(unsigned char const*, unsigned int)
                0x00000d32                EthernetUDP::endPacket()
                0x00000d3c                EthernetUDP::beginPacket(IPAddress, unsigned int)
                0x00000d4e                EthernetUDP::stop()
                0x00000d78                EthernetUDP::begin(unsigned int)
                0x00000dea                EthernetUDP::EthernetUDP()
                0x00000dea                EthernetUDP::EthernetUDP()
                0x00000e16                EthernetUDP::beginPacket(char const*, unsigned int)
 .text          0x00000ee8      0x83c ../../ArduinoCore/Debug - 2560\libArduino.a(socket.o)
                0x00000ee8                close(unsigned char)
                0x00000f16                socket(unsigned char, unsigned char, unsigned int, unsigned char)
                0x00000fb2                listen(unsigned char)
                0x00000fde                connect(unsigned char, unsigned char*, unsigned int)
                0x00001076                disconnect(unsigned char)
                0x00001084                send(unsigned char, unsigned char const*, unsigned int)
                0x00001166                recv(unsigned char, unsigned char*, int)
                0x000011fc                peek(unsigned char, unsigned char*)
                0x0000121a                sendto(unsigned char, unsigned char const*, unsigned int, unsigned char*, unsigned int)
                0x00001316                recvfrom(unsigned char, unsigned char*, unsigned int, unsigned char*, unsigned int*)
                0x00001554                igmpsend(unsigned char, unsigned char const*, unsigned int)
                0x000015f6                bufferData(unsigned char, unsigned int, unsigned char const*, unsigned int)
                0x0000165e                startUDP(unsigned char, unsigned char*, unsigned int)
                0x000016ce                sendUDP(unsigned char)
 .text          0x00001724      0x554 ../../ArduinoCore/Debug - 2560\libArduino.a(w5100.o)
                0x00001724                W5100Class::write(unsigned int, unsigned char)
                0x00001756                W5100Class::init()
                0x000017d2                W5100Class::write(unsigned int, unsigned char const*, unsigned int)
                0x00001820                W5100Class::read(unsigned int)
                0x00001850                W5100Class::getTXFreeSize(unsigned char)
                0x000018ec                W5100Class::getRXReceivedSize(unsigned char)
                0x0000198a                W5100Class::send_data_processing_offset(unsigned char, unsigned int, unsigned char const*, unsigned int)
                0x00001aa0                W5100Class::send_data_processing(unsigned char, unsigned char const*, unsigned int)
                0x00001ab8                W5100Class::read(unsigned int, unsigned char*, unsigned int)
                0x00001b06                W5100Class::read_data(unsigned char, unsigned char volatile*, unsigned char volatile*, unsigned int)
                0x00001ba2                W5100Class::recv_data_processing(unsigned char, unsigned char*, unsigned int, unsigned char)
                0x00001c52                W5100Class::execCmdSn(unsigned char, SockCMD)
 .text          0x00001c78      0x9aa ../../ArduinoCore/Debug - 2560\libArduino.a(HardwareSerial.o)
                0x00001c78                HardwareSerial::available()
                0x00001c9c                HardwareSerial::peek()
                0x00001cd8                HardwareSerial::read()
                0x00001d28                HardwareSerial::flush()
                0x00001d4e                HardwareSerial::write(unsigned char)
                0x00001dc8                serialEvent()
                0x00001dca                __vector_25
                0x00001e38                serialEvent1()
                0x00001e3a                __vector_36
                0x00001ea8                serialEvent2()
                0x00001eaa                __vector_51
                0x00001f18                serialEvent3()
                0x00001f1a                __vector_54
                0x00001f88                serialEventRun()
                0x00001fca                __vector_26
                0x00002048                __vector_37
                0x000020c6                __vector_52
                0x00002144                __vector_55
                0x000021c2                HardwareSerial::HardwareSerial(ring_buffer*, ring_buffer*, unsigned char volatile*, unsigned char volatile*, unsigned char volatile*, unsigned char volatile*, unsigned char volatile*, unsigned char, unsigned char, unsigned char, unsigned char, unsigned char)
                0x000021c2                HardwareSerial::HardwareSerial(ring_buffer*, ring_buffer*, unsigned char volatile*, unsigned char volatile*, unsigned char volatile*, unsigned char volatile*, unsigned char volatile*, unsigned char, unsigned char, unsigned char, unsigned char, unsigned char)
                0x00002240                HardwareSerial::begin(unsigned long)
                0x000023ec                HardwareSerial::end()
                0x00002498                HardwareSerial::operator bool()
 .text          0x00002622      0x148 ../../ArduinoCore/Debug - 2560\libArduino.a(IPAddress.o)
                0x00002622                IPAddress::printTo(Print&) const
                0x000026aa                IPAddress::IPAddress()
                0x000026aa                IPAddress::IPAddress()
                0x000026be                IPAddress::IPAddress(unsigned char, unsigned char, unsigned char, unsigned char)
                0x000026be                IPAddress::IPAddress(unsigned char, unsigned char, unsigned char, unsigned char)
                0x000026d6                IPAddress::IPAddress(unsigned long)
                0x000026d6                IPAddress::IPAddress(unsigned long)
                0x000026ea                IPAddress::IPAddress(unsigned char const*)
                0x000026ea                IPAddress::IPAddress(unsigned char const*)
                0x00002710                IPAddress::operator=(unsigned char const*)
                0x00002726                IPAddress::operator=(unsigned long)
                0x00002732                IPAddress::operator==(unsigned char const*)
 .text          0x0000276a       0x2e ../../ArduinoCore/Debug - 2560\libArduino.a(new.o)
                0x0000276a                operator new(unsigned int)
                0x00002770                operator delete(void*)
                0x00002776                __cxa_guard_acquire
                0x0000278c                __cxa_guard_release
                0x00002794                __cxa_guard_abort
                0x00002796                __cxa_pure_virtual
 .text          0x00002798      0x6aa ../../ArduinoCore/Debug - 2560\libArduino.a(Print.o)
                0x00002798                Print::write(unsigned char const*, unsigned int)
                0x000027f0                Print::print(__FlashStringHelper const*)
                0x00002842                Print::print(String const&)
                0x000028be                Print::print(char const*)
                0x000028e4                Print::print(char)
                0x000028f4                Print::print(Printable const&)
                0x0000290a                Print::println()
                0x00002932                Print::println(__FlashStringHelper const*)
                0x00002956                Print::println(String const&)
                0x0000297a                Print::println(char const*)
                0x0000299e                Print::println(char)
                0x000029c2                Print::println(Printable const&)
                0x000029e6                Print::printNumber(unsigned long, unsigned char)
                0x00002ad6                Print::print(unsigned long, int)
                0x00002af4                Print::println(unsigned long, int)
                0x00002b18                Print::print(unsigned int, int)
                0x00002b26                Print::println(unsigned int, int)
                0x00002b4a                Print::print(unsigned char, int)
                0x00002b5a                Print::println(unsigned char, int)
                0x00002b7e                Print::print(long, int)
                0x00002bf6                Print::println(long, int)
                0x00002c1a                Print::print(int, int)
                0x00002c2e                Print::println(int, int)
                0x00002c52                Print::printFloat(double, unsigned char)
                0x00002e18                Print::print(double, int)
                0x00002e1e                Print::println(double, int)
 .text          0x00002e42       0x88 ../../ArduinoCore/Debug - 2560\libArduino.a(SPI.o)
                0x00002e42                SPIClass::begin()
                0x00002e80                SPIClass::end()
                0x00002e88                SPIClass::setBitOrder(unsigned char)
                0x00002e9c                SPIClass::setDataMode(unsigned char)
                0x00002ea6                SPIClass::setClockDivider(unsigned char)
 .text          0x00002eca      0x236 ../../ArduinoCore/Debug - 2560\libArduino.a(wiring.o)
                0x00002eca                __vector_23
                0x00002f5e                millis
                0x00002f82                micros
                0x00002fd6                delay
                0x00003028                delayMicroseconds
                0x0000303c                init
 .text          0x00003100      0x210 ../../ArduinoCore/Debug - 2560\libArduino.a(wiring_digital.o)
                0x000031e8                pinMode
                0x00003250                digitalWrite
                0x000032be                digitalRead
 .text          0x00003310     0x10b4 ../../ArduinoCore/Debug - 2560\libArduino.a(WString.o)
                0x00003310                String::~String()
                0x00003310                String::~String()
                0x0000331c                String::invalidate()
                0x00003340                String::changeBuffer(unsigned int)
                0x0000337a                String::reserve(unsigned int)
                0x000033be                String::copy(char const*, unsigned int)
                0x00003402                String::String(char const*)
                0x00003402                String::String(char const*)
                0x0000344a                String::operator=(String const&)
                0x0000347c                String::String(String const&)
                0x0000347c                String::String(String const&)
                0x00003492                String::operator=(char const*)
                0x000034ca                String::String(unsigned long, unsigned char)
                0x000034ca                String::String(unsigned long, unsigned char)
                0x00003526                String::String(long, unsigned char)
                0x00003526                String::String(long, unsigned char)
                0x00003582                String::String(unsigned int, unsigned char)
                0x00003582                String::String(unsigned int, unsigned char)
                0x000035dc                String::String(int, unsigned char)
                0x000035dc                String::String(int, unsigned char)
                0x00003636                String::String(unsigned char, unsigned char)
                0x00003636                String::String(unsigned char, unsigned char)
                0x00003692                String::String(char)
                0x00003692                String::String(char)
                0x000036c6                String::concat(char const*, unsigned int)
                0x0000372c                String::concat(String const&)
                0x0000373e                String::concat(char const*)
                0x00003764                String::concat(char)
                0x0000378c                String::concat(unsigned char)
                0x000037e6                String::concat(int)
                0x0000384a                String::concat(unsigned int)
                0x000038a6                String::concat(long)
                0x0000390c                String::concat(unsigned long)
                0x00003972                operator+(StringSumHelper const&, String const&)
                0x000039a0                operator+(StringSumHelper const&, char const*)
                0x000039de                operator+(StringSumHelper const&, char)
                0x00003a00                operator+(StringSumHelper const&, unsigned char)
                0x00003a22                operator+(StringSumHelper const&, int)
                0x00003a44                operator+(StringSumHelper const&, unsigned int)
                0x00003a66                operator+(StringSumHelper const&, long)
                0x00003a88                operator+(StringSumHelper const&, unsigned long)
                0x00003aaa                String::compareTo(String const&) const
                0x00003b16                String::equals(String const&) const
                0x00003b3c                String::equals(char const*) const
                0x00003b8e                String::operator<(String const&) const
                0x00003b9c                String::operator>(String const&) const
                0x00003bae                String::operator<=(String const&) const
                0x00003bc0                String::operator>=(String const&) const
                0x00003bd0                String::equalsIgnoreCase(String const&) const
                0x00003c4c                String::startsWith(String const&, unsigned int) const
                0x00003ca0                String::startsWith(String const&) const
                0x00003cc0                String::endsWith(String const&) const
                0x00003d14                String::setCharAt(unsigned int, char)
                0x00003d2e                String::operator[](unsigned int)
                0x00003d52                String::operator[](unsigned int) const
                0x00003d78                String::charAt(unsigned int) const
                0x00003d7e                String::getBytes(unsigned char*, unsigned int, unsigned int) const
                0x00003dd4                String::indexOf(char, unsigned int) const
                0x00003e0e                String::indexOf(char) const
                0x00003e18                String::indexOf(String const&, unsigned int) const
                0x00003e56                String::indexOf(String const&) const
                0x00003e60                String::lastIndexOf(char, unsigned int) const
                0x00003ed2                String::lastIndexOf(char) const
                0x00003ee2                String::lastIndexOf(String const&, unsigned int) const
                0x00003fa0                String::lastIndexOf(String const&) const
                0x00003fbc                String::substring(unsigned int, unsigned int) const
                0x00004046                String::substring(unsigned int) const
                0x0000405e                String::replace(char, char)
                0x00004084                String::replace(String const&, String const&)
                0x0000426e                String::toLowerCase()
                0x000042a8                String::toUpperCase()
                0x000042e2                String::trim()
                0x00004398                String::toInt() const
 .text          0x000043c4      0xe1c ../../ArduinoCore/Debug - 2560\libArduino.a(Dhcp.o)
                0x000043c4                DhcpClass::reset_DHCP_lease()
                0x000043d6                DhcpClass::presend_DHCP()
                0x000043d8                DhcpClass::parseDHCPResponse(unsigned long, unsigned long&)
                0x000048f8                DhcpClass::getLocalIp()
                0x0000490e                DhcpClass::getSubnetMask()
                0x00004924                DhcpClass::getGatewayIp()
                0x0000493a                DhcpClass::getDhcpServerIp()
                0x00004950                DhcpClass::getDnsServerIp()
                0x00004966                DhcpClass::printByte(char*, unsigned char)
                0x0000498c                DhcpClass::send_DHCP_MESSAGE(unsigned char, unsigned int)
                0x00004c22                DhcpClass::request_DHCP_lease()
                0x00004f6e                DhcpClass::checkLease()
                0x00005132                DhcpClass::beginWithDHCP(unsigned char*, unsigned long, unsigned long)
 .text          0x000051e0      0x6c0 ../../ArduinoCore/Debug - 2560\libArduino.a(Dns.o)
                0x000051e0                DNSClient::begin(IPAddress const&)
                0x00005202                DNSClient::inet_aton(char const*, IPAddress&)
                0x000052ac                DNSClient::BuildRequest(char const*)
                0x0000541e                DNSClient::ProcessResponse(unsigned int, IPAddress&)
                0x0000574e                DNSClient::getHostByName(char const*, IPAddress&)
 .text          0x000058a0      0x14c ../../ArduinoCore/Debug - 2560\libArduino.a(WMath.o)
                0x000058a0                randomSeed(unsigned int)
                0x000058b0                random(long)
                0x000058f8                random(long, long)
                0x00005940                map(long, long, long, long, long)
                0x000059da                makeWord(unsigned int)
                0x000059dc                makeWord(unsigned char, unsigned char)
 .text          0x000059ec      0x3c4 ../../ScoeComms/Debug - 2560\libScoeComms.a(RobotModel.o)
                0x000059ec                RobotModel::init()
                0x000059f4                RobotModel::RobotModel()
                0x000059f4                RobotModel::RobotModel()
                0x000059fa                RobotModel::update(unsigned char*, unsigned int, unsigned int)
                0x00005b82                RobotModel::getStatus(unsigned char*, unsigned int*)
                0x00005cc8                RobotModel::loop(bool)
                0x00005d2e                RobotModel::addSection(RobotModelSection*)
 .text          0x00005db0      0x2be ../../ScoeComms/Debug - 2560\libScoeComms.a(RslModelSection.o)
                0x00005db0                RslModelSection::update(unsigned char*, unsigned int)
                0x00005dbe                RslModelSection::getStatus(unsigned char*, unsigned int*)
                0x00005dc0                RslModelSection::RslModelSection()
                0x00005dc0                RslModelSection::RslModelSection()
                0x00005df0                RslModelSection::driveNoState()
                0x00005e2c                RslModelSection::driveNoBeagleComm()
                0x00005e68                RslModelSection::driveNoFrcComm()
                0x00005ea4                RslModelSection::driveEnabled()
                0x00005f08                RslModelSection::driveDisabled()
                0x00005f4a                RslModelSection::driveEStopped()
                0x00005f50                RslModelSection::driveAutonomous()
                0x00005fe8                RslModelSection::driveLight(bool)
                0x00006050                RslModelSection::loop(bool)
 .text          0x0000606e      0x784 ../../ScoeComms/Debug - 2560\libScoeComms.a(ByteReader.o)
                0x0000606e                readUInt8(unsigned char*, unsigned int*)
                0x00006086                readUInt16(unsigned char*, unsigned int*)
                0x000060aa                readUInt32(unsigned char*, unsigned int*)
                0x00006120                readUInt64(unsigned char*, unsigned int*)
                0x0000677a                readBytes(unsigned char*, unsigned char*, int, unsigned int*)
                0x000067c6                readFloat(unsigned char*, unsigned int*)
 .text          0x000067f2       0x7a ../../ScoeComms/Debug - 2560\libScoeComms.a(ByteWriter.o)
                0x000067f2                writeByte(unsigned char*, unsigned char, int)
                0x00006800                writeUInt16(unsigned char*, unsigned short, unsigned int)
                0x00006810                writeUInt32(unsigned char*, unsigned long, unsigned int)
                0x00006824                writeUInt32ForCrc(unsigned char*, unsigned long, unsigned int)
                0x00006838                writeBytes(unsigned char*, unsigned int, unsigned char*, int, unsigned int)
 .text          0x0000686c       0x6e ../../ScoeComms/Debug - 2560\libScoeComms.a(RobotModelSection.o)
                0x0000686c                RobotModelSection::update(unsigned char*, unsigned int)
                0x0000686e                RobotModelSection::getStatus(unsigned char*, unsigned int*)
                0x00006870                RobotModelSection::loop(bool)
                0x000068ba                RobotModelSection::disableOutputs()
                0x000068bc                RobotModelSection::enableOutputs()
                0x000068be                RobotModelSection::init()
                0x000068ca                RobotModelSection::RobotModelSection()
                0x000068ca                RobotModelSection::RobotModelSection()
 .text          0x000068da        0x0 c:/program files (x86)/atmel/atmel studio 6.0/extensions/atmel/avrgcc/3.4.0.65/avrtoolchain/bin/../lib/gcc/avr/4.6.2/../../../../avr/lib/avr6\libm.a(addsf3.o)
 .text          0x000068da        0x0 c:/program files (x86)/atmel/atmel studio 6.0/extensions/atmel/avrgcc/3.4.0.65/avrtoolchain/bin/../lib/gcc/avr/4.6.2/../../../../avr/lib/avr6\libm.a(addsf3x.o)
 .text          0x000068da        0x0 c:/program files (x86)/atmel/atmel studio 6.0/extensions/atmel/avrgcc/3.4.0.65/avrtoolchain/bin/../lib/gcc/avr/4.6.2/../../../../avr/lib/avr6\libm.a(cmpsf2.o)
 .text          0x000068da        0x0 c:/program files (x86)/atmel/atmel studio 6.0/extensions/atmel/avrgcc/3.4.0.65/avrtoolchain/bin/../lib/gcc/avr/4.6.2/../../../../avr/lib/avr6\libm.a(divsf3.o)
 .text          0x000068da        0x0 c:/program files (x86)/atmel/atmel studio 6.0/extensions/atmel/avrgcc/3.4.0.65/avrtoolchain/bin/../lib/gcc/avr/4.6.2/../../../../avr/lib/avr6\libm.a(divsf3x.o)
 .text          0x000068da        0x0 c:/program files (x86)/atmel/atmel studio 6.0/extensions/atmel/avrgcc/3.4.0.65/avrtoolchain/bin/../lib/gcc/avr/4.6.2/../../../../avr/lib/avr6\libm.a(fixsfsi.o)
 .text          0x000068da        0x0 c:/program files (x86)/atmel/atmel studio 6.0/extensions/atmel/avrgcc/3.4.0.65/avrtoolchain/bin/../lib/gcc/avr/4.6.2/../../../../avr/lib/avr6\libm.a(fixunssfsi.o)
 .text          0x000068da        0x0 c:/program files (x86)/atmel/atmel studio 6.0/extensions/atmel/avrgcc/3.4.0.65/avrtoolchain/bin/../lib/gcc/avr/4.6.2/../../../../avr/lib/avr6\libm.a(floatsisf.o)
 .text          0x000068da        0x0 c:/program files (x86)/atmel/atmel studio 6.0/extensions/atmel/avrgcc/3.4.0.65/avrtoolchain/bin/../lib/gcc/avr/4.6.2/../../../../avr/lib/avr6\libm.a(fp_cmp.o)
 .text          0x000068da        0x0 c:/program files (x86)/atmel/atmel studio 6.0/extensions/atmel/avrgcc/3.4.0.65/avrtoolchain/bin/../lib/gcc/avr/4.6.2/../../../../avr/lib/avr6\libm.a(fp_inf.o)
 .text          0x000068da        0x0 c:/program files (x86)/atmel/atmel studio 6.0/extensions/atmel/avrgcc/3.4.0.65/avrtoolchain/bin/../lib/gcc/avr/4.6.2/../../../../avr/lib/avr6\libm.a(fp_nan.o)
 .text          0x000068da        0x0 c:/program files (x86)/atmel/atmel studio 6.0/extensions/atmel/avrgcc/3.4.0.65/avrtoolchain/bin/../lib/gcc/avr/4.6.2/../../../../avr/lib/avr6\libm.a(fp_pscA.o)
 .text          0x000068da        0x0 c:/program files (x86)/atmel/atmel studio 6.0/extensions/atmel/avrgcc/3.4.0.65/avrtoolchain/bin/../lib/gcc/avr/4.6.2/../../../../avr/lib/avr6\libm.a(fp_pscB.o)
 .text          0x000068da        0x0 c:/program files (x86)/atmel/atmel studio 6.0/extensions/atmel/avrgcc/3.4.0.65/avrtoolchain/bin/../lib/gcc/avr/4.6.2/../../../../avr/lib/avr6\libm.a(fp_round.o)
 .text          0x000068da        0x0 c:/program files (x86)/atmel/atmel studio 6.0/extensions/atmel/avrgcc/3.4.0.65/avrtoolchain/bin/../lib/gcc/avr/4.6.2/../../../../avr/lib/avr6\libm.a(fp_split3.o)
 .text          0x000068da        0x0 c:/program files (x86)/atmel/atmel studio 6.0/extensions/atmel/avrgcc/3.4.0.65/avrtoolchain/bin/../lib/gcc/avr/4.6.2/../../../../avr/lib/avr6\libm.a(fp_zero.o)
 .text          0x000068da        0x0 c:/program files (x86)/atmel/atmel studio 6.0/extensions/atmel/avrgcc/3.4.0.65/avrtoolchain/bin/../lib/gcc/avr/4.6.2/../../../../avr/lib/avr6\libm.a(mulsf3.o)
 .text          0x000068da        0x0 c:/program files (x86)/atmel/atmel studio 6.0/extensions/atmel/avrgcc/3.4.0.65/avrtoolchain/bin/../lib/gcc/avr/4.6.2/../../../../avr/lib/avr6\libm.a(mulsf3x.o)
 .text          0x000068da        0x0 c:/program files (x86)/atmel/atmel studio 6.0/extensions/atmel/avrgcc/3.4.0.65/avrtoolchain/bin/../lib/gcc/avr/4.6.2/avr6\libgcc.a(_mulsi3.o)
 .text          0x000068da        0x0 c:/program files (x86)/atmel/atmel studio 6.0/extensions/atmel/avrgcc/3.4.0.65/avrtoolchain/bin/../lib/gcc/avr/4.6.2/avr6\libgcc.a(_udivmodsi4.o)
 .text          0x000068da        0x0 c:/program files (x86)/atmel/atmel studio 6.0/extensions/atmel/avrgcc/3.4.0.65/avrtoolchain/bin/../lib/gcc/avr/4.6.2/avr6\libgcc.a(_divmodsi4.o)
 .text          0x000068da        0x0 c:/program files (x86)/atmel/atmel studio 6.0/extensions/atmel/avrgcc/3.4.0.65/avrtoolchain/bin/../lib/gcc/avr/4.6.2/avr6\libgcc.a(_exit.o)
 .text          0x000068da        0x0 c:/program files (x86)/atmel/atmel studio 6.0/extensions/atmel/avrgcc/3.4.0.65/avrtoolchain/bin/../lib/gcc/avr/4.6.2/avr6\libgcc.a(_copy_data.o)
 .text          0x000068da        0x0 c:/program files (x86)/atmel/atmel studio 6.0/extensions/atmel/avrgcc/3.4.0.65/avrtoolchain/bin/../lib/gcc/avr/4.6.2/avr6\libgcc.a(_clear_bss.o)
 .text          0x000068da        0x0 c:/program files (x86)/atmel/atmel studio 6.0/extensions/atmel/avrgcc/3.4.0.65/avrtoolchain/bin/../lib/gcc/avr/4.6.2/avr6\libgcc.a(_ctors.o)
 .text          0x000068da       0xf4 c:/program files (x86)/atmel/atmel studio 6.0/extensions/atmel/avrgcc/3.4.0.65/avrtoolchain/bin/../lib/gcc/avr/4.6.2/avr6\libgcc.a(_ashldi3.o)
                0x000068da                __ashldi3
 .text          0x000069ce        0x0 c:/program files (x86)/atmel/atmel studio 6.0/extensions/atmel/avrgcc/3.4.0.65/avrtoolchain/bin/../lib/gcc/avr/4.6.2/avr6\libgcc.a(_tablejump_elpm.o)
 .text          0x000069ce        0x0 c:/program files (x86)/atmel/atmel studio 6.0/extensions/atmel/avrgcc/3.4.0.65/avrtoolchain/bin/../lib/gcc/avr/4.6.2/../../../../avr/lib/avr6\libc.a(malloc.o)
 .text          0x000069ce        0x0 c:/program files (x86)/atmel/atmel studio 6.0/extensions/atmel/avrgcc/3.4.0.65/avrtoolchain/bin/../lib/gcc/avr/4.6.2/../../../../avr/lib/avr6\libc.a(random.o)
 .text          0x000069ce        0x0 c:/program files (x86)/atmel/atmel studio 6.0/extensions/atmel/avrgcc/3.4.0.65/avrtoolchain/bin/../lib/gcc/avr/4.6.2/../../../../avr/lib/avr6\libc.a(realloc.o)
 .text          0x000069ce        0x0 c:/program files (x86)/atmel/atmel studio 6.0/extensions/atmel/avrgcc/3.4.0.65/avrtoolchain/bin/../lib/gcc/avr/4.6.2/../../../../avr/lib/avr6\libc.a(atol.o)
 .text          0x000069ce        0x0 c:/program files (x86)/atmel/atmel studio 6.0/extensions/atmel/avrgcc/3.4.0.65/avrtoolchain/bin/../lib/gcc/avr/4.6.2/../../../../avr/lib/avr6\libc.a(isspace.o)
 .text          0x000069ce        0x0 c:/program files (x86)/atmel/atmel studio 6.0/extensions/atmel/avrgcc/3.4.0.65/avrtoolchain/bin/../lib/gcc/avr/4.6.2/../../../../avr/lib/avr6\libc.a(tolower.o)
 .text          0x000069ce        0x0 c:/program files (x86)/atmel/atmel studio 6.0/extensions/atmel/avrgcc/3.4.0.65/avrtoolchain/bin/../lib/gcc/avr/4.6.2/../../../../avr/lib/avr6\libc.a(toupper.o)
 .text          0x000069ce        0x0 c:/program files (x86)/atmel/atmel studio 6.0/extensions/atmel/avrgcc/3.4.0.65/avrtoolchain/bin/../lib/gcc/avr/4.6.2/../../../../avr/lib/avr6\libc.a(memcmp.o)
 .text          0x000069ce        0x0 c:/program files (x86)/atmel/atmel studio 6.0/extensions/atmel/avrgcc/3.4.0.65/avrtoolchain/bin/../lib/gcc/avr/4.6.2/../../../../avr/lib/avr6\libc.a(memcpy.o)
 .text          0x000069ce        0x0 c:/program files (x86)/atmel/atmel studio 6.0/extensions/atmel/avrgcc/3.4.0.65/avrtoolchain/bin/../lib/gcc/avr/4.6.2/../../../../avr/lib/avr6\libc.a(memmove.o)
 .text          0x000069ce        0x0 c:/program files (x86)/atmel/atmel studio 6.0/extensions/atmel/avrgcc/3.4.0.65/avrtoolchain/bin/../lib/gcc/avr/4.6.2/../../../../avr/lib/avr6\libc.a(strchr.o)
 .text          0x000069ce        0x0 c:/program files (x86)/atmel/atmel studio 6.0/extensions/atmel/avrgcc/3.4.0.65/avrtoolchain/bin/../lib/gcc/avr/4.6.2/../../../../avr/lib/avr6\libc.a(strcmp.o)
 .text          0x000069ce        0x0 c:/program files (x86)/atmel/atmel studio 6.0/extensions/atmel/avrgcc/3.4.0.65/avrtoolchain/bin/../lib/gcc/avr/4.6.2/../../../../avr/lib/avr6\libc.a(strcpy.o)
 .text          0x000069ce        0x0 c:/program files (x86)/atmel/atmel studio 6.0/extensions/atmel/avrgcc/3.4.0.65/avrtoolchain/bin/../lib/gcc/avr/4.6.2/../../../../avr/lib/avr6\libc.a(strncmp.o)
 .text          0x000069ce        0x0 c:/program files (x86)/atmel/atmel studio 6.0/extensions/atmel/avrgcc/3.4.0.65/avrtoolchain/bin/../lib/gcc/avr/4.6.2/../../../../avr/lib/avr6\libc.a(strncpy.o)
 .text          0x000069ce        0x0 c:/program files (x86)/atmel/atmel studio 6.0/extensions/atmel/avrgcc/3.4.0.65/avrtoolchain/bin/../lib/gcc/avr/4.6.2/../../../../avr/lib/avr6\libc.a(strrchr.o)
 .text          0x000069ce        0x0 c:/program files (x86)/atmel/atmel studio 6.0/extensions/atmel/avrgcc/3.4.0.65/avrtoolchain/bin/../lib/gcc/avr/4.6.2/../../../../avr/lib/avr6\libc.a(strstr.o)
 .text          0x000069ce        0x0 c:/program files (x86)/atmel/atmel studio 6.0/extensions/atmel/avrgcc/3.4.0.65/avrtoolchain/bin/../lib/gcc/avr/4.6.2/../../../../avr/lib/avr6\libc.a(itoa.o)
 .text          0x000069ce        0x0 c:/program files (x86)/atmel/atmel studio 6.0/extensions/atmel/avrgcc/3.4.0.65/avrtoolchain/bin/../lib/gcc/avr/4.6.2/../../../../avr/lib/avr6\libc.a(ltoa.o)
 .text          0x000069ce        0x0 c:/program files (x86)/atmel/atmel studio 6.0/extensions/atmel/avrgcc/3.4.0.65/avrtoolchain/bin/../lib/gcc/avr/4.6.2/../../../../avr/lib/avr6\libc.a(mulsi10.o)
 .text          0x000069ce        0x0 c:/program files (x86)/atmel/atmel studio 6.0/extensions/atmel/avrgcc/3.4.0.65/avrtoolchain/bin/../lib/gcc/avr/4.6.2/../../../../avr/lib/avr6\libc.a(ultoa.o)
 .text          0x000069ce        0x0 c:/program files (x86)/atmel/atmel studio 6.0/extensions/atmel/avrgcc/3.4.0.65/avrtoolchain/bin/../lib/gcc/avr/4.6.2/../../../../avr/lib/avr6\libc.a(utoa.o)
 .text          0x000069ce        0x0 c:/program files (x86)/atmel/atmel studio 6.0/extensions/atmel/avrgcc/3.4.0.65/avrtoolchain/bin/../lib/gcc/avr/4.6.2/../../../../avr/lib/avr6\libc.a(cty_isfalse.o)
 .text          0x000069ce        0x0 c:/program files (x86)/atmel/atmel studio 6.0/extensions/atmel/avrgcc/3.4.0.65/avrtoolchain/bin/../lib/gcc/avr/4.6.2/../../../../avr/lib/avr6\libc.a(strrev.o)
 .text          0x000069ce        0x0 c:/program files (x86)/atmel/atmel studio 6.0/extensions/atmel/avrgcc/3.4.0.65/avrtoolchain/bin/../lib/gcc/avr/4.6.2/avr6\libgcc.a(_udivmodhi4.o)
                0x000069ce                . = ALIGN (0x2)
 *(.text.*)
 .text.avr-libc.fplib
                0x000069ce        0xa c:/program files (x86)/atmel/atmel studio 6.0/extensions/atmel/avrgcc/3.4.0.65/avrtoolchain/bin/../lib/gcc/avr/4.6.2/../../../../avr/lib/avr6\libm.a(addsf3.o)
                0x000069ce                __subsf3
                0x000069d0                __addsf3
 .text.avr-libc.fplib
                0x000069d8       0xc0 c:/program files (x86)/atmel/atmel studio 6.0/extensions/atmel/avrgcc/3.4.0.65/avrtoolchain/bin/../lib/gcc/avr/4.6.2/../../../../avr/lib/avr6\libm.a(addsf3x.o)
                0x000069f2                __addsf3x
 .text.avr-libc.fplib
                0x00006a98        0x8 c:/program files (x86)/atmel/atmel studio 6.0/extensions/atmel/avrgcc/3.4.0.65/avrtoolchain/bin/../lib/gcc/avr/4.6.2/../../../../avr/lib/avr6\libm.a(cmpsf2.o)
                0x00006a98                __nesf2
                0x00006a98                __eqsf2
                0x00006a98                __cmpsf2
                0x00006a98                __ltsf2
                0x00006a98                __lesf2
 .text.avr-libc.fplib
                0x00006aa0        0x4 c:/program files (x86)/atmel/atmel studio 6.0/extensions/atmel/avrgcc/3.4.0.65/avrtoolchain/bin/../lib/gcc/avr/4.6.2/../../../../avr/lib/avr6\libm.a(divsf3.o)
                0x00006aa0                __divsf3
 .text.avr-libc.fplib
                0x00006aa4       0xcc c:/program files (x86)/atmel/atmel studio 6.0/extensions/atmel/avrgcc/3.4.0.65/avrtoolchain/bin/../lib/gcc/avr/4.6.2/../../../../avr/lib/avr6\libm.a(divsf3x.o)
                0x00006aba                __divsf3x
                0x00006abe                __divsf3_pse
 .text.avr-libc.fplib
                0x00006b70        0xa c:/program files (x86)/atmel/atmel studio 6.0/extensions/atmel/avrgcc/3.4.0.65/avrtoolchain/bin/../lib/gcc/avr/4.6.2/../../../../avr/lib/avr6\libm.a(fixsfsi.o)
                0x00006b70                __fixsfsi
 .text.avr-libc.fplib
                0x00006b7a       0x58 c:/program files (x86)/atmel/atmel studio 6.0/extensions/atmel/avrgcc/3.4.0.65/avrtoolchain/bin/../lib/gcc/avr/4.6.2/../../../../avr/lib/avr6\libm.a(fixunssfsi.o)
                0x00006b7a                __fixunssfsi
 .text.avr-libc.fplib
                0x00006bd2       0x7a c:/program files (x86)/atmel/atmel studio 6.0/extensions/atmel/avrgcc/3.4.0.65/avrtoolchain/bin/../lib/gcc/avr/4.6.2/../../../../avr/lib/avr6\libm.a(floatsisf.o)
                0x00006bd2                __floatunsisf
                0x00006bd6                __floatsisf
 .text.avr-libc.fplib
                0x00006c4c       0x48 c:/program files (x86)/atmel/atmel studio 6.0/extensions/atmel/avrgcc/3.4.0.65/avrtoolchain/bin/../lib/gcc/avr/4.6.2/../../../../avr/lib/avr6\libm.a(fp_cmp.o)
                0x00006c4c                __fp_cmp
 .text.avr-libc.fplib
                0x00006c94        0xc c:/program files (x86)/atmel/atmel studio 6.0/extensions/atmel/avrgcc/3.4.0.65/avrtoolchain/bin/../lib/gcc/avr/4.6.2/../../../../avr/lib/avr6\libm.a(fp_inf.o)
                0x00006c94                __fp_inf
 .text.avr-libc.fplib
                0x00006ca0        0x6 c:/program files (x86)/atmel/atmel studio 6.0/extensions/atmel/avrgcc/3.4.0.65/avrtoolchain/bin/../lib/gcc/avr/4.6.2/../../../../avr/lib/avr6\libm.a(fp_nan.o)
                0x00006ca0                __fp_nan
 .text.avr-libc.fplib
                0x00006ca6        0xe c:/program files (x86)/atmel/atmel studio 6.0/extensions/atmel/avrgcc/3.4.0.65/avrtoolchain/bin/../lib/gcc/avr/4.6.2/../../../../avr/lib/avr6\libm.a(fp_pscA.o)
                0x00006ca6                __fp_pscA
 .text.avr-libc.fplib
                0x00006cb4        0xe c:/program files (x86)/atmel/atmel studio 6.0/extensions/atmel/avrgcc/3.4.0.65/avrtoolchain/bin/../lib/gcc/avr/4.6.2/../../../../avr/lib/avr6\libm.a(fp_pscB.o)
                0x00006cb4                __fp_pscB
 .text.avr-libc.fplib
                0x00006cc2       0x22 c:/program files (x86)/atmel/atmel studio 6.0/extensions/atmel/avrgcc/3.4.0.65/avrtoolchain/bin/../lib/gcc/avr/4.6.2/../../../../avr/lib/avr6\libm.a(fp_round.o)
                0x00006cc2                __fp_round
 .text.avr-libc.fplib
                0x00006ce4       0x44 c:/program files (x86)/atmel/atmel studio 6.0/extensions/atmel/avrgcc/3.4.0.65/avrtoolchain/bin/../lib/gcc/avr/4.6.2/../../../../avr/lib/avr6\libm.a(fp_split3.o)
                0x00006ce4                __fp_split3
                0x00006cf4                __fp_splitA
 .text.avr-libc.fplib
                0x00006d28        0xe c:/program files (x86)/atmel/atmel studio 6.0/extensions/atmel/avrgcc/3.4.0.65/avrtoolchain/bin/../lib/gcc/avr/4.6.2/../../../../avr/lib/avr6\libm.a(fp_zero.o)
                0x00006d28                __fp_zero
                0x00006d2a                __fp_szero
 .text.avr-libc.fplib
                0x00006d36        0x4 c:/program files (x86)/atmel/atmel studio 6.0/extensions/atmel/avrgcc/3.4.0.65/avrtoolchain/bin/../lib/gcc/avr/4.6.2/../../../../avr/lib/avr6\libm.a(mulsf3.o)
                0x00006d36                __mulsf3
 .text.avr-libc.fplib
                0x00006d3a       0xc2 c:/program files (x86)/atmel/atmel studio 6.0/extensions/atmel/avrgcc/3.4.0.65/avrtoolchain/bin/../lib/gcc/avr/4.6.2/../../../../avr/lib/avr6\libm.a(mulsf3x.o)
                0x00006d4e                __mulsf3x
                0x00006d52                __mulsf3_pse
 .text.libgcc   0x00006dfc       0x3e c:/program files (x86)/atmel/atmel studio 6.0/extensions/atmel/avrgcc/3.4.0.65/avrtoolchain/bin/../lib/gcc/avr/4.6.2/avr6\libgcc.a(_mulsi3.o)
                0x00006dfc                __mulsi3
 .text.libgcc   0x00006e3a       0x44 c:/program files (x86)/atmel/atmel studio 6.0/extensions/atmel/avrgcc/3.4.0.65/avrtoolchain/bin/../lib/gcc/avr/4.6.2/avr6\libgcc.a(_udivmodsi4.o)
                0x00006e3a                __udivmodsi4
 .text.libgcc   0x00006e7e       0x36 c:/program files (x86)/atmel/atmel studio 6.0/extensions/atmel/avrgcc/3.4.0.65/avrtoolchain/bin/../lib/gcc/avr/4.6.2/avr6\libgcc.a(_divmodsi4.o)
                0x00006e7e                __divmodsi4
 .text.libgcc   0x00006eb4        0x0 c:/program files (x86)/atmel/atmel studio 6.0/extensions/atmel/avrgcc/3.4.0.65/avrtoolchain/bin/../lib/gcc/avr/4.6.2/avr6\libgcc.a(_exit.o)
 .text.libgcc   0x00006eb4        0x0 c:/program files (x86)/atmel/atmel studio 6.0/extensions/atmel/avrgcc/3.4.0.65/avrtoolchain/bin/../lib/gcc/avr/4.6.2/avr6\libgcc.a(_copy_data.o)
 .text.libgcc   0x00006eb4        0x0 c:/program files (x86)/atmel/atmel studio 6.0/extensions/atmel/avrgcc/3.4.0.65/avrtoolchain/bin/../lib/gcc/avr/4.6.2/avr6\libgcc.a(_clear_bss.o)
 .text.libgcc   0x00006eb4        0x0 c:/program files (x86)/atmel/atmel studio 6.0/extensions/atmel/avrgcc/3.4.0.65/avrtoolchain/bin/../lib/gcc/avr/4.6.2/avr6\libgcc.a(_ctors.o)
 .text.libgcc   0x00006eb4        0x8 c:/program files (x86)/atmel/atmel studio 6.0/extensions/atmel/avrgcc/3.4.0.65/avrtoolchain/bin/../lib/gcc/avr/4.6.2/avr6\libgcc.a(_tablejump_elpm.o)
                0x00006eb4                __tablejump_elpm__
 .text.avr-libc
                0x00006ebc      0x25e c:/program files (x86)/atmel/atmel studio 6.0/extensions/atmel/avrgcc/3.4.0.65/avrtoolchain/bin/../lib/gcc/avr/4.6.2/../../../../avr/lib/avr6\libc.a(malloc.o)
                0x00006ebc                malloc
                0x00006fe8                free
 .text.avr-libc
                0x0000711a       0xd8 c:/program files (x86)/atmel/atmel studio 6.0/extensions/atmel/avrgcc/3.4.0.65/avrtoolchain/bin/../lib/gcc/avr/4.6.2/../../../../avr/lib/avr6\libc.a(random.o)
                0x000071cc                random_r
                0x000071d2                random
                0x000071dc                srandom
 .text.avr-libc
                0x000071f2      0x1c0 c:/program files (x86)/atmel/atmel studio 6.0/extensions/atmel/avrgcc/3.4.0.65/avrtoolchain/bin/../lib/gcc/avr/4.6.2/../../../../avr/lib/avr6\libc.a(realloc.o)
                0x000071f2                realloc
 .text.avr-libc
                0x000073b2       0x4e c:/program files (x86)/atmel/atmel studio 6.0/extensions/atmel/avrgcc/3.4.0.65/avrtoolchain/bin/../lib/gcc/avr/4.6.2/../../../../avr/lib/avr6\libc.a(atol.o)
                0x000073b2                atol
 .text.avr-libc
                0x00007400       0x10 c:/program files (x86)/atmel/atmel studio 6.0/extensions/atmel/avrgcc/3.4.0.65/avrtoolchain/bin/../lib/gcc/avr/4.6.2/../../../../avr/lib/avr6\libc.a(isspace.o)
                0x00007400                isspace
 .text.avr-libc
                0x00007410       0x10 c:/program files (x86)/atmel/atmel studio 6.0/extensions/atmel/avrgcc/3.4.0.65/avrtoolchain/bin/../lib/gcc/avr/4.6.2/../../../../avr/lib/avr6\libc.a(tolower.o)
                0x00007410                tolower
 .text.avr-libc
                0x00007420       0x10 c:/program files (x86)/atmel/atmel studio 6.0/extensions/atmel/avrgcc/3.4.0.65/avrtoolchain/bin/../lib/gcc/avr/4.6.2/../../../../avr/lib/avr6\libc.a(toupper.o)
                0x00007420                toupper
 .text.avr-libc
                0x00007430       0x1a c:/program files (x86)/atmel/atmel studio 6.0/extensions/atmel/avrgcc/3.4.0.65/avrtoolchain/bin/../lib/gcc/avr/4.6.2/../../../../avr/lib/avr6\libc.a(memcmp.o)
                0x00007430                memcmp
 .text.avr-libc
                0x0000744a       0x12 c:/program files (x86)/atmel/atmel studio 6.0/extensions/atmel/avrgcc/3.4.0.65/avrtoolchain/bin/../lib/gcc/avr/4.6.2/../../../../avr/lib/avr6\libc.a(memcpy.o)
                0x0000744a                memcpy
 .text.avr-libc
                0x0000745c       0x24 c:/program files (x86)/atmel/atmel studio 6.0/extensions/atmel/avrgcc/3.4.0.65/avrtoolchain/bin/../lib/gcc/avr/4.6.2/../../../../avr/lib/avr6\libc.a(memmove.o)
                0x0000745c                memmove
 .text.avr-libc
                0x00007480       0x16 c:/program files (x86)/atmel/atmel studio 6.0/extensions/atmel/avrgcc/3.4.0.65/avrtoolchain/bin/../lib/gcc/avr/4.6.2/../../../../avr/lib/avr6\libc.a(strchr.o)
                0x00007480                strchr
 .text.avr-libc
                0x00007496       0x12 c:/program files (x86)/atmel/atmel studio 6.0/extensions/atmel/avrgcc/3.4.0.65/avrtoolchain/bin/../lib/gcc/avr/4.6.2/../../../../avr/lib/avr6\libc.a(strcmp.o)
                0x00007496                strcmp
 .text.avr-libc
                0x000074a8        0xe c:/program files (x86)/atmel/atmel studio 6.0/extensions/atmel/avrgcc/3.4.0.65/avrtoolchain/bin/../lib/gcc/avr/4.6.2/../../../../avr/lib/avr6\libc.a(strcpy.o)
                0x000074a8                strcpy
 .text.avr-libc
                0x000074b6       0x1c c:/program files (x86)/atmel/atmel studio 6.0/extensions/atmel/avrgcc/3.4.0.65/avrtoolchain/bin/../lib/gcc/avr/4.6.2/../../../../avr/lib/avr6\libc.a(strncmp.o)
                0x000074b6                strncmp
 .text.avr-libc
                0x000074d2       0x1e c:/program files (x86)/atmel/atmel studio 6.0/extensions/atmel/avrgcc/3.4.0.65/avrtoolchain/bin/../lib/gcc/avr/4.6.2/../../../../avr/lib/avr6\libc.a(strncpy.o)
                0x000074d2                strncpy
 .text.avr-libc
                0x000074f0       0x16 c:/program files (x86)/atmel/atmel studio 6.0/extensions/atmel/avrgcc/3.4.0.65/avrtoolchain/bin/../lib/gcc/avr/4.6.2/../../../../avr/lib/avr6\libc.a(strrchr.o)
                0x000074f0                strrchr
 .text.avr-libc
                0x00007506       0x34 c:/program files (x86)/atmel/atmel studio 6.0/extensions/atmel/avrgcc/3.4.0.65/avrtoolchain/bin/../lib/gcc/avr/4.6.2/../../../../avr/lib/avr6\libc.a(strstr.o)
                0x00007506                strstr
 .text.avr-libc
                0x0000753a       0x42 c:/program files (x86)/atmel/atmel studio 6.0/extensions/atmel/avrgcc/3.4.0.65/avrtoolchain/bin/../lib/gcc/avr/4.6.2/../../../../avr/lib/avr6\libc.a(itoa.o)
                0x0000753a                itoa
 .text.avr-libc
                0x0000757c       0x68 c:/program files (x86)/atmel/atmel studio 6.0/extensions/atmel/avrgcc/3.4.0.65/avrtoolchain/bin/../lib/gcc/avr/4.6.2/../../../../avr/lib/avr6\libc.a(ltoa.o)
                0x0000757c                ltoa
 .text.avr-libc
                0x000075e4       0x2a c:/program files (x86)/atmel/atmel studio 6.0/extensions/atmel/avrgcc/3.4.0.65/avrtoolchain/bin/../lib/gcc/avr/4.6.2/../../../../avr/lib/avr6\libc.a(mulsi10.o)
                0x000075e4                __mulsi_const_10
 .text.avr-libc
                0x0000760e       0x4a c:/program files (x86)/atmel/atmel studio 6.0/extensions/atmel/avrgcc/3.4.0.65/avrtoolchain/bin/../lib/gcc/avr/4.6.2/../../../../avr/lib/avr6\libc.a(ultoa.o)
                0x0000760e                ultoa
 .text.avr-libc
                0x00007658       0x2c c:/program files (x86)/atmel/atmel studio 6.0/extensions/atmel/avrgcc/3.4.0.65/avrtoolchain/bin/../lib/gcc/avr/4.6.2/../../../../avr/lib/avr6\libc.a(utoa.o)
                0x00007658                utoa
 .text.avr-libc
                0x00007684        0x6 c:/program files (x86)/atmel/atmel studio 6.0/extensions/atmel/avrgcc/3.4.0.65/avrtoolchain/bin/../lib/gcc/avr/4.6.2/../../../../avr/lib/avr6\libc.a(cty_isfalse.o)
                0x00007684                __ctype_isfalse
                0x00007688                __ctype_istrue
 .text.avr-libc
                0x0000768a       0x20 c:/program files (x86)/atmel/atmel studio 6.0/extensions/atmel/avrgcc/3.4.0.65/avrtoolchain/bin/../lib/gcc/avr/4.6.2/../../../../avr/lib/avr6\libc.a(strrev.o)
                0x0000768a                strrev
 .text.libgcc   0x000076aa       0x28 c:/program files (x86)/atmel/atmel studio 6.0/extensions/atmel/avrgcc/3.4.0.65/avrtoolchain/bin/../lib/gcc/avr/4.6.2/avr6\libgcc.a(_udivmodhi4.o)
                0x000076aa                __udivmodhi4
                0x000076d2                . = ALIGN (0x2)
 *(.fini9)
 .fini9         0x000076d2        0x0 c:/program files (x86)/atmel/atmel studio 6.0/extensions/atmel/avrgcc/3.4.0.65/avrtoolchain/bin/../lib/gcc/avr/4.6.2/avr6\libgcc.a(_exit.o)
                0x000076d2                _exit
                0x000076d2                exit
 *(.fini9)
 *(.fini8)
 *(.fini8)
 *(.fini7)
 *(.fini7)
 *(.fini6)
 *(.fini6)
 *(.fini5)
 *(.fini5)
 *(.fini4)
 *(.fini4)
 *(.fini3)
 *(.fini3)
 *(.fini2)
 *(.fini2)
 *(.fini1)
 *(.fini1)
 *(.fini0)
 .fini0         0x000076d2        0x4 c:/program files (x86)/atmel/atmel studio 6.0/extensions/atmel/avrgcc/3.4.0.65/avrtoolchain/bin/../lib/gcc/avr/4.6.2/avr6\libgcc.a(_exit.o)
 *(.fini0)
                0x000076d6                _etext = .

.data           0x00800200      0x118 load address 0x000076d6
                0x00800200                PROVIDE (__data_start, .)
 *(.data)
 .data          0x00800200        0x0 c:/program files (x86)/atmel/atmel studio 6.0/extensions/atmel/avrgcc/3.4.0.65/avrtoolchain/bin/../lib/gcc/avr/4.6.2/../../../../avr/lib/avr6/crtm2560.o
 .data          0x00800200       0x1b main.o
 .data          0x0080021b        0x6 ../../ArduinoCore/Debug - 2560\libArduino.a(Ethernet.o)
                0x0080021b                vtable for Printable
 .data          0x00800221       0x5e ../../ArduinoCore/Debug - 2560\libArduino.a(EthernetUdp.o)
                0x00800221                vtable for EthernetUDP
                0x00800245                vtable for Stream
                0x00800255                vtable for UDP
 .data          0x0080027f        0x0 ../../ArduinoCore/Debug - 2560\libArduino.a(socket.o)
 .data          0x0080027f        0x0 ../../ArduinoCore/Debug - 2560\libArduino.a(w5100.o)
 .data          0x0080027f       0x20 ../../ArduinoCore/Debug - 2560\libArduino.a(HardwareSerial.o)
                0x0080027f                vtable for HardwareSerial
 .data          0x0080029f        0xc ../../ArduinoCore/Debug - 2560\libArduino.a(IPAddress.o)
                0x0080029f                vtable for IPAddress
 .data          0x008002ab        0x0 ../../ArduinoCore/Debug - 2560\libArduino.a(new.o)
 .data          0x008002ab        0xa ../../ArduinoCore/Debug - 2560\libArduino.a(Print.o)
                0x008002ad                vtable for Print
 .data          0x008002b5        0x0 ../../ArduinoCore/Debug - 2560\libArduino.a(SPI.o)
 .data          0x008002b5        0x0 ../../ArduinoCore/Debug - 2560\libArduino.a(wiring.o)
 .data          0x008002b5        0x0 ../../ArduinoCore/Debug - 2560\libArduino.a(wiring_digital.o)
 .data          0x008002b5        0x1 ../../ArduinoCore/Debug - 2560\libArduino.a(WString.o)
 .data          0x008002b6        0x7 ../../ArduinoCore/Debug - 2560\libArduino.a(Dhcp.o)
 .data          0x008002bd        0x0 ../../ArduinoCore/Debug - 2560\libArduino.a(Dns.o)
 .data          0x008002bd        0x0 ../../ArduinoCore/Debug - 2560\libArduino.a(WMath.o)
 .data          0x008002bd       0x35 ../../ScoeComms/Debug - 2560\libScoeComms.a(RobotModel.o)
 .data          0x008002f2        0xe ../../ScoeComms/Debug - 2560\libScoeComms.a(RslModelSection.o)
                0x008002f2                vtable for RslModelSection
 .data          0x00800300        0x0 ../../ScoeComms/Debug - 2560\libScoeComms.a(ByteReader.o)
 .data          0x00800300        0x0 ../../ScoeComms/Debug - 2560\libScoeComms.a(ByteWriter.o)
 .data          0x00800300        0xe ../../ScoeComms/Debug - 2560\libScoeComms.a(RobotModelSection.o)
                0x00800300                vtable for RobotModelSection
 .data          0x0080030e        0x0 c:/program files (x86)/atmel/atmel studio 6.0/extensions/atmel/avrgcc/3.4.0.65/avrtoolchain/bin/../lib/gcc/avr/4.6.2/../../../../avr/lib/avr6\libm.a(addsf3.o)
 .data          0x0080030e        0x0 c:/program files (x86)/atmel/atmel studio 6.0/extensions/atmel/avrgcc/3.4.0.65/avrtoolchain/bin/../lib/gcc/avr/4.6.2/../../../../avr/lib/avr6\libm.a(addsf3x.o)
 .data          0x0080030e        0x0 c:/program files (x86)/atmel/atmel studio 6.0/extensions/atmel/avrgcc/3.4.0.65/avrtoolchain/bin/../lib/gcc/avr/4.6.2/../../../../avr/lib/avr6\libm.a(cmpsf2.o)
 .data          0x0080030e        0x0 c:/program files (x86)/atmel/atmel studio 6.0/extensions/atmel/avrgcc/3.4.0.65/avrtoolchain/bin/../lib/gcc/avr/4.6.2/../../../../avr/lib/avr6\libm.a(divsf3.o)
 .data          0x0080030e        0x0 c:/program files (x86)/atmel/atmel studio 6.0/extensions/atmel/avrgcc/3.4.0.65/avrtoolchain/bin/../lib/gcc/avr/4.6.2/../../../../avr/lib/avr6\libm.a(divsf3x.o)
 .data          0x0080030e        0x0 c:/program files (x86)/atmel/atmel studio 6.0/extensions/atmel/avrgcc/3.4.0.65/avrtoolchain/bin/../lib/gcc/avr/4.6.2/../../../../avr/lib/avr6\libm.a(fixsfsi.o)
 .data          0x0080030e        0x0 c:/program files (x86)/atmel/atmel studio 6.0/extensions/atmel/avrgcc/3.4.0.65/avrtoolchain/bin/../lib/gcc/avr/4.6.2/../../../../avr/lib/avr6\libm.a(fixunssfsi.o)
 .data          0x0080030e        0x0 c:/program files (x86)/atmel/atmel studio 6.0/extensions/atmel/avrgcc/3.4.0.65/avrtoolchain/bin/../lib/gcc/avr/4.6.2/../../../../avr/lib/avr6\libm.a(floatsisf.o)
 .data          0x0080030e        0x0 c:/program files (x86)/atmel/atmel studio 6.0/extensions/atmel/avrgcc/3.4.0.65/avrtoolchain/bin/../lib/gcc/avr/4.6.2/../../../../avr/lib/avr6\libm.a(fp_cmp.o)
 .data          0x0080030e        0x0 c:/program files (x86)/atmel/atmel studio 6.0/extensions/atmel/avrgcc/3.4.0.65/avrtoolchain/bin/../lib/gcc/avr/4.6.2/../../../../avr/lib/avr6\libm.a(fp_inf.o)
 .data          0x0080030e        0x0 c:/program files (x86)/atmel/atmel studio 6.0/extensions/atmel/avrgcc/3.4.0.65/avrtoolchain/bin/../lib/gcc/avr/4.6.2/../../../../avr/lib/avr6\libm.a(fp_nan.o)
 .data          0x0080030e        0x0 c:/program files (x86)/atmel/atmel studio 6.0/extensions/atmel/avrgcc/3.4.0.65/avrtoolchain/bin/../lib/gcc/avr/4.6.2/../../../../avr/lib/avr6\libm.a(fp_pscA.o)
 .data          0x0080030e        0x0 c:/program files (x86)/atmel/atmel studio 6.0/extensions/atmel/avrgcc/3.4.0.65/avrtoolchain/bin/../lib/gcc/avr/4.6.2/../../../../avr/lib/avr6\libm.a(fp_pscB.o)
 .data          0x0080030e        0x0 c:/program files (x86)/atmel/atmel studio 6.0/extensions/atmel/avrgcc/3.4.0.65/avrtoolchain/bin/../lib/gcc/avr/4.6.2/../../../../avr/lib/avr6\libm.a(fp_round.o)
 .data          0x0080030e        0x0 c:/program files (x86)/atmel/atmel studio 6.0/extensions/atmel/avrgcc/3.4.0.65/avrtoolchain/bin/../lib/gcc/avr/4.6.2/../../../../avr/lib/avr6\libm.a(fp_split3.o)
 .data          0x0080030e        0x0 c:/program files (x86)/atmel/atmel studio 6.0/extensions/atmel/avrgcc/3.4.0.65/avrtoolchain/bin/../lib/gcc/avr/4.6.2/../../../../avr/lib/avr6\libm.a(fp_zero.o)
 .data          0x0080030e        0x0 c:/program files (x86)/atmel/atmel studio 6.0/extensions/atmel/avrgcc/3.4.0.65/avrtoolchain/bin/../lib/gcc/avr/4.6.2/../../../../avr/lib/avr6\libm.a(mulsf3.o)
 .data          0x0080030e        0x0 c:/program files (x86)/atmel/atmel studio 6.0/extensions/atmel/avrgcc/3.4.0.65/avrtoolchain/bin/../lib/gcc/avr/4.6.2/../../../../avr/lib/avr6\libm.a(mulsf3x.o)
 .data          0x0080030e        0x0 c:/program files (x86)/atmel/atmel studio 6.0/extensions/atmel/avrgcc/3.4.0.65/avrtoolchain/bin/../lib/gcc/avr/4.6.2/avr6\libgcc.a(_mulsi3.o)
 .data          0x0080030e        0x0 c:/program files (x86)/atmel/atmel studio 6.0/extensions/atmel/avrgcc/3.4.0.65/avrtoolchain/bin/../lib/gcc/avr/4.6.2/avr6\libgcc.a(_udivmodsi4.o)
 .data          0x0080030e        0x0 c:/program files (x86)/atmel/atmel studio 6.0/extensions/atmel/avrgcc/3.4.0.65/avrtoolchain/bin/../lib/gcc/avr/4.6.2/avr6\libgcc.a(_divmodsi4.o)
 .data          0x0080030e        0x0 c:/program files (x86)/atmel/atmel studio 6.0/extensions/atmel/avrgcc/3.4.0.65/avrtoolchain/bin/../lib/gcc/avr/4.6.2/avr6\libgcc.a(_exit.o)
 .data          0x0080030e        0x0 c:/program files (x86)/atmel/atmel studio 6.0/extensions/atmel/avrgcc/3.4.0.65/avrtoolchain/bin/../lib/gcc/avr/4.6.2/avr6\libgcc.a(_copy_data.o)
 .data          0x0080030e        0x0 c:/program files (x86)/atmel/atmel studio 6.0/extensions/atmel/avrgcc/3.4.0.65/avrtoolchain/bin/../lib/gcc/avr/4.6.2/avr6\libgcc.a(_clear_bss.o)
 .data          0x0080030e        0x0 c:/program files (x86)/atmel/atmel studio 6.0/extensions/atmel/avrgcc/3.4.0.65/avrtoolchain/bin/../lib/gcc/avr/4.6.2/avr6\libgcc.a(_ctors.o)
 .data          0x0080030e        0x0 c:/program files (x86)/atmel/atmel studio 6.0/extensions/atmel/avrgcc/3.4.0.65/avrtoolchain/bin/../lib/gcc/avr/4.6.2/avr6\libgcc.a(_ashldi3.o)
 .data          0x0080030e        0x0 c:/program files (x86)/atmel/atmel studio 6.0/extensions/atmel/avrgcc/3.4.0.65/avrtoolchain/bin/../lib/gcc/avr/4.6.2/avr6\libgcc.a(_tablejump_elpm.o)
 .data          0x0080030e        0x6 c:/program files (x86)/atmel/atmel studio 6.0/extensions/atmel/avrgcc/3.4.0.65/avrtoolchain/bin/../lib/gcc/avr/4.6.2/../../../../avr/lib/avr6\libc.a(malloc.o)
                0x0080030e                __malloc_heap_end
                0x00800310                __malloc_heap_start
                0x00800312                __malloc_margin
 .data          0x00800314        0x4 c:/program files (x86)/atmel/atmel studio 6.0/extensions/atmel/avrgcc/3.4.0.65/avrtoolchain/bin/../lib/gcc/avr/4.6.2/../../../../avr/lib/avr6\libc.a(random.o)
 .data          0x00800318        0x0 c:/program files (x86)/atmel/atmel studio 6.0/extensions/atmel/avrgcc/3.4.0.65/avrtoolchain/bin/../lib/gcc/avr/4.6.2/../../../../avr/lib/avr6\libc.a(realloc.o)
 .data          0x00800318        0x0 c:/program files (x86)/atmel/atmel studio 6.0/extensions/atmel/avrgcc/3.4.0.65/avrtoolchain/bin/../lib/gcc/avr/4.6.2/../../../../avr/lib/avr6\libc.a(atol.o)
 .data          0x00800318        0x0 c:/program files (x86)/atmel/atmel studio 6.0/extensions/atmel/avrgcc/3.4.0.65/avrtoolchain/bin/../lib/gcc/avr/4.6.2/../../../../avr/lib/avr6\libc.a(isspace.o)
 .data          0x00800318        0x0 c:/program files (x86)/atmel/atmel studio 6.0/extensions/atmel/avrgcc/3.4.0.65/avrtoolchain/bin/../lib/gcc/avr/4.6.2/../../../../avr/lib/avr6\libc.a(tolower.o)
 .data          0x00800318        0x0 c:/program files (x86)/atmel/atmel studio 6.0/extensions/atmel/avrgcc/3.4.0.65/avrtoolchain/bin/../lib/gcc/avr/4.6.2/../../../../avr/lib/avr6\libc.a(toupper.o)
 .data          0x00800318        0x0 c:/program files (x86)/atmel/atmel studio 6.0/extensions/atmel/avrgcc/3.4.0.65/avrtoolchain/bin/../lib/gcc/avr/4.6.2/../../../../avr/lib/avr6\libc.a(memcmp.o)
 .data          0x00800318        0x0 c:/program files (x86)/atmel/atmel studio 6.0/extensions/atmel/avrgcc/3.4.0.65/avrtoolchain/bin/../lib/gcc/avr/4.6.2/../../../../avr/lib/avr6\libc.a(memcpy.o)
 .data          0x00800318        0x0 c:/program files (x86)/atmel/atmel studio 6.0/extensions/atmel/avrgcc/3.4.0.65/avrtoolchain/bin/../lib/gcc/avr/4.6.2/../../../../avr/lib/avr6\libc.a(memmove.o)
 .data          0x00800318        0x0 c:/program files (x86)/atmel/atmel studio 6.0/extensions/atmel/avrgcc/3.4.0.65/avrtoolchain/bin/../lib/gcc/avr/4.6.2/../../../../avr/lib/avr6\libc.a(strchr.o)
 .data          0x00800318        0x0 c:/program files (x86)/atmel/atmel studio 6.0/extensions/atmel/avrgcc/3.4.0.65/avrtoolchain/bin/../lib/gcc/avr/4.6.2/../../../../avr/lib/avr6\libc.a(strcmp.o)
 .data          0x00800318        0x0 c:/program files (x86)/atmel/atmel studio 6.0/extensions/atmel/avrgcc/3.4.0.65/avrtoolchain/bin/../lib/gcc/avr/4.6.2/../../../../avr/lib/avr6\libc.a(strcpy.o)
 .data          0x00800318        0x0 c:/program files (x86)/atmel/atmel studio 6.0/extensions/atmel/avrgcc/3.4.0.65/avrtoolchain/bin/../lib/gcc/avr/4.6.2/../../../../avr/lib/avr6\libc.a(strncmp.o)
 .data          0x00800318        0x0 c:/program files (x86)/atmel/atmel studio 6.0/extensions/atmel/avrgcc/3.4.0.65/avrtoolchain/bin/../lib/gcc/avr/4.6.2/../../../../avr/lib/avr6\libc.a(strncpy.o)
 .data          0x00800318        0x0 c:/program files (x86)/atmel/atmel studio 6.0/extensions/atmel/avrgcc/3.4.0.65/avrtoolchain/bin/../lib/gcc/avr/4.6.2/../../../../avr/lib/avr6\libc.a(strrchr.o)
 .data          0x00800318        0x0 c:/program files (x86)/atmel/atmel studio 6.0/extensions/atmel/avrgcc/3.4.0.65/avrtoolchain/bin/../lib/gcc/avr/4.6.2/../../../../avr/lib/avr6\libc.a(strstr.o)
 .data          0x00800318        0x0 c:/program files (x86)/atmel/atmel studio 6.0/extensions/atmel/avrgcc/3.4.0.65/avrtoolchain/bin/../lib/gcc/avr/4.6.2/../../../../avr/lib/avr6\libc.a(itoa.o)
 .data          0x00800318        0x0 c:/program files (x86)/atmel/atmel studio 6.0/extensions/atmel/avrgcc/3.4.0.65/avrtoolchain/bin/../lib/gcc/avr/4.6.2/../../../../avr/lib/avr6\libc.a(ltoa.o)
 .data          0x00800318        0x0 c:/program files (x86)/atmel/atmel studio 6.0/extensions/atmel/avrgcc/3.4.0.65/avrtoolchain/bin/../lib/gcc/avr/4.6.2/../../../../avr/lib/avr6\libc.a(mulsi10.o)
 .data          0x00800318        0x0 c:/program files (x86)/atmel/atmel studio 6.0/extensions/atmel/avrgcc/3.4.0.65/avrtoolchain/bin/../lib/gcc/avr/4.6.2/../../../../avr/lib/avr6\libc.a(ultoa.o)
 .data          0x00800318        0x0 c:/program files (x86)/atmel/atmel studio 6.0/extensions/atmel/avrgcc/3.4.0.65/avrtoolchain/bin/../lib/gcc/avr/4.6.2/../../../../avr/lib/avr6\libc.a(utoa.o)
 .data          0x00800318        0x0 c:/program files (x86)/atmel/atmel studio 6.0/extensions/atmel/avrgcc/3.4.0.65/avrtoolchain/bin/../lib/gcc/avr/4.6.2/../../../../avr/lib/avr6\libc.a(cty_isfalse.o)
 .data          0x00800318        0x0 c:/program files (x86)/atmel/atmel studio 6.0/extensions/atmel/avrgcc/3.4.0.65/avrtoolchain/bin/../lib/gcc/avr/4.6.2/../../../../avr/lib/avr6\libc.a(strrev.o)
 .data          0x00800318        0x0 c:/program files (x86)/atmel/atmel studio 6.0/extensions/atmel/avrgcc/3.4.0.65/avrtoolchain/bin/../lib/gcc/avr/4.6.2/avr6\libgcc.a(_udivmodhi4.o)
 *(.data*)
 *(.rodata)
 *(.rodata*)
 *(.gnu.linkonce.d*)
                0x00800318                . = ALIGN (0x2)
                0x00800318                _edata = .
                0x00800318                PROVIDE (__data_end, .)

.bss            0x00800318      0x4cd
                0x00800318                PROVIDE (__bss_start, .)
 *(.bss)
 .bss           0x00800318        0x0 c:/program files (x86)/atmel/atmel studio 6.0/extensions/atmel/avrgcc/3.4.0.65/avrtoolchain/bin/../lib/gcc/avr/4.6.2/../../../../avr/lib/avr6/crtm2560.o
 .bss           0x00800318      0x1de main.o
                0x00800318                startMillis
                0x0080031c                beagleComm
 .bss           0x008004f6       0x1a ../../ArduinoCore/Debug - 2560\libArduino.a(Ethernet.o)
                0x008004f6                Ethernet
                0x008004fe                EthernetClass::_server_port
                0x00800506                EthernetClass::_state
 .bss           0x00800510        0x6 ../../ArduinoCore/Debug - 2560\libArduino.a(EthernetUdp.o)
 .bss           0x00800516        0x2 ../../ArduinoCore/Debug - 2560\libArduino.a(socket.o)
 .bss           0x00800518       0x10 ../../ArduinoCore/Debug - 2560\libArduino.a(w5100.o)
                0x00800518                W5100
 .bss           0x00800528      0x29c ../../ArduinoCore/Debug - 2560\libArduino.a(HardwareSerial.o)
                0x00800528                Serial3
                0x00800547                Serial2
                0x00800566                Serial1
                0x00800585                Serial
                0x008005a4                tx_buffer3
                0x008005e8                rx_buffer3
                0x0080062c                tx_buffer2
                0x00800670                rx_buffer2
                0x008006b4                tx_buffer1
                0x008006f8                rx_buffer1
                0x0080073c                tx_buffer
                0x00800780                rx_buffer
 .bss           0x008007c4        0x6 ../../ArduinoCore/Debug - 2560\libArduino.a(IPAddress.o)
 .bss           0x008007ca        0x0 ../../ArduinoCore/Debug - 2560\libArduino.a(new.o)
 .bss           0x008007ca        0x0 ../../ArduinoCore/Debug - 2560\libArduino.a(Print.o)
 .bss           0x008007ca        0x1 ../../ArduinoCore/Debug - 2560\libArduino.a(SPI.o)
                0x008007ca                SPI
 .bss           0x008007cb        0x9 ../../ArduinoCore/Debug - 2560\libArduino.a(wiring.o)
                0x008007cb                timer0_millis
                0x008007cf                timer0_overflow_count
 .bss           0x008007d4        0x0 ../../ArduinoCore/Debug - 2560\libArduino.a(wiring_digital.o)
 .bss           0x008007d4        0x1 ../../ArduinoCore/Debug - 2560\libArduino.a(WString.o)
 .bss           0x008007d5        0x6 ../../ArduinoCore/Debug - 2560\libArduino.a(Dhcp.o)
 .bss           0x008007db        0x6 ../../ArduinoCore/Debug - 2560\libArduino.a(Dns.o)
 .bss           0x008007e1        0x0 ../../ArduinoCore/Debug - 2560\libArduino.a(WMath.o)
 .bss           0x008007e1        0x0 ../../ScoeComms/Debug - 2560\libScoeComms.a(RobotModel.o)
 .bss           0x008007e1        0x0 ../../ScoeComms/Debug - 2560\libScoeComms.a(RslModelSection.o)
 .bss           0x008007e1        0x0 ../../ScoeComms/Debug - 2560\libScoeComms.a(ByteReader.o)
 .bss           0x008007e1        0x0 ../../ScoeComms/Debug - 2560\libScoeComms.a(ByteWriter.o)
 .bss           0x008007e1        0x0 ../../ScoeComms/Debug - 2560\libScoeComms.a(RobotModelSection.o)
 .bss           0x008007e1        0x0 c:/program files (x86)/atmel/atmel studio 6.0/extensions/atmel/avrgcc/3.4.0.65/avrtoolchain/bin/../lib/gcc/avr/4.6.2/../../../../avr/lib/avr6\libm.a(addsf3.o)
 .bss           0x008007e1        0x0 c:/program files (x86)/atmel/atmel studio 6.0/extensions/atmel/avrgcc/3.4.0.65/avrtoolchain/bin/../lib/gcc/avr/4.6.2/../../../../avr/lib/avr6\libm.a(addsf3x.o)
 .bss           0x008007e1        0x0 c:/program files (x86)/atmel/atmel studio 6.0/extensions/atmel/avrgcc/3.4.0.65/avrtoolchain/bin/../lib/gcc/avr/4.6.2/../../../../avr/lib/avr6\libm.a(cmpsf2.o)
 .bss           0x008007e1        0x0 c:/program files (x86)/atmel/atmel studio 6.0/extensions/atmel/avrgcc/3.4.0.65/avrtoolchain/bin/../lib/gcc/avr/4.6.2/../../../../avr/lib/avr6\libm.a(divsf3.o)
 .bss           0x008007e1        0x0 c:/program files (x86)/atmel/atmel studio 6.0/extensions/atmel/avrgcc/3.4.0.65/avrtoolchain/bin/../lib/gcc/avr/4.6.2/../../../../avr/lib/avr6\libm.a(divsf3x.o)
 .bss           0x008007e1        0x0 c:/program files (x86)/atmel/atmel studio 6.0/extensions/atmel/avrgcc/3.4.0.65/avrtoolchain/bin/../lib/gcc/avr/4.6.2/../../../../avr/lib/avr6\libm.a(fixsfsi.o)
 .bss           0x008007e1        0x0 c:/program files (x86)/atmel/atmel studio 6.0/extensions/atmel/avrgcc/3.4.0.65/avrtoolchain/bin/../lib/gcc/avr/4.6.2/../../../../avr/lib/avr6\libm.a(fixunssfsi.o)
 .bss           0x008007e1        0x0 c:/program files (x86)/atmel/atmel studio 6.0/extensions/atmel/avrgcc/3.4.0.65/avrtoolchain/bin/../lib/gcc/avr/4.6.2/../../../../avr/lib/avr6\libm.a(floatsisf.o)
 .bss           0x008007e1        0x0 c:/program files (x86)/atmel/atmel studio 6.0/extensions/atmel/avrgcc/3.4.0.65/avrtoolchain/bin/../lib/gcc/avr/4.6.2/../../../../avr/lib/avr6\libm.a(fp_cmp.o)
 .bss           0x008007e1        0x0 c:/program files (x86)/atmel/atmel studio 6.0/extensions/atmel/avrgcc/3.4.0.65/avrtoolchain/bin/../lib/gcc/avr/4.6.2/../../../../avr/lib/avr6\libm.a(fp_inf.o)
 .bss           0x008007e1        0x0 c:/program files (x86)/atmel/atmel studio 6.0/extensions/atmel/avrgcc/3.4.0.65/avrtoolchain/bin/../lib/gcc/avr/4.6.2/../../../../avr/lib/avr6\libm.a(fp_nan.o)
 .bss           0x008007e1        0x0 c:/program files (x86)/atmel/atmel studio 6.0/extensions/atmel/avrgcc/3.4.0.65/avrtoolchain/bin/../lib/gcc/avr/4.6.2/../../../../avr/lib/avr6\libm.a(fp_pscA.o)
 .bss           0x008007e1        0x0 c:/program files (x86)/atmel/atmel studio 6.0/extensions/atmel/avrgcc/3.4.0.65/avrtoolchain/bin/../lib/gcc/avr/4.6.2/../../../../avr/lib/avr6\libm.a(fp_pscB.o)
 .bss           0x008007e1        0x0 c:/program files (x86)/atmel/atmel studio 6.0/extensions/atmel/avrgcc/3.4.0.65/avrtoolchain/bin/../lib/gcc/avr/4.6.2/../../../../avr/lib/avr6\libm.a(fp_round.o)
 .bss           0x008007e1        0x0 c:/program files (x86)/atmel/atmel studio 6.0/extensions/atmel/avrgcc/3.4.0.65/avrtoolchain/bin/../lib/gcc/avr/4.6.2/../../../../avr/lib/avr6\libm.a(fp_split3.o)
 .bss           0x008007e1        0x0 c:/program files (x86)/atmel/atmel studio 6.0/extensions/atmel/avrgcc/3.4.0.65/avrtoolchain/bin/../lib/gcc/avr/4.6.2/../../../../avr/lib/avr6\libm.a(fp_zero.o)
 .bss           0x008007e1        0x0 c:/program files (x86)/atmel/atmel studio 6.0/extensions/atmel/avrgcc/3.4.0.65/avrtoolchain/bin/../lib/gcc/avr/4.6.2/../../../../avr/lib/avr6\libm.a(mulsf3.o)
 .bss           0x008007e1        0x0 c:/program files (x86)/atmel/atmel studio 6.0/extensions/atmel/avrgcc/3.4.0.65/avrtoolchain/bin/../lib/gcc/avr/4.6.2/../../../../avr/lib/avr6\libm.a(mulsf3x.o)
 .bss           0x008007e1        0x0 c:/program files (x86)/atmel/atmel studio 6.0/extensions/atmel/avrgcc/3.4.0.65/avrtoolchain/bin/../lib/gcc/avr/4.6.2/avr6\libgcc.a(_mulsi3.o)
 .bss           0x008007e1        0x0 c:/program files (x86)/atmel/atmel studio 6.0/extensions/atmel/avrgcc/3.4.0.65/avrtoolchain/bin/../lib/gcc/avr/4.6.2/avr6\libgcc.a(_udivmodsi4.o)
 .bss           0x008007e1        0x0 c:/program files (x86)/atmel/atmel studio 6.0/extensions/atmel/avrgcc/3.4.0.65/avrtoolchain/bin/../lib/gcc/avr/4.6.2/avr6\libgcc.a(_divmodsi4.o)
 .bss           0x008007e1        0x0 c:/program files (x86)/atmel/atmel studio 6.0/extensions/atmel/avrgcc/3.4.0.65/avrtoolchain/bin/../lib/gcc/avr/4.6.2/avr6\libgcc.a(_exit.o)
 .bss           0x008007e1        0x0 c:/program files (x86)/atmel/atmel studio 6.0/extensions/atmel/avrgcc/3.4.0.65/avrtoolchain/bin/../lib/gcc/avr/4.6.2/avr6\libgcc.a(_copy_data.o)
 .bss           0x008007e1        0x0 c:/program files (x86)/atmel/atmel studio 6.0/extensions/atmel/avrgcc/3.4.0.65/avrtoolchain/bin/../lib/gcc/avr/4.6.2/avr6\libgcc.a(_clear_bss.o)
 .bss           0x008007e1        0x0 c:/program files (x86)/atmel/atmel studio 6.0/extensions/atmel/avrgcc/3.4.0.65/avrtoolchain/bin/../lib/gcc/avr/4.6.2/avr6\libgcc.a(_ctors.o)
 .bss           0x008007e1        0x0 c:/program files (x86)/atmel/atmel studio 6.0/extensions/atmel/avrgcc/3.4.0.65/avrtoolchain/bin/../lib/gcc/avr/4.6.2/avr6\libgcc.a(_ashldi3.o)
 .bss           0x008007e1        0x0 c:/program files (x86)/atmel/atmel studio 6.0/extensions/atmel/avrgcc/3.4.0.65/avrtoolchain/bin/../lib/gcc/avr/4.6.2/avr6\libgcc.a(_tablejump_elpm.o)
 .bss           0x008007e1        0x0 c:/program files (x86)/atmel/atmel studio 6.0/extensions/atmel/avrgcc/3.4.0.65/avrtoolchain/bin/../lib/gcc/avr/4.6.2/../../../../avr/lib/avr6\libc.a(malloc.o)
 .bss           0x008007e1        0x0 c:/program files (x86)/atmel/atmel studio 6.0/extensions/atmel/avrgcc/3.4.0.65/avrtoolchain/bin/../lib/gcc/avr/4.6.2/../../../../avr/lib/avr6\libc.a(random.o)
 .bss           0x008007e1        0x0 c:/program files (x86)/atmel/atmel studio 6.0/extensions/atmel/avrgcc/3.4.0.65/avrtoolchain/bin/../lib/gcc/avr/4.6.2/../../../../avr/lib/avr6\libc.a(realloc.o)
 .bss           0x008007e1        0x0 c:/program files (x86)/atmel/atmel studio 6.0/extensions/atmel/avrgcc/3.4.0.65/avrtoolchain/bin/../lib/gcc/avr/4.6.2/../../../../avr/lib/avr6\libc.a(atol.o)
 .bss           0x008007e1        0x0 c:/program files (x86)/atmel/atmel studio 6.0/extensions/atmel/avrgcc/3.4.0.65/avrtoolchain/bin/../lib/gcc/avr/4.6.2/../../../../avr/lib/avr6\libc.a(isspace.o)
 .bss           0x008007e1        0x0 c:/program files (x86)/atmel/atmel studio 6.0/extensions/atmel/avrgcc/3.4.0.65/avrtoolchain/bin/../lib/gcc/avr/4.6.2/../../../../avr/lib/avr6\libc.a(tolower.o)
 .bss           0x008007e1        0x0 c:/program files (x86)/atmel/atmel studio 6.0/extensions/atmel/avrgcc/3.4.0.65/avrtoolchain/bin/../lib/gcc/avr/4.6.2/../../../../avr/lib/avr6\libc.a(toupper.o)
 .bss           0x008007e1        0x0 c:/program files (x86)/atmel/atmel studio 6.0/extensions/atmel/avrgcc/3.4.0.65/avrtoolchain/bin/../lib/gcc/avr/4.6.2/../../../../avr/lib/avr6\libc.a(memcmp.o)
 .bss           0x008007e1        0x0 c:/program files (x86)/atmel/atmel studio 6.0/extensions/atmel/avrgcc/3.4.0.65/avrtoolchain/bin/../lib/gcc/avr/4.6.2/../../../../avr/lib/avr6\libc.a(memcpy.o)
 .bss           0x008007e1        0x0 c:/program files (x86)/atmel/atmel studio 6.0/extensions/atmel/avrgcc/3.4.0.65/avrtoolchain/bin/../lib/gcc/avr/4.6.2/../../../../avr/lib/avr6\libc.a(memmove.o)
 .bss           0x008007e1        0x0 c:/program files (x86)/atmel/atmel studio 6.0/extensions/atmel/avrgcc/3.4.0.65/avrtoolchain/bin/../lib/gcc/avr/4.6.2/../../../../avr/lib/avr6\libc.a(strchr.o)
 .bss           0x008007e1        0x0 c:/program files (x86)/atmel/atmel studio 6.0/extensions/atmel/avrgcc/3.4.0.65/avrtoolchain/bin/../lib/gcc/avr/4.6.2/../../../../avr/lib/avr6\libc.a(strcmp.o)
 .bss           0x008007e1        0x0 c:/program files (x86)/atmel/atmel studio 6.0/extensions/atmel/avrgcc/3.4.0.65/avrtoolchain/bin/../lib/gcc/avr/4.6.2/../../../../avr/lib/avr6\libc.a(strcpy.o)
 .bss           0x008007e1        0x0 c:/program files (x86)/atmel/atmel studio 6.0/extensions/atmel/avrgcc/3.4.0.65/avrtoolchain/bin/../lib/gcc/avr/4.6.2/../../../../avr/lib/avr6\libc.a(strncmp.o)
 .bss           0x008007e1        0x0 c:/program files (x86)/atmel/atmel studio 6.0/extensions/atmel/avrgcc/3.4.0.65/avrtoolchain/bin/../lib/gcc/avr/4.6.2/../../../../avr/lib/avr6\libc.a(strncpy.o)
 .bss           0x008007e1        0x0 c:/program files (x86)/atmel/atmel studio 6.0/extensions/atmel/avrgcc/3.4.0.65/avrtoolchain/bin/../lib/gcc/avr/4.6.2/../../../../avr/lib/avr6\libc.a(strrchr.o)
 .bss           0x008007e1        0x0 c:/program files (x86)/atmel/atmel studio 6.0/extensions/atmel/avrgcc/3.4.0.65/avrtoolchain/bin/../lib/gcc/avr/4.6.2/../../../../avr/lib/avr6\libc.a(strstr.o)
 .bss           0x008007e1        0x0 c:/program files (x86)/atmel/atmel studio 6.0/extensions/atmel/avrgcc/3.4.0.65/avrtoolchain/bin/../lib/gcc/avr/4.6.2/../../../../avr/lib/avr6\libc.a(itoa.o)
 .bss           0x008007e1        0x0 c:/program files (x86)/atmel/atmel studio 6.0/extensions/atmel/avrgcc/3.4.0.65/avrtoolchain/bin/../lib/gcc/avr/4.6.2/../../../../avr/lib/avr6\libc.a(ltoa.o)
 .bss           0x008007e1        0x0 c:/program files (x86)/atmel/atmel studio 6.0/extensions/atmel/avrgcc/3.4.0.65/avrtoolchain/bin/../lib/gcc/avr/4.6.2/../../../../avr/lib/avr6\libc.a(mulsi10.o)
 .bss           0x008007e1        0x0 c:/program files (x86)/atmel/atmel studio 6.0/extensions/atmel/avrgcc/3.4.0.65/avrtoolchain/bin/../lib/gcc/avr/4.6.2/../../../../avr/lib/avr6\libc.a(ultoa.o)
 .bss           0x008007e1        0x0 c:/program files (x86)/atmel/atmel studio 6.0/extensions/atmel/avrgcc/3.4.0.65/avrtoolchain/bin/../lib/gcc/avr/4.6.2/../../../../avr/lib/avr6\libc.a(utoa.o)
 .bss           0x008007e1        0x0 c:/program files (x86)/atmel/atmel studio 6.0/extensions/atmel/avrgcc/3.4.0.65/avrtoolchain/bin/../lib/gcc/avr/4.6.2/../../../../avr/lib/avr6\libc.a(cty_isfalse.o)
 .bss           0x008007e1        0x0 c:/program files (x86)/atmel/atmel studio 6.0/extensions/atmel/avrgcc/3.4.0.65/avrtoolchain/bin/../lib/gcc/avr/4.6.2/../../../../avr/lib/avr6\libc.a(strrev.o)
 .bss           0x008007e1        0x0 c:/program files (x86)/atmel/atmel studio 6.0/extensions/atmel/avrgcc/3.4.0.65/avrtoolchain/bin/../lib/gcc/avr/4.6.2/avr6\libgcc.a(_udivmodhi4.o)
 *(.bss*)
 *(COMMON)
 COMMON         0x008007e1        0x4 c:/program files (x86)/atmel/atmel studio 6.0/extensions/atmel/avrgcc/3.4.0.65/avrtoolchain/bin/../lib/gcc/avr/4.6.2/../../../../avr/lib/avr6\libc.a(malloc.o)
                0x008007e1                __brkval
                0x008007e3                __flp
                0x008007e5                PROVIDE (__bss_end, .)
                0x000076d6                __data_load_start = LOADADDR (.data)
                0x000077ee                __data_load_end = (__data_load_start + SIZEOF (.data))

.noinit         0x008007e5        0x0
                0x008007e5                PROVIDE (__noinit_start, .)
 *(.noinit*)
                0x008007e5                PROVIDE (__noinit_end, .)
                0x008007e5                _end = .
                0x008007e5                PROVIDE (__heap_start, .)

.eeprom         0x00810000        0x0
 *(.eeprom*)
                0x00810000                __eeprom_end = .

.fuse
 *(.fuse)
 *(.lfuse)
 *(.hfuse)
 *(.efuse)

.lock
 *(.lock*)

.signature
 *(.signature*)

.stab           0x00000000     0x3864
 *(.stab)
 .stab          0x00000000      0x6e4 c:/program files (x86)/atmel/atmel studio 6.0/extensions/atmel/avrgcc/3.4.0.65/avrtoolchain/bin/../lib/gcc/avr/4.6.2/../../../../avr/lib/avr6/crtm2560.o
 .stab          0x000006e4       0x78 c:/program files (x86)/atmel/atmel studio 6.0/extensions/atmel/avrgcc/3.4.0.65/avrtoolchain/bin/../lib/gcc/avr/4.6.2/../../../../avr/lib/avr6\libm.a(addsf3.o)
                                 0x84 (size before relaxing)
 .stab          0x0000075c      0x4bc c:/program files (x86)/atmel/atmel studio 6.0/extensions/atmel/avrgcc/3.4.0.65/avrtoolchain/bin/../lib/gcc/avr/4.6.2/../../../../avr/lib/avr6\libm.a(addsf3x.o)
                                0x4c8 (size before relaxing)
 .stab          0x00000c18       0x90 c:/program files (x86)/atmel/atmel studio 6.0/extensions/atmel/avrgcc/3.4.0.65/avrtoolchain/bin/../lib/gcc/avr/4.6.2/../../../../avr/lib/avr6\libm.a(cmpsf2.o)
                                 0x9c (size before relaxing)
 .stab          0x00000ca8       0x48 c:/program files (x86)/atmel/atmel studio 6.0/extensions/atmel/avrgcc/3.4.0.65/avrtoolchain/bin/../lib/gcc/avr/4.6.2/../../../../avr/lib/avr6\libm.a(divsf3.o)
                                 0x54 (size before relaxing)
 .stab          0x00000cf0      0x510 c:/program files (x86)/atmel/atmel studio 6.0/extensions/atmel/avrgcc/3.4.0.65/avrtoolchain/bin/../lib/gcc/avr/4.6.2/../../../../avr/lib/avr6\libm.a(divsf3x.o)
                                0x51c (size before relaxing)
 .stab          0x00001200       0x6c c:/program files (x86)/atmel/atmel studio 6.0/extensions/atmel/avrgcc/3.4.0.65/avrtoolchain/bin/../lib/gcc/avr/4.6.2/../../../../avr/lib/avr6\libm.a(fixsfsi.o)
                                 0x78 (size before relaxing)
 .stab          0x0000126c      0x240 c:/program files (x86)/atmel/atmel studio 6.0/extensions/atmel/avrgcc/3.4.0.65/avrtoolchain/bin/../lib/gcc/avr/4.6.2/../../../../avr/lib/avr6\libm.a(fixunssfsi.o)
                                0x24c (size before relaxing)
 .stab          0x000014ac      0x318 c:/program files (x86)/atmel/atmel studio 6.0/extensions/atmel/avrgcc/3.4.0.65/avrtoolchain/bin/../lib/gcc/avr/4.6.2/../../../../avr/lib/avr6\libm.a(floatsisf.o)
                                0x324 (size before relaxing)
 .stab          0x000017c4      0x1e0 c:/program files (x86)/atmel/atmel studio 6.0/extensions/atmel/avrgcc/3.4.0.65/avrtoolchain/bin/../lib/gcc/avr/4.6.2/../../../../avr/lib/avr6\libm.a(fp_cmp.o)
                                0x1ec (size before relaxing)
 .stab          0x000019a4       0x78 c:/program files (x86)/atmel/atmel studio 6.0/extensions/atmel/avrgcc/3.4.0.65/avrtoolchain/bin/../lib/gcc/avr/4.6.2/../../../../avr/lib/avr6\libm.a(fp_inf.o)
                                 0x84 (size before relaxing)
 .stab          0x00001a1c       0x54 c:/program files (x86)/atmel/atmel studio 6.0/extensions/atmel/avrgcc/3.4.0.65/avrtoolchain/bin/../lib/gcc/avr/4.6.2/../../../../avr/lib/avr6\libm.a(fp_nan.o)
                                 0x60 (size before relaxing)
 .stab          0x00001a70       0x84 c:/program files (x86)/atmel/atmel studio 6.0/extensions/atmel/avrgcc/3.4.0.65/avrtoolchain/bin/../lib/gcc/avr/4.6.2/../../../../avr/lib/avr6\libm.a(fp_pscA.o)
                                 0x90 (size before relaxing)
 .stab          0x00001af4       0x84 c:/program files (x86)/atmel/atmel studio 6.0/extensions/atmel/avrgcc/3.4.0.65/avrtoolchain/bin/../lib/gcc/avr/4.6.2/../../../../avr/lib/avr6\libm.a(fp_pscB.o)
                                 0x90 (size before relaxing)
 .stab          0x00001b78       0xfc c:/program files (x86)/atmel/atmel studio 6.0/extensions/atmel/avrgcc/3.4.0.65/avrtoolchain/bin/../lib/gcc/avr/4.6.2/../../../../avr/lib/avr6\libm.a(fp_round.o)
                                0x108 (size before relaxing)
 .stab          0x00001c74      0x1d4 c:/program files (x86)/atmel/atmel studio 6.0/extensions/atmel/avrgcc/3.4.0.65/avrtoolchain/bin/../lib/gcc/avr/4.6.2/../../../../avr/lib/avr6\libm.a(fp_split3.o)
                                0x1e0 (size before relaxing)
 .stab          0x00001e48       0x90 c:/program files (x86)/atmel/atmel studio 6.0/extensions/atmel/avrgcc/3.4.0.65/avrtoolchain/bin/../lib/gcc/avr/4.6.2/../../../../avr/lib/avr6\libm.a(fp_zero.o)
                                 0x9c (size before relaxing)
 .stab          0x00001ed8       0x48 c:/program files (x86)/atmel/atmel studio 6.0/extensions/atmel/avrgcc/3.4.0.65/avrtoolchain/bin/../lib/gcc/avr/4.6.2/../../../../avr/lib/avr6\libm.a(mulsf3.o)
                                 0x54 (size before relaxing)
 .stab          0x00001f20      0x4d4 c:/program files (x86)/atmel/atmel studio 6.0/extensions/atmel/avrgcc/3.4.0.65/avrtoolchain/bin/../lib/gcc/avr/4.6.2/../../../../avr/lib/avr6\libm.a(mulsf3x.o)
                                0x4e0 (size before relaxing)
 .stab          0x000023f4      0x1e0 c:/program files (x86)/atmel/atmel studio 6.0/extensions/atmel/avrgcc/3.4.0.65/avrtoolchain/bin/../lib/gcc/avr/4.6.2/../../../../avr/lib/avr6\libc.a(atol.o)
                                0x1ec (size before relaxing)
 .stab          0x000025d4       0x9c c:/program files (x86)/atmel/atmel studio 6.0/extensions/atmel/avrgcc/3.4.0.65/avrtoolchain/bin/../lib/gcc/avr/4.6.2/../../../../avr/lib/avr6\libc.a(isspace.o)
                                 0xa8 (size before relaxing)
 .stab          0x00002670       0x9c c:/program files (x86)/atmel/atmel studio 6.0/extensions/atmel/avrgcc/3.4.0.65/avrtoolchain/bin/../lib/gcc/avr/4.6.2/../../../../avr/lib/avr6\libc.a(tolower.o)
                                 0xa8 (size before relaxing)
 .stab          0x0000270c       0x9c c:/program files (x86)/atmel/atmel studio 6.0/extensions/atmel/avrgcc/3.4.0.65/avrtoolchain/bin/../lib/gcc/avr/4.6.2/../../../../avr/lib/avr6\libc.a(toupper.o)
                                 0xa8 (size before relaxing)
 .stab          0x000027a8       0xb4 c:/program files (x86)/atmel/atmel studio 6.0/extensions/atmel/avrgcc/3.4.0.65/avrtoolchain/bin/../lib/gcc/avr/4.6.2/../../../../avr/lib/avr6\libc.a(memcmp.o)
                                 0xc0 (size before relaxing)
 .stab          0x0000285c       0x84 c:/program files (x86)/atmel/atmel studio 6.0/extensions/atmel/avrgcc/3.4.0.65/avrtoolchain/bin/../lib/gcc/avr/4.6.2/../../../../avr/lib/avr6\libc.a(memcpy.o)
                                 0x90 (size before relaxing)
 .stab          0x000028e0       0xe4 c:/program files (x86)/atmel/atmel studio 6.0/extensions/atmel/avrgcc/3.4.0.65/avrtoolchain/bin/../lib/gcc/avr/4.6.2/../../../../avr/lib/avr6\libc.a(memmove.o)
                                 0xf0 (size before relaxing)
 .stab          0x000029c4       0x9c c:/program files (x86)/atmel/atmel studio 6.0/extensions/atmel/avrgcc/3.4.0.65/avrtoolchain/bin/../lib/gcc/avr/4.6.2/../../../../avr/lib/avr6\libc.a(strchr.o)
                                 0xa8 (size before relaxing)
 .stab          0x00002a60       0x84 c:/program files (x86)/atmel/atmel studio 6.0/extensions/atmel/avrgcc/3.4.0.65/avrtoolchain/bin/../lib/gcc/avr/4.6.2/../../../../avr/lib/avr6\libc.a(strcmp.o)
                                 0x90 (size before relaxing)
 .stab          0x00002ae4       0x6c c:/program files (x86)/atmel/atmel studio 6.0/extensions/atmel/avrgcc/3.4.0.65/avrtoolchain/bin/../lib/gcc/avr/4.6.2/../../../../avr/lib/avr6\libc.a(strcpy.o)
                                 0x78 (size before relaxing)
 .stab          0x00002b50       0xc0 c:/program files (x86)/atmel/atmel studio 6.0/extensions/atmel/avrgcc/3.4.0.65/avrtoolchain/bin/../lib/gcc/avr/4.6.2/../../../../avr/lib/avr6\libc.a(strncmp.o)
                                 0xcc (size before relaxing)
 .stab          0x00002c10       0xcc c:/program files (x86)/atmel/atmel studio 6.0/extensions/atmel/avrgcc/3.4.0.65/avrtoolchain/bin/../lib/gcc/avr/4.6.2/../../../../avr/lib/avr6\libc.a(strncpy.o)
                                 0xd8 (size before relaxing)
 .stab          0x00002cdc       0x9c c:/program files (x86)/atmel/atmel studio 6.0/extensions/atmel/avrgcc/3.4.0.65/avrtoolchain/bin/../lib/gcc/avr/4.6.2/../../../../avr/lib/avr6\libc.a(strrchr.o)
                                 0xa8 (size before relaxing)